  Determining projects to restore...
  All projects are up-to-date for restore.
  Domain -> D:\Techstdio\Arnob-MediPos\MediPos\Domain\bin\Debug\net10.0\Domain.dll
  Shared -> D:\Techstdio\Arnob-MediPos\MediPos\Shared\bin\Debug\net10.0\Shared.dll
  Repositories.Contracts -> D:\Techstdio\Arnob-MediPos\MediPos\Repositories.Contracts\bin\Debug\net10.0\Repositories.Contracts.dll
  Services.Contracts -> D:\Techstdio\Arnob-MediPos\MediPos\Services.Contracts\bin\Debug\net10.0\Services.Contracts.dll
  Presentation.API -> D:\Techstdio\Arnob-MediPos\MediPos\Presentation.API\bin\Debug\net10.0\Presentation.API.dll
  Repositories.Concretes -> D:\Techstdio\Arnob-MediPos\MediPos\Repositories.Concretes\bin\Debug\net10.0\Repositories.Concretes.dll
  Services.Concretes -> D:\Techstdio\Arnob-MediPos\MediPos\Services.Concretes\bin\Debug\net10.0\Services.Concretes.dll
C:\Program Files\dotnet\sdk\10.0.102\Microsoft.Common.CurrentVersion.targets(5080,5): warning MSB3026: Could not copy "D:\Techstdio\Arnob-MediPos\MediPos\Repositories.Contracts\bin\Debug\net10.0\Repositories.Contracts.dll" to "bin\Debug\net10.0\Repositories.Contracts.dll". Beginning retry 1 in 1000ms. The process cannot access the file 'D:\Techstdio\Arnob-MediPos\MediPos\Application\bin\Debug\net10.0\Repositories.Contracts.dll' because it is being used by another process. The file is locked by: "Application (36744)" [D:\Techstdio\Arnob-MediPos\MediPos\Application\Application.csproj]
C:\Program Files\dotnet\sdk\10.0.102\Microsoft.Common.CurrentVersion.targets(5080,5): warning MSB3026: Could not copy "D:\Techstdio\Arnob-MediPos\MediPos\Services.Contracts\bin\Debug\net10.0\Services.Contracts.dll" to "bin\Debug\net10.0\Services.Contracts.dll". Beginning retry 1 in 1000ms. The process cannot access the file 'D:\Techstdio\Arnob-MediPos\MediPos\Application\bin\Debug\net10.0\Services.Contracts.dll' because it is being used by another process. The file is locked by: "Application (36744)" [D:\Techstdio\Arnob-MediPos\MediPos\Application\Application.csproj]
C:\Program Files\dotnet\sdk\10.0.102\Microsoft.Common.CurrentVersion.targets(5080,5): warning MSB3026: Could not copy "D:\Techstdio\Arnob-MediPos\MediPos\Repositories.Concretes\bin\Debug\net10.0\Repositories.Concretes.dll" to "bin\Debug\net10.0\Repositories.Concretes.dll". Beginning retry 1 in 1000ms. The process cannot access the file 'D:\Techstdio\Arnob-MediPos\MediPos\Application\bin\Debug\net10.0\Repositories.Concretes.dll' because it is being used by another process. The file is locked by: "Microsoft Visual Studio (14424), Application (36744)" [D:\Techstdio\Arnob-MediPos\MediPos\Application\Application.csproj]
C:\Program Files\dotnet\sdk\10.0.102\Microsoft.Common.CurrentVersion.targets(5080,5): warning MSB3026: Could not copy "D:\Techstdio\Arnob-MediPos\MediPos\Services.Concretes\bin\Debug\net10.0\Services.Concretes.dll" to "bin\Debug\net10.0\Services.Concretes.dll". Beginning retry 1 in 1000ms. The process cannot access the file 'D:\Techstdio\Arnob-MediPos\MediPos\Application\bin\Debug\net10.0\Services.Concretes.dll' because it is being used by another process. The file is locked by: "Microsoft Visual Studio (14424), Application (36744)" [D:\Techstdio\Arnob-MediPos\MediPos\Application\Application.csproj]
C:\Program Files\dotnet\sdk\10.0.102\Microsoft.Common.CurrentVersion.targets(5080,5): warning MSB3026: Could not copy "D:\Techstdio\Arnob-MediPos\MediPos\Presentation.API\bin\Debug\net10.0\Presentation.API.dll" to "bin\Debug\net10.0\Presentation.API.dll". Beginning retry 1 in 1000ms. The process cannot access the file 'D:\Techstdio\Arnob-MediPos\MediPos\Application\bin\Debug\net10.0\Presentation.API.dll' because it is being used by another process. The file is locked by: "Microsoft Visual Studio (14424), Application (36744)" [D:\Techstdio\Arnob-MediPos\MediPos\Application\Application.csproj]
C:\Program Files\dotnet\sdk\10.0.102\Microsoft.Common.CurrentVersion.targets(5080,5): warning MSB3026: Could not copy "D:\Techstdio\Arnob-MediPos\MediPos\Domain\bin\Debug\net10.0\Domain.dll" to "bin\Debug\net10.0\Domain.dll". Beginning retry 1 in 1000ms. The process cannot access the file 'D:\Techstdio\Arnob-MediPos\MediPos\Application\bin\Debug\net10.0\Domain.dll' because it is being used by another process. The file is locked by: "Microsoft Visual Studio (14424), Application (36744)" [D:\Techstdio\Arnob-MediPos\MediPos\Application\Application.csproj]
C:\Program Files\dotnet\sdk\10.0.102\Microsoft.Common.CurrentVersion.targets(5080,5): warning MSB3026: Could not copy "D:\Techstdio\Arnob-MediPos\MediPos\Services.Contracts\bin\Debug\net10.0\Services.Contracts.dll" to "bin\Debug\net10.0\Services.Contracts.dll". Beginning retry 2 in 1000ms. The process cannot access the file 'D:\Techstdio\Arnob-MediPos\MediPos\Application\bin\Debug\net10.0\Services.Contracts.dll' because it is being used by another process. The file is locked by: "Application (36744)" [D:\Techstdio\Arnob-MediPos\MediPos\Application\Application.csproj]
C:\Program Files\dotnet\sdk\10.0.102\Microsoft.Common.CurrentVersion.targets(5080,5): warning MSB3026: Could not copy "D:\Techstdio\Arnob-MediPos\MediPos\Repositories.Contracts\bin\Debug\net10.0\Repositories.Contracts.dll" to "bin\Debug\net10.0\Repositories.Contracts.dll". Beginning retry 2 in 1000ms. The process cannot access the file 'D:\Techstdio\Arnob-MediPos\MediPos\Application\bin\Debug\net10.0\Repositories.Contracts.dll' because it is being used by another process. The file is locked by: "Application (36744)" [D:\Techstdio\Arnob-MediPos\MediPos\Application\Application.csproj]
C:\Program Files\dotnet\sdk\10.0.102\Microsoft.Common.CurrentVersion.targets(5080,5): warning MSB3026: Could not copy "D:\Techstdio\Arnob-MediPos\MediPos\Presentation.API\bin\Debug\net10.0\Presentation.API.dll" to "bin\Debug\net10.0\Presentation.API.dll". Beginning retry 2 in 1000ms. The process cannot access the file 'D:\Techstdio\Arnob-MediPos\MediPos\Application\bin\Debug\net10.0\Presentation.API.dll' because it is being used by another process. The file is locked by: "Microsoft Visual Studio (14424), Application (36744)" [D:\Techstdio\Arnob-MediPos\MediPos\Application\Application.csproj]
C:\Program Files\dotnet\sdk\10.0.102\Microsoft.Common.CurrentVersion.targets(5080,5): warning MSB3026: Could not copy "D:\Techstdio\Arnob-MediPos\MediPos\Domain\bin\Debug\net10.0\Domain.dll" to "bin\Debug\net10.0\Domain.dll". Beginning retry 2 in 1000ms. The process cannot access the file 'D:\Techstdio\Arnob-MediPos\MediPos\Application\bin\Debug\net10.0\Domain.dll' because it is being used by another process. The file is locked by: "Microsoft Visual Studio (14424), Application (36744)" [D:\Techstdio\Arnob-MediPos\MediPos\Application\Application.csproj]
C:\Program Files\dotnet\sdk\10.0.102\Microsoft.Common.CurrentVersion.targets(5080,5): warning MSB3026: Could not copy "D:\Techstdio\Arnob-MediPos\MediPos\Services.Concretes\bin\Debug\net10.0\Services.Concretes.dll" to "bin\Debug\net10.0\Services.Concretes.dll". Beginning retry 2 in 1000ms. The process cannot access the file 'D:\Techstdio\Arnob-MediPos\MediPos\Application\bin\Debug\net10.0\Services.Concretes.dll' because it is being used by another process. The file is locked by: "Microsoft Visual Studio (14424), Application (36744)" [D:\Techstdio\Arnob-MediPos\MediPos\Application\Application.csproj]
C:\Program Files\dotnet\sdk\10.0.102\Microsoft.Common.CurrentVersion.targets(5080,5): warning MSB3026: Could not copy "D:\Techstdio\Arnob-MediPos\MediPos\Repositories.Concretes\bin\Debug\net10.0\Repositories.Concretes.dll" to "bin\Debug\net10.0\Repositories.Concretes.dll". Beginning retry 2 in 1000ms. The process cannot access the file 'D:\Techstdio\Arnob-MediPos\MediPos\Application\bin\Debug\net10.0\Repositories.Concretes.dll' because it is being used by another process. The file is locked by: "Microsoft Visual Studio (14424), Application (36744)" [D:\Techstdio\Arnob-MediPos\MediPos\Application\Application.csproj]
C:\Program Files\dotnet\sdk\10.0.102\Microsoft.Common.CurrentVersion.targets(5080,5): warning MSB3026: Could not copy "D:\Techstdio\Arnob-MediPos\MediPos\Repositories.Contracts\bin\Debug\net10.0\Repositories.Contracts.dll" to "bin\Debug\net10.0\Repositories.Contracts.dll". Beginning retry 3 in 1000ms. The process cannot access the file 'D:\Techstdio\Arnob-MediPos\MediPos\Application\bin\Debug\net10.0\Repositories.Contracts.dll' because it is being used by another process. The file is locked by: "Application (36744)" [D:\Techstdio\Arnob-MediPos\MediPos\Application\Application.csproj]
C:\Program Files\dotnet\sdk\10.0.102\Microsoft.Common.CurrentVersion.targets(5080,5): warning MSB3026: Could not copy "D:\Techstdio\Arnob-MediPos\MediPos\Services.Contracts\bin\Debug\net10.0\Services.Contracts.dll" to "bin\Debug\net10.0\Services.Contracts.dll". Beginning retry 3 in 1000ms. The process cannot access the file 'D:\Techstdio\Arnob-MediPos\MediPos\Application\bin\Debug\net10.0\Services.Contracts.dll' because it is being used by another process. The file is locked by: "Application (36744)" [D:\Techstdio\Arnob-MediPos\MediPos\Application\Application.csproj]
C:\Program Files\dotnet\sdk\10.0.102\Microsoft.Common.CurrentVersion.targets(5080,5): warning MSB3026: Could not copy "D:\Techstdio\Arnob-MediPos\MediPos\Services.Concretes\bin\Debug\net10.0\Services.Concretes.dll" to "bin\Debug\net10.0\Services.Concretes.dll". Beginning retry 3 in 1000ms. The process cannot access the file 'D:\Techstdio\Arnob-MediPos\MediPos\Application\bin\Debug\net10.0\Services.Concretes.dll' because it is being used by another process. The file is locked by: "Microsoft Visual Studio (14424), Application (36744)" [D:\Techstdio\Arnob-MediPos\MediPos\Application\Application.csproj]
C:\Program Files\dotnet\sdk\10.0.102\Microsoft.Common.CurrentVersion.targets(5080,5): warning MSB3026: Could not copy "D:\Techstdio\Arnob-MediPos\MediPos\Domain\bin\Debug\net10.0\Domain.dll" to "bin\Debug\net10.0\Domain.dll". Beginning retry 3 in 1000ms. The process cannot access the file 'D:\Techstdio\Arnob-MediPos\MediPos\Application\bin\Debug\net10.0\Domain.dll' because it is being used by another process. The file is locked by: "Microsoft Visual Studio (14424), Application (36744)" [D:\Techstdio\Arnob-MediPos\MediPos\Application\Application.csproj]
C:\Program Files\dotnet\sdk\10.0.102\Microsoft.Common.CurrentVersion.targets(5080,5): warning MSB3026: Could not copy "D:\Techstdio\Arnob-MediPos\MediPos\Presentation.API\bin\Debug\net10.0\Presentation.API.dll" to "bin\Debug\net10.0\Presentation.API.dll". Beginning retry 3 in 1000ms. The process cannot access the file 'D:\Techstdio\Arnob-MediPos\MediPos\Application\bin\Debug\net10.0\Presentation.API.dll' because it is being used by another process. The file is locked by: "Microsoft Visual Studio (14424), Application (36744)" [D:\Techstdio\Arnob-MediPos\MediPos\Application\Application.csproj]
C:\Program Files\dotnet\sdk\10.0.102\Microsoft.Common.CurrentVersion.targets(5080,5): warning MSB3026: Could not copy "D:\Techstdio\Arnob-MediPos\MediPos\Repositories.Concretes\bin\Debug\net10.0\Repositories.Concretes.dll" to "bin\Debug\net10.0\Repositories.Concretes.dll". Beginning retry 3 in 1000ms. The process cannot access the file 'D:\Techstdio\Arnob-MediPos\MediPos\Application\bin\Debug\net10.0\Repositories.Concretes.dll' because it is being used by another process. The file is locked by: "Microsoft Visual Studio (14424), Application (36744)" [D:\Techstdio\Arnob-MediPos\MediPos\Application\Application.csproj]
C:\Program Files\dotnet\sdk\10.0.102\Microsoft.Common.CurrentVersion.targets(5080,5): warning MSB3026: Could not copy "D:\Techstdio\Arnob-MediPos\MediPos\Repositories.Contracts\bin\Debug\net10.0\Repositories.Contracts.dll" to "bin\Debug\net10.0\Repositories.Contracts.dll". Beginning retry 4 in 1000ms. The process cannot access the file 'D:\Techstdio\Arnob-MediPos\MediPos\Application\bin\Debug\net10.0\Repositories.Contracts.dll' because it is being used by another process. The file is locked by: "Application (36744)" [D:\Techstdio\Arnob-MediPos\MediPos\Application\Application.csproj]
C:\Program Files\dotnet\sdk\10.0.102\Microsoft.Common.CurrentVersion.targets(5080,5): warning MSB3026: Could not copy "D:\Techstdio\Arnob-MediPos\MediPos\Services.Contracts\bin\Debug\net10.0\Services.Contracts.dll" to "bin\Debug\net10.0\Services.Contracts.dll". Beginning retry 4 in 1000ms. The process cannot access the file 'D:\Techstdio\Arnob-MediPos\MediPos\Application\bin\Debug\net10.0\Services.Contracts.dll' because it is being used by another process. The file is locked by: "Application (36744)" [D:\Techstdio\Arnob-MediPos\MediPos\Application\Application.csproj]
C:\Program Files\dotnet\sdk\10.0.102\Microsoft.Common.CurrentVersion.targets(5080,5): warning MSB3026: Could not copy "D:\Techstdio\Arnob-MediPos\MediPos\Services.Concretes\bin\Debug\net10.0\Services.Concretes.dll" to "bin\Debug\net10.0\Services.Concretes.dll". Beginning retry 4 in 1000ms. The process cannot access the file 'D:\Techstdio\Arnob-MediPos\MediPos\Application\bin\Debug\net10.0\Services.Concretes.dll' because it is being used by another process. The file is locked by: "Microsoft Visual Studio (14424), Application (36744)" [D:\Techstdio\Arnob-MediPos\MediPos\Application\Application.csproj]
C:\Program Files\dotnet\sdk\10.0.102\Microsoft.Common.CurrentVersion.targets(5080,5): warning MSB3026: Could not copy "D:\Techstdio\Arnob-MediPos\MediPos\Domain\bin\Debug\net10.0\Domain.dll" to "bin\Debug\net10.0\Domain.dll". Beginning retry 4 in 1000ms. The process cannot access the file 'D:\Techstdio\Arnob-MediPos\MediPos\Application\bin\Debug\net10.0\Domain.dll' because it is being used by another process. The file is locked by: "Microsoft Visual Studio (14424), Application (36744)" [D:\Techstdio\Arnob-MediPos\MediPos\Application\Application.csproj]
C:\Program Files\dotnet\sdk\10.0.102\Microsoft.Common.CurrentVersion.targets(5080,5): warning MSB3026: Could not copy "D:\Techstdio\Arnob-MediPos\MediPos\Repositories.Concretes\bin\Debug\net10.0\Repositories.Concretes.dll" to "bin\Debug\net10.0\Repositories.Concretes.dll". Beginning retry 4 in 1000ms. The process cannot access the file 'D:\Techstdio\Arnob-MediPos\MediPos\Application\bin\Debug\net10.0\Repositories.Concretes.dll' because it is being used by another process. The file is locked by: "Microsoft Visual Studio (14424), Application (36744)" [D:\Techstdio\Arnob-MediPos\MediPos\Application\Application.csproj]
C:\Program Files\dotnet\sdk\10.0.102\Microsoft.Common.CurrentVersion.targets(5080,5): warning MSB3026: Could not copy "D:\Techstdio\Arnob-MediPos\MediPos\Presentation.API\bin\Debug\net10.0\Presentation.API.dll" to "bin\Debug\net10.0\Presentation.API.dll". Beginning retry 4 in 1000ms. The process cannot access the file 'D:\Techstdio\Arnob-MediPos\MediPos\Application\bin\Debug\net10.0\Presentation.API.dll' because it is being used by another process. The file is locked by: "Microsoft Visual Studio (14424), Application (36744)" [D:\Techstdio\Arnob-MediPos\MediPos\Application\Application.csproj]
C:\Program Files\dotnet\sdk\10.0.102\Microsoft.Common.CurrentVersion.targets(5080,5): warning MSB3026: Could not copy "D:\Techstdio\Arnob-MediPos\MediPos\Services.Contracts\bin\Debug\net10.0\Services.Contracts.dll" to "bin\Debug\net10.0\Services.Contracts.dll". Beginning retry 5 in 1000ms. The process cannot access the file 'D:\Techstdio\Arnob-MediPos\MediPos\Application\bin\Debug\net10.0\Services.Contracts.dll' because it is being used by another process. The file is locked by: "Application (36744)" [D:\Techstdio\Arnob-MediPos\MediPos\Application\Application.csproj]
C:\Program Files\dotnet\sdk\10.0.102\Microsoft.Common.CurrentVersion.targets(5080,5): warning MSB3026: Could not copy "D:\Techstdio\Arnob-MediPos\MediPos\Repositories.Contracts\bin\Debug\net10.0\Repositories.Contracts.dll" to "bin\Debug\net10.0\Repositories.Contracts.dll". Beginning retry 5 in 1000ms. The process cannot access the file 'D:\Techstdio\Arnob-MediPos\MediPos\Application\bin\Debug\net10.0\Repositories.Contracts.dll' because it is being used by another process. The file is locked by: "Application (36744)" [D:\Techstdio\Arnob-MediPos\MediPos\Application\Application.csproj]
C:\Program Files\dotnet\sdk\10.0.102\Microsoft.Common.CurrentVersion.targets(5080,5): warning MSB3026: Could not copy "D:\Techstdio\Arnob-MediPos\MediPos\Domain\bin\Debug\net10.0\Domain.dll" to "bin\Debug\net10.0\Domain.dll". Beginning retry 5 in 1000ms. The process cannot access the file 'D:\Techstdio\Arnob-MediPos\MediPos\Application\bin\Debug\net10.0\Domain.dll' because it is being used by another process. The file is locked by: "Microsoft Visual Studio (14424), Application (36744)" [D:\Techstdio\Arnob-MediPos\MediPos\Application\Application.csproj]
C:\Program Files\dotnet\sdk\10.0.102\Microsoft.Common.CurrentVersion.targets(5080,5): warning MSB3026: Could not copy "D:\Techstdio\Arnob-MediPos\MediPos\Services.Concretes\bin\Debug\net10.0\Services.Concretes.dll" to "bin\Debug\net10.0\Services.Concretes.dll". Beginning retry 5 in 1000ms. The process cannot access the file 'D:\Techstdio\Arnob-MediPos\MediPos\Application\bin\Debug\net10.0\Services.Concretes.dll' because it is being used by another process. The file is locked by: "Microsoft Visual Studio (14424), Application (36744)" [D:\Techstdio\Arnob-MediPos\MediPos\Application\Application.csproj]
C:\Program Files\dotnet\sdk\10.0.102\Microsoft.Common.CurrentVersion.targets(5080,5): warning MSB3026: Could not copy "D:\Techstdio\Arnob-MediPos\MediPos\Presentation.API\bin\Debug\net10.0\Presentation.API.dll" to "bin\Debug\net10.0\Presentation.API.dll". Beginning retry 5 in 1000ms. The process cannot access the file 'D:\Techstdio\Arnob-MediPos\MediPos\Application\bin\Debug\net10.0\Presentation.API.dll' because it is being used by another process. The file is locked by: "Microsoft Visual Studio (14424), Application (36744)" [D:\Techstdio\Arnob-MediPos\MediPos\Application\Application.csproj]
C:\Program Files\dotnet\sdk\10.0.102\Microsoft.Common.CurrentVersion.targets(5080,5): warning MSB3026: Could not copy "D:\Techstdio\Arnob-MediPos\MediPos\Repositories.Concretes\bin\Debug\net10.0\Repositories.Concretes.dll" to "bin\Debug\net10.0\Repositories.Concretes.dll". Beginning retry 5 in 1000ms. The process cannot access the file 'D:\Techstdio\Arnob-MediPos\MediPos\Application\bin\Debug\net10.0\Repositories.Concretes.dll' because it is being used by another process. The file is locked by: "Microsoft Visual Studio (14424), Application (36744)" [D:\Techstdio\Arnob-MediPos\MediPos\Application\Application.csproj]
C:\Program Files\dotnet\sdk\10.0.102\Microsoft.Common.CurrentVersion.targets(5080,5): warning MSB3026: Could not copy "D:\Techstdio\Arnob-MediPos\MediPos\Repositories.Contracts\bin\Debug\net10.0\Repositories.Contracts.dll" to "bin\Debug\net10.0\Repositories.Contracts.dll". Beginning retry 6 in 1000ms. The process cannot access the file 'D:\Techstdio\Arnob-MediPos\MediPos\Application\bin\Debug\net10.0\Repositories.Contracts.dll' because it is being used by another process. The file is locked by: "Application (36744)" [D:\Techstdio\Arnob-MediPos\MediPos\Application\Application.csproj]
C:\Program Files\dotnet\sdk\10.0.102\Microsoft.Common.CurrentVersion.targets(5080,5): warning MSB3026: Could not copy "D:\Techstdio\Arnob-MediPos\MediPos\Services.Contracts\bin\Debug\net10.0\Services.Contracts.dll" to "bin\Debug\net10.0\Services.Contracts.dll". Beginning retry 6 in 1000ms. The process cannot access the file 'D:\Techstdio\Arnob-MediPos\MediPos\Application\bin\Debug\net10.0\Services.Contracts.dll' because it is being used by another process. The file is locked by: "Application (36744)" [D:\Techstdio\Arnob-MediPos\MediPos\Application\Application.csproj]
C:\Program Files\dotnet\sdk\10.0.102\Microsoft.Common.CurrentVersion.targets(5080,5): warning MSB3026: Could not copy "D:\Techstdio\Arnob-MediPos\MediPos\Repositories.Concretes\bin\Debug\net10.0\Repositories.Concretes.dll" to "bin\Debug\net10.0\Repositories.Concretes.dll". Beginning retry 6 in 1000ms. The process cannot access the file 'D:\Techstdio\Arnob-MediPos\MediPos\Application\bin\Debug\net10.0\Repositories.Concretes.dll' because it is being used by another process. The file is locked by: "Microsoft Visual Studio (14424), Application (36744)" [D:\Techstdio\Arnob-MediPos\MediPos\Application\Application.csproj]
C:\Program Files\dotnet\sdk\10.0.102\Microsoft.Common.CurrentVersion.targets(5080,5): warning MSB3026: Could not copy "D:\Techstdio\Arnob-MediPos\MediPos\Domain\bin\Debug\net10.0\Domain.dll" to "bin\Debug\net10.0\Domain.dll". Beginning retry 6 in 1000ms. The process cannot access the file 'D:\Techstdio\Arnob-MediPos\MediPos\Application\bin\Debug\net10.0\Domain.dll' because it is being used by another process. The file is locked by: "Microsoft Visual Studio (14424), Application (36744)" [D:\Techstdio\Arnob-MediPos\MediPos\Application\Application.csproj]
C:\Program Files\dotnet\sdk\10.0.102\Microsoft.Common.CurrentVersion.targets(5080,5): warning MSB3026: Could not copy "D:\Techstdio\Arnob-MediPos\MediPos\Presentation.API\bin\Debug\net10.0\Presentation.API.dll" to "bin\Debug\net10.0\Presentation.API.dll". Beginning retry 6 in 1000ms. The process cannot access the file 'D:\Techstdio\Arnob-MediPos\MediPos\Application\bin\Debug\net10.0\Presentation.API.dll' because it is being used by another process. The file is locked by: "Microsoft Visual Studio (14424), Application (36744)" [D:\Techstdio\Arnob-MediPos\MediPos\Application\Application.csproj]
C:\Program Files\dotnet\sdk\10.0.102\Microsoft.Common.CurrentVersion.targets(5080,5): warning MSB3026: Could not copy "D:\Techstdio\Arnob-MediPos\MediPos\Services.Concretes\bin\Debug\net10.0\Services.Concretes.dll" to "bin\Debug\net10.0\Services.Concretes.dll". Beginning retry 6 in 1000ms. The process cannot access the file 'D:\Techstdio\Arnob-MediPos\MediPos\Application\bin\Debug\net10.0\Services.Concretes.dll' because it is being used by another process. The file is locked by: "Microsoft Visual Studio (14424), Application (36744)" [D:\Techstdio\Arnob-MediPos\MediPos\Application\Application.csproj]
C:\Program Files\dotnet\sdk\10.0.102\Microsoft.Common.CurrentVersion.targets(5080,5): warning MSB3026: Could not copy "D:\Techstdio\Arnob-MediPos\MediPos\Repositories.Contracts\bin\Debug\net10.0\Repositories.Contracts.dll" to "bin\Debug\net10.0\Repositories.Contracts.dll". Beginning retry 7 in 1000ms. The process cannot access the file 'D:\Techstdio\Arnob-MediPos\MediPos\Application\bin\Debug\net10.0\Repositories.Contracts.dll' because it is being used by another process. The file is locked by: "Application (36744)" [D:\Techstdio\Arnob-MediPos\MediPos\Application\Application.csproj]
C:\Program Files\dotnet\sdk\10.0.102\Microsoft.Common.CurrentVersion.targets(5080,5): warning MSB3026: Could not copy "D:\Techstdio\Arnob-MediPos\MediPos\Services.Contracts\bin\Debug\net10.0\Services.Contracts.dll" to "bin\Debug\net10.0\Services.Contracts.dll". Beginning retry 7 in 1000ms. The process cannot access the file 'D:\Techstdio\Arnob-MediPos\MediPos\Application\bin\Debug\net10.0\Services.Contracts.dll' because it is being used by another process. The file is locked by: "Application (36744)" [D:\Techstdio\Arnob-MediPos\MediPos\Application\Application.csproj]
C:\Program Files\dotnet\sdk\10.0.102\Microsoft.Common.CurrentVersion.targets(5080,5): warning MSB3026: Could not copy "D:\Techstdio\Arnob-MediPos\MediPos\Presentation.API\bin\Debug\net10.0\Presentation.API.dll" to "bin\Debug\net10.0\Presentation.API.dll". Beginning retry 7 in 1000ms. The process cannot access the file 'D:\Techstdio\Arnob-MediPos\MediPos\Application\bin\Debug\net10.0\Presentation.API.dll' because it is being used by another process. The file is locked by: "Microsoft Visual Studio (14424), Application (36744)" [D:\Techstdio\Arnob-MediPos\MediPos\Application\Application.csproj]
C:\Program Files\dotnet\sdk\10.0.102\Microsoft.Common.CurrentVersion.targets(5080,5): warning MSB3026: Could not copy "D:\Techstdio\Arnob-MediPos\MediPos\Domain\bin\Debug\net10.0\Domain.dll" to "bin\Debug\net10.0\Domain.dll". Beginning retry 7 in 1000ms. The process cannot access the file 'D:\Techstdio\Arnob-MediPos\MediPos\Application\bin\Debug\net10.0\Domain.dll' because it is being used by another process. The file is locked by: "Microsoft Visual Studio (14424), Application (36744)" [D:\Techstdio\Arnob-MediPos\MediPos\Application\Application.csproj]
C:\Program Files\dotnet\sdk\10.0.102\Microsoft.Common.CurrentVersion.targets(5080,5): warning MSB3026: Could not copy "D:\Techstdio\Arnob-MediPos\MediPos\Repositories.Concretes\bin\Debug\net10.0\Repositories.Concretes.dll" to "bin\Debug\net10.0\Repositories.Concretes.dll". Beginning retry 7 in 1000ms. The process cannot access the file 'D:\Techstdio\Arnob-MediPos\MediPos\Application\bin\Debug\net10.0\Repositories.Concretes.dll' because it is being used by another process. The file is locked by: "Microsoft Visual Studio (14424), Application (36744)" [D:\Techstdio\Arnob-MediPos\MediPos\Application\Application.csproj]
C:\Program Files\dotnet\sdk\10.0.102\Microsoft.Common.CurrentVersion.targets(5080,5): warning MSB3026: Could not copy "D:\Techstdio\Arnob-MediPos\MediPos\Services.Concretes\bin\Debug\net10.0\Services.Concretes.dll" to "bin\Debug\net10.0\Services.Concretes.dll". Beginning retry 7 in 1000ms. The process cannot access the file 'D:\Techstdio\Arnob-MediPos\MediPos\Application\bin\Debug\net10.0\Services.Concretes.dll' because it is being used by another process. The file is locked by: "Microsoft Visual Studio (14424), Application (36744)" [D:\Techstdio\Arnob-MediPos\MediPos\Application\Application.csproj]
C:\Program Files\dotnet\sdk\10.0.102\Microsoft.Common.CurrentVersion.targets(5080,5): warning MSB3026: Could not copy "D:\Techstdio\Arnob-MediPos\MediPos\Services.Contracts\bin\Debug\net10.0\Services.Contracts.dll" to "bin\Debug\net10.0\Services.Contracts.dll". Beginning retry 8 in 1000ms. The process cannot access the file 'D:\Techstdio\Arnob-MediPos\MediPos\Application\bin\Debug\net10.0\Services.Contracts.dll' because it is being used by another process. The file is locked by: "Application (36744)" [D:\Techstdio\Arnob-MediPos\MediPos\Application\Application.csproj]
C:\Program Files\dotnet\sdk\10.0.102\Microsoft.Common.CurrentVersion.targets(5080,5): warning MSB3026: Could not copy "D:\Techstdio\Arnob-MediPos\MediPos\Repositories.Contracts\bin\Debug\net10.0\Repositories.Contracts.dll" to "bin\Debug\net10.0\Repositories.Contracts.dll". Beginning retry 8 in 1000ms. The process cannot access the file 'D:\Techstdio\Arnob-MediPos\MediPos\Application\bin\Debug\net10.0\Repositories.Contracts.dll' because it is being used by another process. The file is locked by: "Application (36744)" [D:\Techstdio\Arnob-MediPos\MediPos\Application\Application.csproj]
C:\Program Files\dotnet\sdk\10.0.102\Microsoft.Common.CurrentVersion.targets(5080,5): warning MSB3026: Could not copy "D:\Techstdio\Arnob-MediPos\MediPos\Repositories.Concretes\bin\Debug\net10.0\Repositories.Concretes.dll" to "bin\Debug\net10.0\Repositories.Concretes.dll". Beginning retry 8 in 1000ms. The process cannot access the file 'D:\Techstdio\Arnob-MediPos\MediPos\Application\bin\Debug\net10.0\Repositories.Concretes.dll' because it is being used by another process. The file is locked by: "Microsoft Visual Studio (14424), Application (36744)" [D:\Techstdio\Arnob-MediPos\MediPos\Application\Application.csproj]
C:\Program Files\dotnet\sdk\10.0.102\Microsoft.Common.CurrentVersion.targets(5080,5): warning MSB3026: Could not copy "D:\Techstdio\Arnob-MediPos\MediPos\Domain\bin\Debug\net10.0\Domain.dll" to "bin\Debug\net10.0\Domain.dll". Beginning retry 8 in 1000ms. The process cannot access the file 'D:\Techstdio\Arnob-MediPos\MediPos\Application\bin\Debug\net10.0\Domain.dll' because it is being used by another process. The file is locked by: "Microsoft Visual Studio (14424), Application (36744)" [D:\Techstdio\Arnob-MediPos\MediPos\Application\Application.csproj]
C:\Program Files\dotnet\sdk\10.0.102\Microsoft.Common.CurrentVersion.targets(5080,5): warning MSB3026: Could not copy "D:\Techstdio\Arnob-MediPos\MediPos\Presentation.API\bin\Debug\net10.0\Presentation.API.dll" to "bin\Debug\net10.0\Presentation.API.dll". Beginning retry 8 in 1000ms. The process cannot access the file 'D:\Techstdio\Arnob-MediPos\MediPos\Application\bin\Debug\net10.0\Presentation.API.dll' because it is being used by another process. The file is locked by: "Microsoft Visual Studio (14424), Application (36744)" [D:\Techstdio\Arnob-MediPos\MediPos\Application\Application.csproj]
C:\Program Files\dotnet\sdk\10.0.102\Microsoft.Common.CurrentVersion.targets(5080,5): warning MSB3026: Could not copy "D:\Techstdio\Arnob-MediPos\MediPos\Services.Concretes\bin\Debug\net10.0\Services.Concretes.dll" to "bin\Debug\net10.0\Services.Concretes.dll". Beginning retry 8 in 1000ms. The process cannot access the file 'D:\Techstdio\Arnob-MediPos\MediPos\Application\bin\Debug\net10.0\Services.Concretes.dll' because it is being used by another process. The file is locked by: "Microsoft Visual Studio (14424), Application (36744)" [D:\Techstdio\Arnob-MediPos\MediPos\Application\Application.csproj]
C:\Program Files\dotnet\sdk\10.0.102\Microsoft.Common.CurrentVersion.targets(5080,5): warning MSB3026: Could not copy "D:\Techstdio\Arnob-MediPos\MediPos\Repositories.Contracts\bin\Debug\net10.0\Repositories.Contracts.dll" to "bin\Debug\net10.0\Repositories.Contracts.dll". Beginning retry 9 in 1000ms. The process cannot access the file 'D:\Techstdio\Arnob-MediPos\MediPos\Application\bin\Debug\net10.0\Repositories.Contracts.dll' because it is being used by another process. The file is locked by: "Application (36744)" [D:\Techstdio\Arnob-MediPos\MediPos\Application\Application.csproj]
C:\Program Files\dotnet\sdk\10.0.102\Microsoft.Common.CurrentVersion.targets(5080,5): warning MSB3026: Could not copy "D:\Techstdio\Arnob-MediPos\MediPos\Services.Contracts\bin\Debug\net10.0\Services.Contracts.dll" to "bin\Debug\net10.0\Services.Contracts.dll". Beginning retry 9 in 1000ms. The process cannot access the file 'D:\Techstdio\Arnob-MediPos\MediPos\Application\bin\Debug\net10.0\Services.Contracts.dll' because it is being used by another process. The file is locked by: "Application (36744)" [D:\Techstdio\Arnob-MediPos\MediPos\Application\Application.csproj]
C:\Program Files\dotnet\sdk\10.0.102\Microsoft.Common.CurrentVersion.targets(5080,5): warning MSB3026: Could not copy "D:\Techstdio\Arnob-MediPos\MediPos\Repositories.Concretes\bin\Debug\net10.0\Repositories.Concretes.dll" to "bin\Debug\net10.0\Repositories.Concretes.dll". Beginning retry 9 in 1000ms. The process cannot access the file 'D:\Techstdio\Arnob-MediPos\MediPos\Application\bin\Debug\net10.0\Repositories.Concretes.dll' because it is being used by another process. The file is locked by: "Microsoft Visual Studio (14424), Application (36744)" [D:\Techstdio\Arnob-MediPos\MediPos\Application\Application.csproj]
C:\Program Files\dotnet\sdk\10.0.102\Microsoft.Common.CurrentVersion.targets(5080,5): warning MSB3026: Could not copy "D:\Techstdio\Arnob-MediPos\MediPos\Domain\bin\Debug\net10.0\Domain.dll" to "bin\Debug\net10.0\Domain.dll". Beginning retry 9 in 1000ms. The process cannot access the file 'D:\Techstdio\Arnob-MediPos\MediPos\Application\bin\Debug\net10.0\Domain.dll' because it is being used by another process. The file is locked by: "Microsoft Visual Studio (14424), Application (36744)" [D:\Techstdio\Arnob-MediPos\MediPos\Application\Application.csproj]
C:\Program Files\dotnet\sdk\10.0.102\Microsoft.Common.CurrentVersion.targets(5080,5): warning MSB3026: Could not copy "D:\Techstdio\Arnob-MediPos\MediPos\Presentation.API\bin\Debug\net10.0\Presentation.API.dll" to "bin\Debug\net10.0\Presentation.API.dll". Beginning retry 9 in 1000ms. The process cannot access the file 'D:\Techstdio\Arnob-MediPos\MediPos\Application\bin\Debug\net10.0\Presentation.API.dll' because it is being used by another process. The file is locked by: "Microsoft Visual Studio (14424), Application (36744)" [D:\Techstdio\Arnob-MediPos\MediPos\Application\Application.csproj]
C:\Program Files\dotnet\sdk\10.0.102\Microsoft.Common.CurrentVersion.targets(5080,5): warning MSB3026: Could not copy "D:\Techstdio\Arnob-MediPos\MediPos\Services.Concretes\bin\Debug\net10.0\Services.Concretes.dll" to "bin\Debug\net10.0\Services.Concretes.dll". Beginning retry 9 in 1000ms. The process cannot access the file 'D:\Techstdio\Arnob-MediPos\MediPos\Application\bin\Debug\net10.0\Services.Concretes.dll' because it is being used by another process. The file is locked by: "Microsoft Visual Studio (14424), Application (36744)" [D:\Techstdio\Arnob-MediPos\MediPos\Application\Application.csproj]
C:\Program Files\dotnet\sdk\10.0.102\Microsoft.Common.CurrentVersion.targets(5080,5): warning MSB3026: Could not copy "D:\Techstdio\Arnob-MediPos\MediPos\Repositories.Contracts\bin\Debug\net10.0\Repositories.Contracts.dll" to "bin\Debug\net10.0\Repositories.Contracts.dll". Beginning retry 10 in 1000ms. The process cannot access the file 'D:\Techstdio\Arnob-MediPos\MediPos\Application\bin\Debug\net10.0\Repositories.Contracts.dll' because it is being used by another process. The file is locked by: "Application (36744)" [D:\Techstdio\Arnob-MediPos\MediPos\Application\Application.csproj]
C:\Program Files\dotnet\sdk\10.0.102\Microsoft.Common.CurrentVersion.targets(5080,5): warning MSB3026: Could not copy "D:\Techstdio\Arnob-MediPos\MediPos\Services.Contracts\bin\Debug\net10.0\Services.Contracts.dll" to "bin\Debug\net10.0\Services.Contracts.dll". Beginning retry 10 in 1000ms. The process cannot access the file 'D:\Techstdio\Arnob-MediPos\MediPos\Application\bin\Debug\net10.0\Services.Contracts.dll' because it is being used by another process. The file is locked by: "Application (36744)" [D:\Techstdio\Arnob-MediPos\MediPos\Application\Application.csproj]
C:\Program Files\dotnet\sdk\10.0.102\Microsoft.Common.CurrentVersion.targets(5080,5): warning MSB3026: Could not copy "D:\Techstdio\Arnob-MediPos\MediPos\Services.Concretes\bin\Debug\net10.0\Services.Concretes.dll" to "bin\Debug\net10.0\Services.Concretes.dll". Beginning retry 10 in 1000ms. The process cannot access the file 'D:\Techstdio\Arnob-MediPos\MediPos\Application\bin\Debug\net10.0\Services.Concretes.dll' because it is being used by another process. The file is locked by: "Microsoft Visual Studio (14424), Application (36744)" [D:\Techstdio\Arnob-MediPos\MediPos\Application\Application.csproj]
C:\Program Files\dotnet\sdk\10.0.102\Microsoft.Common.CurrentVersion.targets(5080,5): warning MSB3026: Could not copy "D:\Techstdio\Arnob-MediPos\MediPos\Presentation.API\bin\Debug\net10.0\Presentation.API.dll" to "bin\Debug\net10.0\Presentation.API.dll". Beginning retry 10 in 1000ms. The process cannot access the file 'D:\Techstdio\Arnob-MediPos\MediPos\Application\bin\Debug\net10.0\Presentation.API.dll' because it is being used by another process. The file is locked by: "Microsoft Visual Studio (14424), Application (36744)" [D:\Techstdio\Arnob-MediPos\MediPos\Application\Application.csproj]
C:\Program Files\dotnet\sdk\10.0.102\Microsoft.Common.CurrentVersion.targets(5080,5): warning MSB3026: Could not copy "D:\Techstdio\Arnob-MediPos\MediPos\Domain\bin\Debug\net10.0\Domain.dll" to "bin\Debug\net10.0\Domain.dll". Beginning retry 10 in 1000ms. The process cannot access the file 'D:\Techstdio\Arnob-MediPos\MediPos\Application\bin\Debug\net10.0\Domain.dll' because it is being used by another process. The file is locked by: "Microsoft Visual Studio (14424), Application (36744)" [D:\Techstdio\Arnob-MediPos\MediPos\Application\Application.csproj]
C:\Program Files\dotnet\sdk\10.0.102\Microsoft.Common.CurrentVersion.targets(5080,5): warning MSB3026: Could not copy "D:\Techstdio\Arnob-MediPos\MediPos\Repositories.Concretes\bin\Debug\net10.0\Repositories.Concretes.dll" to "bin\Debug\net10.0\Repositories.Concretes.dll". Beginning retry 10 in 1000ms. The process cannot access the file 'D:\Techstdio\Arnob-MediPos\MediPos\Application\bin\Debug\net10.0\Repositories.Concretes.dll' because it is being used by another process. The file is locked by: "Microsoft Visual Studio (14424), Application (36744)" [D:\Techstdio\Arnob-MediPos\MediPos\Application\Application.csproj]
C:\Program Files\dotnet\sdk\10.0.102\Microsoft.Common.CurrentVersion.targets(5080,5): error MSB3027: Could not copy "D:\Techstdio\Arnob-MediPos\MediPos\Repositories.Contracts\bin\Debug\net10.0\Repositories.Contracts.dll" to "bin\Debug\net10.0\Repositories.Contracts.dll". Exceeded retry count of 10. Failed. The file is locked by: "Application (36744)" [D:\Techstdio\Arnob-MediPos\MediPos\Application\Application.csproj]
C:\Program Files\dotnet\sdk\10.0.102\Microsoft.Common.CurrentVersion.targets(5080,5): error MSB3021: Unable to copy file "D:\Techstdio\Arnob-MediPos\MediPos\Repositories.Contracts\bin\Debug\net10.0\Repositories.Contracts.dll" to "bin\Debug\net10.0\Repositories.Contracts.dll". The process cannot access the file 'D:\Techstdio\Arnob-MediPos\MediPos\Application\bin\Debug\net10.0\Repositories.Contracts.dll' because it is being used by another process. [D:\Techstdio\Arnob-MediPos\MediPos\Application\Application.csproj]
C:\Program Files\dotnet\sdk\10.0.102\Microsoft.Common.CurrentVersion.targets(5080,5): error MSB3027: Could not copy "D:\Techstdio\Arnob-MediPos\MediPos\Services.Contracts\bin\Debug\net10.0\Services.Contracts.dll" to "bin\Debug\net10.0\Services.Contracts.dll". Exceeded retry count of 10. Failed. The file is locked by: "Application (36744)" [D:\Techstdio\Arnob-MediPos\MediPos\Application\Application.csproj]
C:\Program Files\dotnet\sdk\10.0.102\Microsoft.Common.CurrentVersion.targets(5080,5): error MSB3021: Unable to copy file "D:\Techstdio\Arnob-MediPos\MediPos\Services.Contracts\bin\Debug\net10.0\Services.Contracts.dll" to "bin\Debug\net10.0\Services.Contracts.dll". The process cannot access the file 'D:\Techstdio\Arnob-MediPos\MediPos\Application\bin\Debug\net10.0\Services.Contracts.dll' because it is being used by another process. [D:\Techstdio\Arnob-MediPos\MediPos\Application\Application.csproj]
C:\Program Files\dotnet\sdk\10.0.102\Microsoft.Common.CurrentVersion.targets(5080,5): warning MSB3026: Could not copy "D:\Techstdio\Arnob-MediPos\MediPos\Domain\bin\Debug\net10.0\Domain.pdb" to "bin\Debug\net10.0\Domain.pdb". Beginning retry 1 in 1000ms. The process cannot access the file 'D:\Techstdio\Arnob-MediPos\MediPos\Application\bin\Debug\net10.0\Domain.pdb' because it is being used by another process. The file is locked by: "Microsoft Visual Studio (14424)" [D:\Techstdio\Arnob-MediPos\MediPos\Application\Application.csproj]
C:\Program Files\dotnet\sdk\10.0.102\Microsoft.Common.CurrentVersion.targets(5080,5): warning MSB3026: Could not copy "D:\Techstdio\Arnob-MediPos\MediPos\Shared\bin\Debug\net10.0\Shared.dll" to "bin\Debug\net10.0\Shared.dll". Beginning retry 1 in 1000ms. The process cannot access the file 'D:\Techstdio\Arnob-MediPos\MediPos\Application\bin\Debug\net10.0\Shared.dll' because it is being used by another process. The file is locked by: "Microsoft Visual Studio (14424), Application (36744)" [D:\Techstdio\Arnob-MediPos\MediPos\Application\Application.csproj]
C:\Program Files\dotnet\sdk\10.0.102\Microsoft.Common.CurrentVersion.targets(5080,5): error MSB3027: Could not copy "D:\Techstdio\Arnob-MediPos\MediPos\Domain\bin\Debug\net10.0\Domain.dll" to "bin\Debug\net10.0\Domain.dll". Exceeded retry count of 10. Failed. The file is locked by: "Microsoft Visual Studio (14424), Application (36744)" [D:\Techstdio\Arnob-MediPos\MediPos\Application\Application.csproj]
C:\Program Files\dotnet\sdk\10.0.102\Microsoft.Common.CurrentVersion.targets(5080,5): error MSB3021: Unable to copy file "D:\Techstdio\Arnob-MediPos\MediPos\Domain\bin\Debug\net10.0\Domain.dll" to "bin\Debug\net10.0\Domain.dll". The process cannot access the file 'D:\Techstdio\Arnob-MediPos\MediPos\Application\bin\Debug\net10.0\Domain.dll' because it is being used by another process. [D:\Techstdio\Arnob-MediPos\MediPos\Application\Application.csproj]
C:\Program Files\dotnet\sdk\10.0.102\Microsoft.Common.CurrentVersion.targets(5080,5): error MSB3027: Could not copy "D:\Techstdio\Arnob-MediPos\MediPos\Repositories.Concretes\bin\Debug\net10.0\Repositories.Concretes.dll" to "bin\Debug\net10.0\Repositories.Concretes.dll". Exceeded retry count of 10. Failed. The file is locked by: "Microsoft Visual Studio (14424), Application (36744)" [D:\Techstdio\Arnob-MediPos\MediPos\Application\Application.csproj]
C:\Program Files\dotnet\sdk\10.0.102\Microsoft.Common.CurrentVersion.targets(5080,5): error MSB3021: Unable to copy file "D:\Techstdio\Arnob-MediPos\MediPos\Repositories.Concretes\bin\Debug\net10.0\Repositories.Concretes.dll" to "bin\Debug\net10.0\Repositories.Concretes.dll". The process cannot access the file 'D:\Techstdio\Arnob-MediPos\MediPos\Application\bin\Debug\net10.0\Repositories.Concretes.dll' because it is being used by another process. [D:\Techstdio\Arnob-MediPos\MediPos\Application\Application.csproj]
C:\Program Files\dotnet\sdk\10.0.102\Microsoft.Common.CurrentVersion.targets(5080,5): error MSB3027: Could not copy "D:\Techstdio\Arnob-MediPos\MediPos\Services.Concretes\bin\Debug\net10.0\Services.Concretes.dll" to "bin\Debug\net10.0\Services.Concretes.dll". Exceeded retry count of 10. Failed. The file is locked by: "Microsoft Visual Studio (14424), Application (36744)" [D:\Techstdio\Arnob-MediPos\MediPos\Application\Application.csproj]
C:\Program Files\dotnet\sdk\10.0.102\Microsoft.Common.CurrentVersion.targets(5080,5): error MSB3021: Unable to copy file "D:\Techstdio\Arnob-MediPos\MediPos\Services.Concretes\bin\Debug\net10.0\Services.Concretes.dll" to "bin\Debug\net10.0\Services.Concretes.dll". The process cannot access the file 'D:\Techstdio\Arnob-MediPos\MediPos\Application\bin\Debug\net10.0\Services.Concretes.dll' because it is being used by another process. [D:\Techstdio\Arnob-MediPos\MediPos\Application\Application.csproj]
C:\Program Files\dotnet\sdk\10.0.102\Microsoft.Common.CurrentVersion.targets(5080,5): error MSB3027: Could not copy "D:\Techstdio\Arnob-MediPos\MediPos\Presentation.API\bin\Debug\net10.0\Presentation.API.dll" to "bin\Debug\net10.0\Presentation.API.dll". Exceeded retry count of 10. Failed. The file is locked by: "Microsoft Visual Studio (14424), Application (36744)" [D:\Techstdio\Arnob-MediPos\MediPos\Application\Application.csproj]
C:\Program Files\dotnet\sdk\10.0.102\Microsoft.Common.CurrentVersion.targets(5080,5): error MSB3021: Unable to copy file "D:\Techstdio\Arnob-MediPos\MediPos\Presentation.API\bin\Debug\net10.0\Presentation.API.dll" to "bin\Debug\net10.0\Presentation.API.dll". The process cannot access the file 'D:\Techstdio\Arnob-MediPos\MediPos\Application\bin\Debug\net10.0\Presentation.API.dll' because it is being used by another process. [D:\Techstdio\Arnob-MediPos\MediPos\Application\Application.csproj]
C:\Program Files\dotnet\sdk\10.0.102\Microsoft.Common.CurrentVersion.targets(5080,5): warning MSB3026: Could not copy "D:\Techstdio\Arnob-MediPos\MediPos\Repositories.Concretes\bin\Debug\net10.0\Repositories.Concretes.pdb" to "bin\Debug\net10.0\Repositories.Concretes.pdb". Beginning retry 1 in 1000ms. The process cannot access the file 'D:\Techstdio\Arnob-MediPos\MediPos\Application\bin\Debug\net10.0\Repositories.Concretes.pdb' because it is being used by another process. The file is locked by: "Microsoft Visual Studio (14424)" [D:\Techstdio\Arnob-MediPos\MediPos\Application\Application.csproj]
C:\Program Files\dotnet\sdk\10.0.102\Microsoft.Common.CurrentVersion.targets(5080,5): warning MSB3026: Could not copy "D:\Techstdio\Arnob-MediPos\MediPos\Repositories.Contracts\bin\Debug\net10.0\Repositories.Contracts.pdb" to "bin\Debug\net10.0\Repositories.Contracts.pdb". Beginning retry 1 in 1000ms. The process cannot access the file 'D:\Techstdio\Arnob-MediPos\MediPos\Application\bin\Debug\net10.0\Repositories.Contracts.pdb' because it is being used by another process. The file is locked by: "Microsoft Visual Studio (14424)" [D:\Techstdio\Arnob-MediPos\MediPos\Application\Application.csproj]
C:\Program Files\dotnet\sdk\10.0.102\Microsoft.Common.CurrentVersion.targets(5080,5): warning MSB3026: Could not copy "D:\Techstdio\Arnob-MediPos\MediPos\Services.Concretes\bin\Debug\net10.0\Services.Concretes.pdb" to "bin\Debug\net10.0\Services.Concretes.pdb". Beginning retry 1 in 1000ms. The process cannot access the file 'D:\Techstdio\Arnob-MediPos\MediPos\Application\bin\Debug\net10.0\Services.Concretes.pdb' because it is being used by another process. The file is locked by: "Microsoft Visual Studio (14424)" [D:\Techstdio\Arnob-MediPos\MediPos\Application\Application.csproj]
C:\Program Files\dotnet\sdk\10.0.102\Microsoft.Common.CurrentVersion.targets(5080,5): warning MSB3026: Could not copy "D:\Techstdio\Arnob-MediPos\MediPos\Presentation.API\bin\Debug\net10.0\Presentation.API.pdb" to "bin\Debug\net10.0\Presentation.API.pdb". Beginning retry 1 in 1000ms. The process cannot access the file 'D:\Techstdio\Arnob-MediPos\MediPos\Application\bin\Debug\net10.0\Presentation.API.pdb' because it is being used by another process. The file is locked by: "Microsoft Visual Studio (14424)" [D:\Techstdio\Arnob-MediPos\MediPos\Application\Application.csproj]
C:\Program Files\dotnet\sdk\10.0.102\Microsoft.Common.CurrentVersion.targets(5080,5): warning MSB3026: Could not copy "D:\Techstdio\Arnob-MediPos\MediPos\Domain\bin\Debug\net10.0\Domain.pdb" to "bin\Debug\net10.0\Domain.pdb". Beginning retry 2 in 1000ms. The process cannot access the file 'D:\Techstdio\Arnob-MediPos\MediPos\Application\bin\Debug\net10.0\Domain.pdb' because it is being used by another process. The file is locked by: "Microsoft Visual Studio (14424)" [D:\Techstdio\Arnob-MediPos\MediPos\Application\Application.csproj]
C:\Program Files\dotnet\sdk\10.0.102\Microsoft.Common.CurrentVersion.targets(5080,5): warning MSB3026: Could not copy "D:\Techstdio\Arnob-MediPos\MediPos\Shared\bin\Debug\net10.0\Shared.dll" to "bin\Debug\net10.0\Shared.dll". Beginning retry 2 in 1000ms. The process cannot access the file 'D:\Techstdio\Arnob-MediPos\MediPos\Application\bin\Debug\net10.0\Shared.dll' because it is being used by another process. The file is locked by: "Microsoft Visual Studio (14424), Application (36744)" [D:\Techstdio\Arnob-MediPos\MediPos\Application\Application.csproj]
C:\Program Files\dotnet\sdk\10.0.102\Microsoft.Common.CurrentVersion.targets(5080,5): warning MSB3026: Could not copy "D:\Techstdio\Arnob-MediPos\MediPos\Repositories.Concretes\bin\Debug\net10.0\Repositories.Concretes.pdb" to "bin\Debug\net10.0\Repositories.Concretes.pdb". Beginning retry 2 in 1000ms. The process cannot access the file 'D:\Techstdio\Arnob-MediPos\MediPos\Application\bin\Debug\net10.0\Repositories.Concretes.pdb' because it is being used by another process. The file is locked by: "Microsoft Visual Studio (14424)" [D:\Techstdio\Arnob-MediPos\MediPos\Application\Application.csproj]
C:\Program Files\dotnet\sdk\10.0.102\Microsoft.Common.CurrentVersion.targets(5080,5): warning MSB3026: Could not copy "D:\Techstdio\Arnob-MediPos\MediPos\Services.Concretes\bin\Debug\net10.0\Services.Concretes.pdb" to "bin\Debug\net10.0\Services.Concretes.pdb". Beginning retry 2 in 1000ms. The process cannot access the file 'D:\Techstdio\Arnob-MediPos\MediPos\Application\bin\Debug\net10.0\Services.Concretes.pdb' because it is being used by another process. The file is locked by: "Microsoft Visual Studio (14424)" [D:\Techstdio\Arnob-MediPos\MediPos\Application\Application.csproj]
C:\Program Files\dotnet\sdk\10.0.102\Microsoft.Common.CurrentVersion.targets(5080,5): warning MSB3026: Could not copy "D:\Techstdio\Arnob-MediPos\MediPos\Repositories.Contracts\bin\Debug\net10.0\Repositories.Contracts.pdb" to "bin\Debug\net10.0\Repositories.Contracts.pdb". Beginning retry 2 in 1000ms. The process cannot access the file 'D:\Techstdio\Arnob-MediPos\MediPos\Application\bin\Debug\net10.0\Repositories.Contracts.pdb' because it is being used by another process. The file is locked by: "Microsoft Visual Studio (14424)" [D:\Techstdio\Arnob-MediPos\MediPos\Application\Application.csproj]
C:\Program Files\dotnet\sdk\10.0.102\Microsoft.Common.CurrentVersion.targets(5080,5): warning MSB3026: Could not copy "D:\Techstdio\Arnob-MediPos\MediPos\Presentation.API\bin\Debug\net10.0\Presentation.API.pdb" to "bin\Debug\net10.0\Presentation.API.pdb". Beginning retry 2 in 1000ms. The process cannot access the file 'D:\Techstdio\Arnob-MediPos\MediPos\Application\bin\Debug\net10.0\Presentation.API.pdb' because it is being used by another process. The file is locked by: "Microsoft Visual Studio (14424)" [D:\Techstdio\Arnob-MediPos\MediPos\Application\Application.csproj]
C:\Program Files\dotnet\sdk\10.0.102\Microsoft.Common.CurrentVersion.targets(5080,5): warning MSB3026: Could not copy "D:\Techstdio\Arnob-MediPos\MediPos\Domain\bin\Debug\net10.0\Domain.pdb" to "bin\Debug\net10.0\Domain.pdb". Beginning retry 3 in 1000ms. The process cannot access the file 'D:\Techstdio\Arnob-MediPos\MediPos\Application\bin\Debug\net10.0\Domain.pdb' because it is being used by another process. The file is locked by: "Microsoft Visual Studio (14424)" [D:\Techstdio\Arnob-MediPos\MediPos\Application\Application.csproj]
C:\Program Files\dotnet\sdk\10.0.102\Microsoft.Common.CurrentVersion.targets(5080,5): warning MSB3026: Could not copy "D:\Techstdio\Arnob-MediPos\MediPos\Shared\bin\Debug\net10.0\Shared.dll" to "bin\Debug\net10.0\Shared.dll". Beginning retry 3 in 1000ms. The process cannot access the file 'D:\Techstdio\Arnob-MediPos\MediPos\Application\bin\Debug\net10.0\Shared.dll' because it is being used by another process. The file is locked by: "Microsoft Visual Studio (14424), Application (36744)" [D:\Techstdio\Arnob-MediPos\MediPos\Application\Application.csproj]
C:\Program Files\dotnet\sdk\10.0.102\Microsoft.Common.CurrentVersion.targets(5080,5): warning MSB3026: Could not copy "D:\Techstdio\Arnob-MediPos\MediPos\Repositories.Contracts\bin\Debug\net10.0\Repositories.Contracts.pdb" to "bin\Debug\net10.0\Repositories.Contracts.pdb". Beginning retry 3 in 1000ms. The process cannot access the file 'D:\Techstdio\Arnob-MediPos\MediPos\Application\bin\Debug\net10.0\Repositories.Contracts.pdb' because it is being used by another process. The file is locked by: "Microsoft Visual Studio (14424)" [D:\Techstdio\Arnob-MediPos\MediPos\Application\Application.csproj]
C:\Program Files\dotnet\sdk\10.0.102\Microsoft.Common.CurrentVersion.targets(5080,5): warning MSB3026: Could not copy "D:\Techstdio\Arnob-MediPos\MediPos\Presentation.API\bin\Debug\net10.0\Presentation.API.pdb" to "bin\Debug\net10.0\Presentation.API.pdb". Beginning retry 3 in 1000ms. The process cannot access the file 'D:\Techstdio\Arnob-MediPos\MediPos\Application\bin\Debug\net10.0\Presentation.API.pdb' because it is being used by another process. The file is locked by: "Microsoft Visual Studio (14424)" [D:\Techstdio\Arnob-MediPos\MediPos\Application\Application.csproj]
C:\Program Files\dotnet\sdk\10.0.102\Microsoft.Common.CurrentVersion.targets(5080,5): warning MSB3026: Could not copy "D:\Techstdio\Arnob-MediPos\MediPos\Services.Concretes\bin\Debug\net10.0\Services.Concretes.pdb" to "bin\Debug\net10.0\Services.Concretes.pdb". Beginning retry 3 in 1000ms. The process cannot access the file 'D:\Techstdio\Arnob-MediPos\MediPos\Application\bin\Debug\net10.0\Services.Concretes.pdb' because it is being used by another process. The file is locked by: "Microsoft Visual Studio (14424)" [D:\Techstdio\Arnob-MediPos\MediPos\Application\Application.csproj]
C:\Program Files\dotnet\sdk\10.0.102\Microsoft.Common.CurrentVersion.targets(5080,5): warning MSB3026: Could not copy "D:\Techstdio\Arnob-MediPos\MediPos\Repositories.Concretes\bin\Debug\net10.0\Repositories.Concretes.pdb" to "bin\Debug\net10.0\Repositories.Concretes.pdb". Beginning retry 3 in 1000ms. The process cannot access the file 'D:\Techstdio\Arnob-MediPos\MediPos\Application\bin\Debug\net10.0\Repositories.Concretes.pdb' because it is being used by another process. The file is locked by: "Microsoft Visual Studio (14424)" [D:\Techstdio\Arnob-MediPos\MediPos\Application\Application.csproj]
C:\Program Files\dotnet\sdk\10.0.102\Microsoft.Common.CurrentVersion.targets(5080,5): warning MSB3026: Could not copy "D:\Techstdio\Arnob-MediPos\MediPos\Domain\bin\Debug\net10.0\Domain.pdb" to "bin\Debug\net10.0\Domain.pdb". Beginning retry 4 in 1000ms. The process cannot access the file 'D:\Techstdio\Arnob-MediPos\MediPos\Application\bin\Debug\net10.0\Domain.pdb' because it is being used by another process. The file is locked by: "Microsoft Visual Studio (14424)" [D:\Techstdio\Arnob-MediPos\MediPos\Application\Application.csproj]
C:\Program Files\dotnet\sdk\10.0.102\Microsoft.Common.CurrentVersion.targets(5080,5): warning MSB3026: Could not copy "D:\Techstdio\Arnob-MediPos\MediPos\Shared\bin\Debug\net10.0\Shared.dll" to "bin\Debug\net10.0\Shared.dll". Beginning retry 4 in 1000ms. The process cannot access the file 'D:\Techstdio\Arnob-MediPos\MediPos\Application\bin\Debug\net10.0\Shared.dll' because it is being used by another process. The file is locked by: "Microsoft Visual Studio (14424), Application (36744)" [D:\Techstdio\Arnob-MediPos\MediPos\Application\Application.csproj]
C:\Program Files\dotnet\sdk\10.0.102\Microsoft.Common.CurrentVersion.targets(5080,5): warning MSB3026: Could not copy "D:\Techstdio\Arnob-MediPos\MediPos\Services.Concretes\bin\Debug\net10.0\Services.Concretes.pdb" to "bin\Debug\net10.0\Services.Concretes.pdb". Beginning retry 4 in 1000ms. The process cannot access the file 'D:\Techstdio\Arnob-MediPos\MediPos\Application\bin\Debug\net10.0\Services.Concretes.pdb' because it is being used by another process. The file is locked by: "Microsoft Visual Studio (14424)" [D:\Techstdio\Arnob-MediPos\MediPos\Application\Application.csproj]
C:\Program Files\dotnet\sdk\10.0.102\Microsoft.Common.CurrentVersion.targets(5080,5): warning MSB3026: Could not copy "D:\Techstdio\Arnob-MediPos\MediPos\Repositories.Contracts\bin\Debug\net10.0\Repositories.Contracts.pdb" to "bin\Debug\net10.0\Repositories.Contracts.pdb". Beginning retry 4 in 1000ms. The process cannot access the file 'D:\Techstdio\Arnob-MediPos\MediPos\Application\bin\Debug\net10.0\Repositories.Contracts.pdb' because it is being used by another process. The file is locked by: "Microsoft Visual Studio (14424)" [D:\Techstdio\Arnob-MediPos\MediPos\Application\Application.csproj]
C:\Program Files\dotnet\sdk\10.0.102\Microsoft.Common.CurrentVersion.targets(5080,5): warning MSB3026: Could not copy "D:\Techstdio\Arnob-MediPos\MediPos\Repositories.Concretes\bin\Debug\net10.0\Repositories.Concretes.pdb" to "bin\Debug\net10.0\Repositories.Concretes.pdb". Beginning retry 4 in 1000ms. The process cannot access the file 'D:\Techstdio\Arnob-MediPos\MediPos\Application\bin\Debug\net10.0\Repositories.Concretes.pdb' because it is being used by another process. The file is locked by: "Microsoft Visual Studio (14424)" [D:\Techstdio\Arnob-MediPos\MediPos\Application\Application.csproj]
C:\Program Files\dotnet\sdk\10.0.102\Microsoft.Common.CurrentVersion.targets(5080,5): warning MSB3026: Could not copy "D:\Techstdio\Arnob-MediPos\MediPos\Presentation.API\bin\Debug\net10.0\Presentation.API.pdb" to "bin\Debug\net10.0\Presentation.API.pdb". Beginning retry 4 in 1000ms. The process cannot access the file 'D:\Techstdio\Arnob-MediPos\MediPos\Application\bin\Debug\net10.0\Presentation.API.pdb' because it is being used by another process. The file is locked by: "Microsoft Visual Studio (14424)" [D:\Techstdio\Arnob-MediPos\MediPos\Application\Application.csproj]
C:\Program Files\dotnet\sdk\10.0.102\Microsoft.Common.CurrentVersion.targets(5080,5): warning MSB3026: Could not copy "D:\Techstdio\Arnob-MediPos\MediPos\Domain\bin\Debug\net10.0\Domain.pdb" to "bin\Debug\net10.0\Domain.pdb". Beginning retry 5 in 1000ms. The process cannot access the file 'D:\Techstdio\Arnob-MediPos\MediPos\Application\bin\Debug\net10.0\Domain.pdb' because it is being used by another process. The file is locked by: "Microsoft Visual Studio (14424)" [D:\Techstdio\Arnob-MediPos\MediPos\Application\Application.csproj]
C:\Program Files\dotnet\sdk\10.0.102\Microsoft.Common.CurrentVersion.targets(5080,5): warning MSB3026: Could not copy "D:\Techstdio\Arnob-MediPos\MediPos\Shared\bin\Debug\net10.0\Shared.dll" to "bin\Debug\net10.0\Shared.dll". Beginning retry 5 in 1000ms. The process cannot access the file 'D:\Techstdio\Arnob-MediPos\MediPos\Application\bin\Debug\net10.0\Shared.dll' because it is being used by another process. The file is locked by: "Microsoft Visual Studio (14424), Application (36744)" [D:\Techstdio\Arnob-MediPos\MediPos\Application\Application.csproj]
C:\Program Files\dotnet\sdk\10.0.102\Microsoft.Common.CurrentVersion.targets(5080,5): warning MSB3026: Could not copy "D:\Techstdio\Arnob-MediPos\MediPos\Presentation.API\bin\Debug\net10.0\Presentation.API.pdb" to "bin\Debug\net10.0\Presentation.API.pdb". Beginning retry 5 in 1000ms. The process cannot access the file 'D:\Techstdio\Arnob-MediPos\MediPos\Application\bin\Debug\net10.0\Presentation.API.pdb' because it is being used by another process. The file is locked by: "Microsoft Visual Studio (14424)" [D:\Techstdio\Arnob-MediPos\MediPos\Application\Application.csproj]
C:\Program Files\dotnet\sdk\10.0.102\Microsoft.Common.CurrentVersion.targets(5080,5): warning MSB3026: Could not copy "D:\Techstdio\Arnob-MediPos\MediPos\Repositories.Concretes\bin\Debug\net10.0\Repositories.Concretes.pdb" to "bin\Debug\net10.0\Repositories.Concretes.pdb". Beginning retry 5 in 1000ms. The process cannot access the file 'D:\Techstdio\Arnob-MediPos\MediPos\Application\bin\Debug\net10.0\Repositories.Concretes.pdb' because it is being used by another process. The file is locked by: "Microsoft Visual Studio (14424)" [D:\Techstdio\Arnob-MediPos\MediPos\Application\Application.csproj]
C:\Program Files\dotnet\sdk\10.0.102\Microsoft.Common.CurrentVersion.targets(5080,5): warning MSB3026: Could not copy "D:\Techstdio\Arnob-MediPos\MediPos\Services.Concretes\bin\Debug\net10.0\Services.Concretes.pdb" to "bin\Debug\net10.0\Services.Concretes.pdb". Beginning retry 5 in 1000ms. The process cannot access the file 'D:\Techstdio\Arnob-MediPos\MediPos\Application\bin\Debug\net10.0\Services.Concretes.pdb' because it is being used by another process. The file is locked by: "Microsoft Visual Studio (14424)" [D:\Techstdio\Arnob-MediPos\MediPos\Application\Application.csproj]
C:\Program Files\dotnet\sdk\10.0.102\Microsoft.Common.CurrentVersion.targets(5080,5): warning MSB3026: Could not copy "D:\Techstdio\Arnob-MediPos\MediPos\Repositories.Contracts\bin\Debug\net10.0\Repositories.Contracts.pdb" to "bin\Debug\net10.0\Repositories.Contracts.pdb". Beginning retry 5 in 1000ms. The process cannot access the file 'D:\Techstdio\Arnob-MediPos\MediPos\Application\bin\Debug\net10.0\Repositories.Contracts.pdb' because it is being used by another process. The file is locked by: "Microsoft Visual Studio (14424)" [D:\Techstdio\Arnob-MediPos\MediPos\Application\Application.csproj]
C:\Program Files\dotnet\sdk\10.0.102\Microsoft.Common.CurrentVersion.targets(5080,5): warning MSB3026: Could not copy "D:\Techstdio\Arnob-MediPos\MediPos\Domain\bin\Debug\net10.0\Domain.pdb" to "bin\Debug\net10.0\Domain.pdb". Beginning retry 6 in 1000ms. The process cannot access the file 'D:\Techstdio\Arnob-MediPos\MediPos\Application\bin\Debug\net10.0\Domain.pdb' because it is being used by another process. The file is locked by: "Microsoft Visual Studio (14424)" [D:\Techstdio\Arnob-MediPos\MediPos\Application\Application.csproj]
C:\Program Files\dotnet\sdk\10.0.102\Microsoft.Common.CurrentVersion.targets(5080,5): warning MSB3026: Could not copy "D:\Techstdio\Arnob-MediPos\MediPos\Shared\bin\Debug\net10.0\Shared.dll" to "bin\Debug\net10.0\Shared.dll". Beginning retry 6 in 1000ms. The process cannot access the file 'D:\Techstdio\Arnob-MediPos\MediPos\Application\bin\Debug\net10.0\Shared.dll' because it is being used by another process. The file is locked by: "Microsoft Visual Studio (14424), Application (36744)" [D:\Techstdio\Arnob-MediPos\MediPos\Application\Application.csproj]
C:\Program Files\dotnet\sdk\10.0.102\Microsoft.Common.CurrentVersion.targets(5080,5): warning MSB3026: Could not copy "D:\Techstdio\Arnob-MediPos\MediPos\Repositories.Concretes\bin\Debug\net10.0\Repositories.Concretes.pdb" to "bin\Debug\net10.0\Repositories.Concretes.pdb". Beginning retry 6 in 1000ms. The process cannot access the file 'D:\Techstdio\Arnob-MediPos\MediPos\Application\bin\Debug\net10.0\Repositories.Concretes.pdb' because it is being used by another process. The file is locked by: "Microsoft Visual Studio (14424)" [D:\Techstdio\Arnob-MediPos\MediPos\Application\Application.csproj]
C:\Program Files\dotnet\sdk\10.0.102\Microsoft.Common.CurrentVersion.targets(5080,5): warning MSB3026: Could not copy "D:\Techstdio\Arnob-MediPos\MediPos\Presentation.API\bin\Debug\net10.0\Presentation.API.pdb" to "bin\Debug\net10.0\Presentation.API.pdb". Beginning retry 6 in 1000ms. The process cannot access the file 'D:\Techstdio\Arnob-MediPos\MediPos\Application\bin\Debug\net10.0\Presentation.API.pdb' because it is being used by another process. The file is locked by: "Microsoft Visual Studio (14424)" [D:\Techstdio\Arnob-MediPos\MediPos\Application\Application.csproj]
C:\Program Files\dotnet\sdk\10.0.102\Microsoft.Common.CurrentVersion.targets(5080,5): warning MSB3026: Could not copy "D:\Techstdio\Arnob-MediPos\MediPos\Repositories.Contracts\bin\Debug\net10.0\Repositories.Contracts.pdb" to "bin\Debug\net10.0\Repositories.Contracts.pdb". Beginning retry 6 in 1000ms. The process cannot access the file 'D:\Techstdio\Arnob-MediPos\MediPos\Application\bin\Debug\net10.0\Repositories.Contracts.pdb' because it is being used by another process. The file is locked by: "Microsoft Visual Studio (14424)" [D:\Techstdio\Arnob-MediPos\MediPos\Application\Application.csproj]
C:\Program Files\dotnet\sdk\10.0.102\Microsoft.Common.CurrentVersion.targets(5080,5): warning MSB3026: Could not copy "D:\Techstdio\Arnob-MediPos\MediPos\Services.Concretes\bin\Debug\net10.0\Services.Concretes.pdb" to "bin\Debug\net10.0\Services.Concretes.pdb". Beginning retry 6 in 1000ms. The process cannot access the file 'D:\Techstdio\Arnob-MediPos\MediPos\Application\bin\Debug\net10.0\Services.Concretes.pdb' because it is being used by another process. The file is locked by: "Microsoft Visual Studio (14424)" [D:\Techstdio\Arnob-MediPos\MediPos\Application\Application.csproj]
C:\Program Files\dotnet\sdk\10.0.102\Microsoft.Common.CurrentVersion.targets(5080,5): warning MSB3026: Could not copy "D:\Techstdio\Arnob-MediPos\MediPos\Domain\bin\Debug\net10.0\Domain.pdb" to "bin\Debug\net10.0\Domain.pdb". Beginning retry 7 in 1000ms. The process cannot access the file 'D:\Techstdio\Arnob-MediPos\MediPos\Application\bin\Debug\net10.0\Domain.pdb' because it is being used by another process. The file is locked by: "Microsoft Visual Studio (14424)" [D:\Techstdio\Arnob-MediPos\MediPos\Application\Application.csproj]
C:\Program Files\dotnet\sdk\10.0.102\Microsoft.Common.CurrentVersion.targets(5080,5): warning MSB3026: Could not copy "D:\Techstdio\Arnob-MediPos\MediPos\Shared\bin\Debug\net10.0\Shared.dll" to "bin\Debug\net10.0\Shared.dll". Beginning retry 7 in 1000ms. The process cannot access the file 'D:\Techstdio\Arnob-MediPos\MediPos\Application\bin\Debug\net10.0\Shared.dll' because it is being used by another process. The file is locked by: "Microsoft Visual Studio (14424), Application (36744)" [D:\Techstdio\Arnob-MediPos\MediPos\Application\Application.csproj]
C:\Program Files\dotnet\sdk\10.0.102\Microsoft.Common.CurrentVersion.targets(5080,5): warning MSB3026: Could not copy "D:\Techstdio\Arnob-MediPos\MediPos\Repositories.Contracts\bin\Debug\net10.0\Repositories.Contracts.pdb" to "bin\Debug\net10.0\Repositories.Contracts.pdb". Beginning retry 7 in 1000ms. The process cannot access the file 'D:\Techstdio\Arnob-MediPos\MediPos\Application\bin\Debug\net10.0\Repositories.Contracts.pdb' because it is being used by another process. The file is locked by: "Microsoft Visual Studio (14424)" [D:\Techstdio\Arnob-MediPos\MediPos\Application\Application.csproj]
C:\Program Files\dotnet\sdk\10.0.102\Microsoft.Common.CurrentVersion.targets(5080,5): warning MSB3026: Could not copy "D:\Techstdio\Arnob-MediPos\MediPos\Services.Concretes\bin\Debug\net10.0\Services.Concretes.pdb" to "bin\Debug\net10.0\Services.Concretes.pdb". Beginning retry 7 in 1000ms. The process cannot access the file 'D:\Techstdio\Arnob-MediPos\MediPos\Application\bin\Debug\net10.0\Services.Concretes.pdb' because it is being used by another process. The file is locked by: "Microsoft Visual Studio (14424)" [D:\Techstdio\Arnob-MediPos\MediPos\Application\Application.csproj]
C:\Program Files\dotnet\sdk\10.0.102\Microsoft.Common.CurrentVersion.targets(5080,5): warning MSB3026: Could not copy "D:\Techstdio\Arnob-MediPos\MediPos\Domain\bin\Debug\net10.0\Domain.pdb" to "bin\Debug\net10.0\Domain.pdb". Beginning retry 8 in 1000ms. The process cannot access the file 'D:\Techstdio\Arnob-MediPos\MediPos\Application\bin\Debug\net10.0\Domain.pdb' because it is being used by another process. The file is locked by: "Microsoft Visual Studio (14424)" [D:\Techstdio\Arnob-MediPos\MediPos\Application\Application.csproj]
C:\Program Files\dotnet\sdk\10.0.102\Microsoft.Common.CurrentVersion.targets(5080,5): warning MSB3026: Could not copy "D:\Techstdio\Arnob-MediPos\MediPos\Repositories.Concretes\bin\Debug\net10.0\Repositories.Concretes.pdb" to "bin\Debug\net10.0\Repositories.Concretes.pdb". Beginning retry 7 in 1000ms. The process cannot access the file 'D:\Techstdio\Arnob-MediPos\MediPos\Application\bin\Debug\net10.0\Repositories.Concretes.pdb' because it is being used by another process. The file is locked by: "Microsoft Visual Studio (14424)" [D:\Techstdio\Arnob-MediPos\MediPos\Application\Application.csproj]
C:\Program Files\dotnet\sdk\10.0.102\Microsoft.Common.CurrentVersion.targets(5080,5): warning MSB3026: Could not copy "D:\Techstdio\Arnob-MediPos\MediPos\Presentation.API\bin\Debug\net10.0\Presentation.API.pdb" to "bin\Debug\net10.0\Presentation.API.pdb". Beginning retry 7 in 1000ms. The process cannot access the file 'D:\Techstdio\Arnob-MediPos\MediPos\Application\bin\Debug\net10.0\Presentation.API.pdb' because it is being used by another process. The file is locked by: "Microsoft Visual Studio (14424)" [D:\Techstdio\Arnob-MediPos\MediPos\Application\Application.csproj]
C:\Program Files\dotnet\sdk\10.0.102\Microsoft.Common.CurrentVersion.targets(5080,5): warning MSB3026: Could not copy "D:\Techstdio\Arnob-MediPos\MediPos\Shared\bin\Debug\net10.0\Shared.dll" to "bin\Debug\net10.0\Shared.dll". Beginning retry 8 in 1000ms. The process cannot access the file 'D:\Techstdio\Arnob-MediPos\MediPos\Application\bin\Debug\net10.0\Shared.dll' because it is being used by another process. The file is locked by: "Microsoft Visual Studio (14424), Application (36744)" [D:\Techstdio\Arnob-MediPos\MediPos\Application\Application.csproj]
C:\Program Files\dotnet\sdk\10.0.102\Microsoft.Common.CurrentVersion.targets(5080,5): warning MSB3026: Could not copy "D:\Techstdio\Arnob-MediPos\MediPos\Presentation.API\bin\Debug\net10.0\Presentation.API.pdb" to "bin\Debug\net10.0\Presentation.API.pdb". Beginning retry 8 in 1000ms. The process cannot access the file 'D:\Techstdio\Arnob-MediPos\MediPos\Application\bin\Debug\net10.0\Presentation.API.pdb' because it is being used by another process. The file is locked by: "Microsoft Visual Studio (14424)" [D:\Techstdio\Arnob-MediPos\MediPos\Application\Application.csproj]
C:\Program Files\dotnet\sdk\10.0.102\Microsoft.Common.CurrentVersion.targets(5080,5): warning MSB3026: Could not copy "D:\Techstdio\Arnob-MediPos\MediPos\Services.Concretes\bin\Debug\net10.0\Services.Concretes.pdb" to "bin\Debug\net10.0\Services.Concretes.pdb". Beginning retry 8 in 1000ms. The process cannot access the file 'D:\Techstdio\Arnob-MediPos\MediPos\Application\bin\Debug\net10.0\Services.Concretes.pdb' because it is being used by another process. The file is locked by: "Microsoft Visual Studio (14424)" [D:\Techstdio\Arnob-MediPos\MediPos\Application\Application.csproj]
C:\Program Files\dotnet\sdk\10.0.102\Microsoft.Common.CurrentVersion.targets(5080,5): warning MSB3026: Could not copy "D:\Techstdio\Arnob-MediPos\MediPos\Domain\bin\Debug\net10.0\Domain.pdb" to "bin\Debug\net10.0\Domain.pdb". Beginning retry 9 in 1000ms. The process cannot access the file 'D:\Techstdio\Arnob-MediPos\MediPos\Application\bin\Debug\net10.0\Domain.pdb' because it is being used by another process. The file is locked by: "Microsoft Visual Studio (14424)" [D:\Techstdio\Arnob-MediPos\MediPos\Application\Application.csproj]
C:\Program Files\dotnet\sdk\10.0.102\Microsoft.Common.CurrentVersion.targets(5080,5): warning MSB3026: Could not copy "D:\Techstdio\Arnob-MediPos\MediPos\Repositories.Concretes\bin\Debug\net10.0\Repositories.Concretes.pdb" to "bin\Debug\net10.0\Repositories.Concretes.pdb". Beginning retry 8 in 1000ms. The process cannot access the file 'D:\Techstdio\Arnob-MediPos\MediPos\Application\bin\Debug\net10.0\Repositories.Concretes.pdb' because it is being used by another process. The file is locked by: "Microsoft Visual Studio (14424)" [D:\Techstdio\Arnob-MediPos\MediPos\Application\Application.csproj]
C:\Program Files\dotnet\sdk\10.0.102\Microsoft.Common.CurrentVersion.targets(5080,5): warning MSB3026: Could not copy "D:\Techstdio\Arnob-MediPos\MediPos\Repositories.Contracts\bin\Debug\net10.0\Repositories.Contracts.pdb" to "bin\Debug\net10.0\Repositories.Contracts.pdb". Beginning retry 8 in 1000ms. The process cannot access the file 'D:\Techstdio\Arnob-MediPos\MediPos\Application\bin\Debug\net10.0\Repositories.Contracts.pdb' because it is being used by another process. The file is locked by: "Microsoft Visual Studio (14424)" [D:\Techstdio\Arnob-MediPos\MediPos\Application\Application.csproj]
C:\Program Files\dotnet\sdk\10.0.102\Microsoft.Common.CurrentVersion.targets(5080,5): warning MSB3026: Could not copy "D:\Techstdio\Arnob-MediPos\MediPos\Shared\bin\Debug\net10.0\Shared.dll" to "bin\Debug\net10.0\Shared.dll". Beginning retry 9 in 1000ms. The process cannot access the file 'D:\Techstdio\Arnob-MediPos\MediPos\Application\bin\Debug\net10.0\Shared.dll' because it is being used by another process. The file is locked by: "Microsoft Visual Studio (14424), Application (36744)" [D:\Techstdio\Arnob-MediPos\MediPos\Application\Application.csproj]
C:\Program Files\dotnet\sdk\10.0.102\Microsoft.Common.CurrentVersion.targets(5080,5): warning MSB3026: Could not copy "D:\Techstdio\Arnob-MediPos\MediPos\Repositories.Concretes\bin\Debug\net10.0\Repositories.Concretes.pdb" to "bin\Debug\net10.0\Repositories.Concretes.pdb". Beginning retry 9 in 1000ms. The process cannot access the file 'D:\Techstdio\Arnob-MediPos\MediPos\Application\bin\Debug\net10.0\Repositories.Concretes.pdb' because it is being used by another process. The file is locked by: "Microsoft Visual Studio (14424)" [D:\Techstdio\Arnob-MediPos\MediPos\Application\Application.csproj]
C:\Program Files\dotnet\sdk\10.0.102\Microsoft.Common.CurrentVersion.targets(5080,5): warning MSB3026: Could not copy "D:\Techstdio\Arnob-MediPos\MediPos\Repositories.Contracts\bin\Debug\net10.0\Repositories.Contracts.pdb" to "bin\Debug\net10.0\Repositories.Contracts.pdb". Beginning retry 9 in 1000ms. The process cannot access the file 'D:\Techstdio\Arnob-MediPos\MediPos\Application\bin\Debug\net10.0\Repositories.Contracts.pdb' because it is being used by another process. The file is locked by: "Microsoft Visual Studio (14424)" [D:\Techstdio\Arnob-MediPos\MediPos\Application\Application.csproj]
C:\Program Files\dotnet\sdk\10.0.102\Microsoft.Common.CurrentVersion.targets(5080,5): warning MSB3026: Could not copy "D:\Techstdio\Arnob-MediPos\MediPos\Domain\bin\Debug\net10.0\Domain.pdb" to "bin\Debug\net10.0\Domain.pdb". Beginning retry 10 in 1000ms. The process cannot access the file 'D:\Techstdio\Arnob-MediPos\MediPos\Application\bin\Debug\net10.0\Domain.pdb' because it is being used by another process. The file is locked by: "Microsoft Visual Studio (14424)" [D:\Techstdio\Arnob-MediPos\MediPos\Application\Application.csproj]
C:\Program Files\dotnet\sdk\10.0.102\Microsoft.Common.CurrentVersion.targets(5080,5): warning MSB3026: Could not copy "D:\Techstdio\Arnob-MediPos\MediPos\Services.Concretes\bin\Debug\net10.0\Services.Concretes.pdb" to "bin\Debug\net10.0\Services.Concretes.pdb". Beginning retry 9 in 1000ms. The process cannot access the file 'D:\Techstdio\Arnob-MediPos\MediPos\Application\bin\Debug\net10.0\Services.Concretes.pdb' because it is being used by another process. The file is locked by: "Microsoft Visual Studio (14424)" [D:\Techstdio\Arnob-MediPos\MediPos\Application\Application.csproj]
C:\Program Files\dotnet\sdk\10.0.102\Microsoft.Common.CurrentVersion.targets(5080,5): warning MSB3026: Could not copy "D:\Techstdio\Arnob-MediPos\MediPos\Presentation.API\bin\Debug\net10.0\Presentation.API.pdb" to "bin\Debug\net10.0\Presentation.API.pdb". Beginning retry 9 in 1000ms. The process cannot access the file 'D:\Techstdio\Arnob-MediPos\MediPos\Application\bin\Debug\net10.0\Presentation.API.pdb' because it is being used by another process. The file is locked by: "Microsoft Visual Studio (14424)" [D:\Techstdio\Arnob-MediPos\MediPos\Application\Application.csproj]
C:\Program Files\dotnet\sdk\10.0.102\Microsoft.Common.CurrentVersion.targets(5080,5): warning MSB3026: Could not copy "D:\Techstdio\Arnob-MediPos\MediPos\Shared\bin\Debug\net10.0\Shared.dll" to "bin\Debug\net10.0\Shared.dll". Beginning retry 10 in 1000ms. The process cannot access the file 'D:\Techstdio\Arnob-MediPos\MediPos\Application\bin\Debug\net10.0\Shared.dll' because it is being used by another process. The file is locked by: "Microsoft Visual Studio (14424), Application (36744)" [D:\Techstdio\Arnob-MediPos\MediPos\Application\Application.csproj]
C:\Program Files\dotnet\sdk\10.0.102\Microsoft.Common.CurrentVersion.targets(5080,5): error MSB3027: Could not copy "D:\Techstdio\Arnob-MediPos\MediPos\Domain\bin\Debug\net10.0\Domain.pdb" to "bin\Debug\net10.0\Domain.pdb". Exceeded retry count of 10. Failed. The file is locked by: "Microsoft Visual Studio (14424)" [D:\Techstdio\Arnob-MediPos\MediPos\Application\Application.csproj]
C:\Program Files\dotnet\sdk\10.0.102\Microsoft.Common.CurrentVersion.targets(5080,5): error MSB3021: Unable to copy file "D:\Techstdio\Arnob-MediPos\MediPos\Domain\bin\Debug\net10.0\Domain.pdb" to "bin\Debug\net10.0\Domain.pdb". The process cannot access the file 'D:\Techstdio\Arnob-MediPos\MediPos\Application\bin\Debug\net10.0\Domain.pdb' because it is being used by another process. [D:\Techstdio\Arnob-MediPos\MediPos\Application\Application.csproj]
C:\Program Files\dotnet\sdk\10.0.102\Microsoft.Common.CurrentVersion.targets(5080,5): warning MSB3026: Could not copy "D:\Techstdio\Arnob-MediPos\MediPos\Repositories.Contracts\bin\Debug\net10.0\Repositories.Contracts.pdb" to "bin\Debug\net10.0\Repositories.Contracts.pdb". Beginning retry 10 in 1000ms. The process cannot access the file 'D:\Techstdio\Arnob-MediPos\MediPos\Application\bin\Debug\net10.0\Repositories.Contracts.pdb' because it is being used by another process. The file is locked by: "Microsoft Visual Studio (14424)" [D:\Techstdio\Arnob-MediPos\MediPos\Application\Application.csproj]
C:\Program Files\dotnet\sdk\10.0.102\Microsoft.Common.CurrentVersion.targets(5080,5): warning MSB3026: Could not copy "D:\Techstdio\Arnob-MediPos\MediPos\Services.Concretes\bin\Debug\net10.0\Services.Concretes.pdb" to "bin\Debug\net10.0\Services.Concretes.pdb". Beginning retry 10 in 1000ms. The process cannot access the file 'D:\Techstdio\Arnob-MediPos\MediPos\Application\bin\Debug\net10.0\Services.Concretes.pdb' because it is being used by another process. The file is locked by: "Microsoft Visual Studio (14424)" [D:\Techstdio\Arnob-MediPos\MediPos\Application\Application.csproj]
C:\Program Files\dotnet\sdk\10.0.102\Microsoft.Common.CurrentVersion.targets(5080,5): warning MSB3026: Could not copy "D:\Techstdio\Arnob-MediPos\MediPos\Repositories.Concretes\bin\Debug\net10.0\Repositories.Concretes.pdb" to "bin\Debug\net10.0\Repositories.Concretes.pdb". Beginning retry 10 in 1000ms. The process cannot access the file 'D:\Techstdio\Arnob-MediPos\MediPos\Application\bin\Debug\net10.0\Repositories.Concretes.pdb' because it is being used by another process. The file is locked by: "Microsoft Visual Studio (14424)" [D:\Techstdio\Arnob-MediPos\MediPos\Application\Application.csproj]
C:\Program Files\dotnet\sdk\10.0.102\Microsoft.Common.CurrentVersion.targets(5080,5): warning MSB3026: Could not copy "D:\Techstdio\Arnob-MediPos\MediPos\Presentation.API\bin\Debug\net10.0\Presentation.API.pdb" to "bin\Debug\net10.0\Presentation.API.pdb". Beginning retry 10 in 1000ms. The process cannot access the file 'D:\Techstdio\Arnob-MediPos\MediPos\Application\bin\Debug\net10.0\Presentation.API.pdb' because it is being used by another process. The file is locked by: "Microsoft Visual Studio (14424)" [D:\Techstdio\Arnob-MediPos\MediPos\Application\Application.csproj]
C:\Program Files\dotnet\sdk\10.0.102\Microsoft.Common.CurrentVersion.targets(5080,5): error MSB3027: Could not copy "D:\Techstdio\Arnob-MediPos\MediPos\Shared\bin\Debug\net10.0\Shared.dll" to "bin\Debug\net10.0\Shared.dll". Exceeded retry count of 10. Failed. The file is locked by: "Microsoft Visual Studio (14424), Application (36744)" [D:\Techstdio\Arnob-MediPos\MediPos\Application\Application.csproj]
C:\Program Files\dotnet\sdk\10.0.102\Microsoft.Common.CurrentVersion.targets(5080,5): error MSB3021: Unable to copy file "D:\Techstdio\Arnob-MediPos\MediPos\Shared\bin\Debug\net10.0\Shared.dll" to "bin\Debug\net10.0\Shared.dll". The process cannot access the file 'D:\Techstdio\Arnob-MediPos\MediPos\Application\bin\Debug\net10.0\Shared.dll' because it is being used by another process. [D:\Techstdio\Arnob-MediPos\MediPos\Application\Application.csproj]
C:\Program Files\dotnet\sdk\10.0.102\Microsoft.Common.CurrentVersion.targets(5080,5): warning MSB3026: Could not copy "D:\Techstdio\Arnob-MediPos\MediPos\Services.Contracts\bin\Debug\net10.0\Services.Contracts.pdb" to "bin\Debug\net10.0\Services.Contracts.pdb". Beginning retry 1 in 1000ms. The process cannot access the file 'D:\Techstdio\Arnob-MediPos\MediPos\Application\bin\Debug\net10.0\Services.Contracts.pdb' because it is being used by another process. The file is locked by: "Microsoft Visual Studio (14424)" [D:\Techstdio\Arnob-MediPos\MediPos\Application\Application.csproj]
C:\Program Files\dotnet\sdk\10.0.102\Microsoft.Common.CurrentVersion.targets(5080,5): warning MSB3026: Could not copy "D:\Techstdio\Arnob-MediPos\MediPos\Shared\bin\Debug\net10.0\Shared.pdb" to "bin\Debug\net10.0\Shared.pdb". Beginning retry 1 in 1000ms. The process cannot access the file 'D:\Techstdio\Arnob-MediPos\MediPos\Application\bin\Debug\net10.0\Shared.pdb' because it is being used by another process. The file is locked by: "Microsoft Visual Studio (14424)" [D:\Techstdio\Arnob-MediPos\MediPos\Application\Application.csproj]
C:\Program Files\dotnet\sdk\10.0.102\Microsoft.Common.CurrentVersion.targets(5080,5): error MSB3027: Could not copy "D:\Techstdio\Arnob-MediPos\MediPos\Presentation.API\bin\Debug\net10.0\Presentation.API.pdb" to "bin\Debug\net10.0\Presentation.API.pdb". Exceeded retry count of 10. Failed. The file is locked by: "Microsoft Visual Studio (14424)" [D:\Techstdio\Arnob-MediPos\MediPos\Application\Application.csproj]
C:\Program Files\dotnet\sdk\10.0.102\Microsoft.Common.CurrentVersion.targets(5080,5): error MSB3021: Unable to copy file "D:\Techstdio\Arnob-MediPos\MediPos\Presentation.API\bin\Debug\net10.0\Presentation.API.pdb" to "bin\Debug\net10.0\Presentation.API.pdb". The process cannot access the file 'D:\Techstdio\Arnob-MediPos\MediPos\Application\bin\Debug\net10.0\Presentation.API.pdb' because it is being used by another process. [D:\Techstdio\Arnob-MediPos\MediPos\Application\Application.csproj]
C:\Program Files\dotnet\sdk\10.0.102\Microsoft.Common.CurrentVersion.targets(5080,5): error MSB3027: Could not copy "D:\Techstdio\Arnob-MediPos\MediPos\Services.Concretes\bin\Debug\net10.0\Services.Concretes.pdb" to "bin\Debug\net10.0\Services.Concretes.pdb". Exceeded retry count of 10. Failed. The file is locked by: "Microsoft Visual Studio (14424)" [D:\Techstdio\Arnob-MediPos\MediPos\Application\Application.csproj]
C:\Program Files\dotnet\sdk\10.0.102\Microsoft.Common.CurrentVersion.targets(5080,5): error MSB3021: Unable to copy file "D:\Techstdio\Arnob-MediPos\MediPos\Services.Concretes\bin\Debug\net10.0\Services.Concretes.pdb" to "bin\Debug\net10.0\Services.Concretes.pdb". The process cannot access the file 'D:\Techstdio\Arnob-MediPos\MediPos\Application\bin\Debug\net10.0\Services.Concretes.pdb' because it is being used by another process. [D:\Techstdio\Arnob-MediPos\MediPos\Application\Application.csproj]
C:\Program Files\dotnet\sdk\10.0.102\Microsoft.Common.CurrentVersion.targets(5080,5): error MSB3027: Could not copy "D:\Techstdio\Arnob-MediPos\MediPos\Repositories.Contracts\bin\Debug\net10.0\Repositories.Contracts.pdb" to "bin\Debug\net10.0\Repositories.Contracts.pdb". Exceeded retry count of 10. Failed. The file is locked by: "Microsoft Visual Studio (14424)" [D:\Techstdio\Arnob-MediPos\MediPos\Application\Application.csproj]
C:\Program Files\dotnet\sdk\10.0.102\Microsoft.Common.CurrentVersion.targets(5080,5): error MSB3021: Unable to copy file "D:\Techstdio\Arnob-MediPos\MediPos\Repositories.Contracts\bin\Debug\net10.0\Repositories.Contracts.pdb" to "bin\Debug\net10.0\Repositories.Contracts.pdb". The process cannot access the file 'D:\Techstdio\Arnob-MediPos\MediPos\Application\bin\Debug\net10.0\Repositories.Contracts.pdb' because it is being used by another process. [D:\Techstdio\Arnob-MediPos\MediPos\Application\Application.csproj]
C:\Program Files\dotnet\sdk\10.0.102\Microsoft.Common.CurrentVersion.targets(5080,5): error MSB3027: Could not copy "D:\Techstdio\Arnob-MediPos\MediPos\Repositories.Concretes\bin\Debug\net10.0\Repositories.Concretes.pdb" to "bin\Debug\net10.0\Repositories.Concretes.pdb". Exceeded retry count of 10. Failed. The file is locked by: "Microsoft Visual Studio (14424)" [D:\Techstdio\Arnob-MediPos\MediPos\Application\Application.csproj]
C:\Program Files\dotnet\sdk\10.0.102\Microsoft.Common.CurrentVersion.targets(5080,5): error MSB3021: Unable to copy file "D:\Techstdio\Arnob-MediPos\MediPos\Repositories.Concretes\bin\Debug\net10.0\Repositories.Concretes.pdb" to "bin\Debug\net10.0\Repositories.Concretes.pdb". The process cannot access the file 'D:\Techstdio\Arnob-MediPos\MediPos\Application\bin\Debug\net10.0\Repositories.Concretes.pdb' because it is being used by another process. [D:\Techstdio\Arnob-MediPos\MediPos\Application\Application.csproj]
C:\Program Files\dotnet\sdk\10.0.102\Microsoft.Common.CurrentVersion.targets(5080,5): warning MSB3026: Could not copy "D:\Techstdio\Arnob-MediPos\MediPos\Services.Contracts\bin\Debug\net10.0\Services.Contracts.pdb" to "bin\Debug\net10.0\Services.Contracts.pdb". Beginning retry 2 in 1000ms. The process cannot access the file 'D:\Techstdio\Arnob-MediPos\MediPos\Application\bin\Debug\net10.0\Services.Contracts.pdb' because it is being used by another process. The file is locked by: "Microsoft Visual Studio (14424)" [D:\Techstdio\Arnob-MediPos\MediPos\Application\Application.csproj]
C:\Program Files\dotnet\sdk\10.0.102\Microsoft.Common.CurrentVersion.targets(5080,5): warning MSB3026: Could not copy "D:\Techstdio\Arnob-MediPos\MediPos\Shared\bin\Debug\net10.0\Shared.pdb" to "bin\Debug\net10.0\Shared.pdb". Beginning retry 2 in 1000ms. The process cannot access the file 'D:\Techstdio\Arnob-MediPos\MediPos\Application\bin\Debug\net10.0\Shared.pdb' because it is being used by another process. The file is locked by: "Microsoft Visual Studio (14424)" [D:\Techstdio\Arnob-MediPos\MediPos\Application\Application.csproj]
C:\Program Files\dotnet\sdk\10.0.102\Microsoft.Common.CurrentVersion.targets(5080,5): warning MSB3026: Could not copy "D:\Techstdio\Arnob-MediPos\MediPos\Services.Contracts\bin\Debug\net10.0\Services.Contracts.pdb" to "bin\Debug\net10.0\Services.Contracts.pdb". Beginning retry 3 in 1000ms. The process cannot access the file 'D:\Techstdio\Arnob-MediPos\MediPos\Application\bin\Debug\net10.0\Services.Contracts.pdb' because it is being used by another process. The file is locked by: "Microsoft Visual Studio (14424)" [D:\Techstdio\Arnob-MediPos\MediPos\Application\Application.csproj]
C:\Program Files\dotnet\sdk\10.0.102\Microsoft.Common.CurrentVersion.targets(5080,5): warning MSB3026: Could not copy "D:\Techstdio\Arnob-MediPos\MediPos\Shared\bin\Debug\net10.0\Shared.pdb" to "bin\Debug\net10.0\Shared.pdb". Beginning retry 3 in 1000ms. The process cannot access the file 'D:\Techstdio\Arnob-MediPos\MediPos\Application\bin\Debug\net10.0\Shared.pdb' because it is being used by another process. The file is locked by: "Microsoft Visual Studio (14424)" [D:\Techstdio\Arnob-MediPos\MediPos\Application\Application.csproj]
C:\Program Files\dotnet\sdk\10.0.102\Microsoft.Common.CurrentVersion.targets(5080,5): warning MSB3026: Could not copy "D:\Techstdio\Arnob-MediPos\MediPos\Services.Contracts\bin\Debug\net10.0\Services.Contracts.pdb" to "bin\Debug\net10.0\Services.Contracts.pdb". Beginning retry 4 in 1000ms. The process cannot access the file 'D:\Techstdio\Arnob-MediPos\MediPos\Application\bin\Debug\net10.0\Services.Contracts.pdb' because it is being used by another process. The file is locked by: "Microsoft Visual Studio (14424)" [D:\Techstdio\Arnob-MediPos\MediPos\Application\Application.csproj]
C:\Program Files\dotnet\sdk\10.0.102\Microsoft.Common.CurrentVersion.targets(5080,5): warning MSB3026: Could not copy "D:\Techstdio\Arnob-MediPos\MediPos\Shared\bin\Debug\net10.0\Shared.pdb" to "bin\Debug\net10.0\Shared.pdb". Beginning retry 4 in 1000ms. The process cannot access the file 'D:\Techstdio\Arnob-MediPos\MediPos\Application\bin\Debug\net10.0\Shared.pdb' because it is being used by another process. The file is locked by: "Microsoft Visual Studio (14424)" [D:\Techstdio\Arnob-MediPos\MediPos\Application\Application.csproj]
C:\Program Files\dotnet\sdk\10.0.102\Microsoft.Common.CurrentVersion.targets(5080,5): warning MSB3026: Could not copy "D:\Techstdio\Arnob-MediPos\MediPos\Services.Contracts\bin\Debug\net10.0\Services.Contracts.pdb" to "bin\Debug\net10.0\Services.Contracts.pdb". Beginning retry 5 in 1000ms. The process cannot access the file 'D:\Techstdio\Arnob-MediPos\MediPos\Application\bin\Debug\net10.0\Services.Contracts.pdb' because it is being used by another process. The file is locked by: "Microsoft Visual Studio (14424)" [D:\Techstdio\Arnob-MediPos\MediPos\Application\Application.csproj]
C:\Program Files\dotnet\sdk\10.0.102\Microsoft.Common.CurrentVersion.targets(5080,5): warning MSB3026: Could not copy "D:\Techstdio\Arnob-MediPos\MediPos\Shared\bin\Debug\net10.0\Shared.pdb" to "bin\Debug\net10.0\Shared.pdb". Beginning retry 5 in 1000ms. The process cannot access the file 'D:\Techstdio\Arnob-MediPos\MediPos\Application\bin\Debug\net10.0\Shared.pdb' because it is being used by another process. The file is locked by: "Microsoft Visual Studio (14424)" [D:\Techstdio\Arnob-MediPos\MediPos\Application\Application.csproj]
C:\Program Files\dotnet\sdk\10.0.102\Microsoft.Common.CurrentVersion.targets(5080,5): warning MSB3026: Could not copy "D:\Techstdio\Arnob-MediPos\MediPos\Services.Contracts\bin\Debug\net10.0\Services.Contracts.pdb" to "bin\Debug\net10.0\Services.Contracts.pdb". Beginning retry 6 in 1000ms. The process cannot access the file 'D:\Techstdio\Arnob-MediPos\MediPos\Application\bin\Debug\net10.0\Services.Contracts.pdb' because it is being used by another process. The file is locked by: "Microsoft Visual Studio (14424)" [D:\Techstdio\Arnob-MediPos\MediPos\Application\Application.csproj]
C:\Program Files\dotnet\sdk\10.0.102\Microsoft.Common.CurrentVersion.targets(5080,5): warning MSB3026: Could not copy "D:\Techstdio\Arnob-MediPos\MediPos\Shared\bin\Debug\net10.0\Shared.pdb" to "bin\Debug\net10.0\Shared.pdb". Beginning retry 6 in 1000ms. The process cannot access the file 'D:\Techstdio\Arnob-MediPos\MediPos\Application\bin\Debug\net10.0\Shared.pdb' because it is being used by another process. The file is locked by: "Microsoft Visual Studio (14424)" [D:\Techstdio\Arnob-MediPos\MediPos\Application\Application.csproj]
C:\Program Files\dotnet\sdk\10.0.102\Microsoft.Common.CurrentVersion.targets(5080,5): warning MSB3026: Could not copy "D:\Techstdio\Arnob-MediPos\MediPos\Services.Contracts\bin\Debug\net10.0\Services.Contracts.pdb" to "bin\Debug\net10.0\Services.Contracts.pdb". Beginning retry 7 in 1000ms. The process cannot access the file 'D:\Techstdio\Arnob-MediPos\MediPos\Application\bin\Debug\net10.0\Services.Contracts.pdb' because it is being used by another process. The file is locked by: "Microsoft Visual Studio (14424)" [D:\Techstdio\Arnob-MediPos\MediPos\Application\Application.csproj]
C:\Program Files\dotnet\sdk\10.0.102\Microsoft.Common.CurrentVersion.targets(5080,5): warning MSB3026: Could not copy "D:\Techstdio\Arnob-MediPos\MediPos\Shared\bin\Debug\net10.0\Shared.pdb" to "bin\Debug\net10.0\Shared.pdb". Beginning retry 7 in 1000ms. The process cannot access the file 'D:\Techstdio\Arnob-MediPos\MediPos\Application\bin\Debug\net10.0\Shared.pdb' because it is being used by another process. The file is locked by: "Microsoft Visual Studio (14424)" [D:\Techstdio\Arnob-MediPos\MediPos\Application\Application.csproj]
C:\Program Files\dotnet\sdk\10.0.102\Microsoft.Common.CurrentVersion.targets(5080,5): warning MSB3026: Could not copy "D:\Techstdio\Arnob-MediPos\MediPos\Services.Contracts\bin\Debug\net10.0\Services.Contracts.pdb" to "bin\Debug\net10.0\Services.Contracts.pdb". Beginning retry 8 in 1000ms. The process cannot access the file 'D:\Techstdio\Arnob-MediPos\MediPos\Application\bin\Debug\net10.0\Services.Contracts.pdb' because it is being used by another process. The file is locked by: "Microsoft Visual Studio (14424)" [D:\Techstdio\Arnob-MediPos\MediPos\Application\Application.csproj]
C:\Program Files\dotnet\sdk\10.0.102\Microsoft.Common.CurrentVersion.targets(5080,5): warning MSB3026: Could not copy "D:\Techstdio\Arnob-MediPos\MediPos\Shared\bin\Debug\net10.0\Shared.pdb" to "bin\Debug\net10.0\Shared.pdb". Beginning retry 8 in 1000ms. The process cannot access the file 'D:\Techstdio\Arnob-MediPos\MediPos\Application\bin\Debug\net10.0\Shared.pdb' because it is being used by another process. The file is locked by: "Microsoft Visual Studio (14424)" [D:\Techstdio\Arnob-MediPos\MediPos\Application\Application.csproj]
C:\Program Files\dotnet\sdk\10.0.102\Microsoft.Common.CurrentVersion.targets(5080,5): warning MSB3026: Could not copy "D:\Techstdio\Arnob-MediPos\MediPos\Services.Contracts\bin\Debug\net10.0\Services.Contracts.pdb" to "bin\Debug\net10.0\Services.Contracts.pdb". Beginning retry 9 in 1000ms. The process cannot access the file 'D:\Techstdio\Arnob-MediPos\MediPos\Application\bin\Debug\net10.0\Services.Contracts.pdb' because it is being used by another process. The file is locked by: "Microsoft Visual Studio (14424)" [D:\Techstdio\Arnob-MediPos\MediPos\Application\Application.csproj]
C:\Program Files\dotnet\sdk\10.0.102\Microsoft.Common.CurrentVersion.targets(5080,5): warning MSB3026: Could not copy "D:\Techstdio\Arnob-MediPos\MediPos\Shared\bin\Debug\net10.0\Shared.pdb" to "bin\Debug\net10.0\Shared.pdb". Beginning retry 9 in 1000ms. The process cannot access the file 'D:\Techstdio\Arnob-MediPos\MediPos\Application\bin\Debug\net10.0\Shared.pdb' because it is being used by another process. The file is locked by: "Microsoft Visual Studio (14424)" [D:\Techstdio\Arnob-MediPos\MediPos\Application\Application.csproj]
C:\Program Files\dotnet\sdk\10.0.102\Microsoft.Common.CurrentVersion.targets(5080,5): warning MSB3026: Could not copy "D:\Techstdio\Arnob-MediPos\MediPos\Services.Contracts\bin\Debug\net10.0\Services.Contracts.pdb" to "bin\Debug\net10.0\Services.Contracts.pdb". Beginning retry 10 in 1000ms. The process cannot access the file 'D:\Techstdio\Arnob-MediPos\MediPos\Application\bin\Debug\net10.0\Services.Contracts.pdb' because it is being used by another process. The file is locked by: "Microsoft Visual Studio (14424)" [D:\Techstdio\Arnob-MediPos\MediPos\Application\Application.csproj]
C:\Program Files\dotnet\sdk\10.0.102\Microsoft.Common.CurrentVersion.targets(5080,5): warning MSB3026: Could not copy "D:\Techstdio\Arnob-MediPos\MediPos\Shared\bin\Debug\net10.0\Shared.pdb" to "bin\Debug\net10.0\Shared.pdb". Beginning retry 10 in 1000ms. The process cannot access the file 'D:\Techstdio\Arnob-MediPos\MediPos\Application\bin\Debug\net10.0\Shared.pdb' because it is being used by another process. The file is locked by: "Microsoft Visual Studio (14424)" [D:\Techstdio\Arnob-MediPos\MediPos\Application\Application.csproj]
C:\Program Files\dotnet\sdk\10.0.102\Microsoft.Common.CurrentVersion.targets(5080,5): error MSB3027: Could not copy "D:\Techstdio\Arnob-MediPos\MediPos\Services.Contracts\bin\Debug\net10.0\Services.Contracts.pdb" to "bin\Debug\net10.0\Services.Contracts.pdb". Exceeded retry count of 10. Failed. The file is locked by: "Microsoft Visual Studio (14424)" [D:\Techstdio\Arnob-MediPos\MediPos\Application\Application.csproj]
C:\Program Files\dotnet\sdk\10.0.102\Microsoft.Common.CurrentVersion.targets(5080,5): error MSB3021: Unable to copy file "D:\Techstdio\Arnob-MediPos\MediPos\Services.Contracts\bin\Debug\net10.0\Services.Contracts.pdb" to "bin\Debug\net10.0\Services.Contracts.pdb". The process cannot access the file 'D:\Techstdio\Arnob-MediPos\MediPos\Application\bin\Debug\net10.0\Services.Contracts.pdb' because it is being used by another process. [D:\Techstdio\Arnob-MediPos\MediPos\Application\Application.csproj]
C:\Program Files\dotnet\sdk\10.0.102\Microsoft.Common.CurrentVersion.targets(5080,5): error MSB3027: Could not copy "D:\Techstdio\Arnob-MediPos\MediPos\Shared\bin\Debug\net10.0\Shared.pdb" to "bin\Debug\net10.0\Shared.pdb". Exceeded retry count of 10. Failed. The file is locked by: "Microsoft Visual Studio (14424)" [D:\Techstdio\Arnob-MediPos\MediPos\Application\Application.csproj]
C:\Program Files\dotnet\sdk\10.0.102\Microsoft.Common.CurrentVersion.targets(5080,5): error MSB3021: Unable to copy file "D:\Techstdio\Arnob-MediPos\MediPos\Shared\bin\Debug\net10.0\Shared.pdb" to "bin\Debug\net10.0\Shared.pdb". The process cannot access the file 'D:\Techstdio\Arnob-MediPos\MediPos\Application\bin\Debug\net10.0\Shared.pdb' because it is being used by another process. [D:\Techstdio\Arnob-MediPos\MediPos\Application\Application.csproj]

Build FAILED.

C:\Program Files\dotnet\sdk\10.0.102\Microsoft.Common.CurrentVersion.targets(5080,5): warning MSB3026: Could not copy "D:\Techstdio\Arnob-MediPos\MediPos\Repositories.Contracts\bin\Debug\net10.0\Repositories.Contracts.dll" to "bin\Debug\net10.0\Repositories.Contracts.dll". Beginning retry 1 in 1000ms. The process cannot access the file 'D:\Techstdio\Arnob-MediPos\MediPos\Application\bin\Debug\net10.0\Repositories.Contracts.dll' because it is being used by another process. The file is locked by: "Application (36744)" [D:\Techstdio\Arnob-MediPos\MediPos\Application\Application.csproj]
C:\Program Files\dotnet\sdk\10.0.102\Microsoft.Common.CurrentVersion.targets(5080,5): warning MSB3026: Could not copy "D:\Techstdio\Arnob-MediPos\MediPos\Services.Contracts\bin\Debug\net10.0\Services.Contracts.dll" to "bin\Debug\net10.0\Services.Contracts.dll". Beginning retry 1 in 1000ms. The process cannot access the file 'D:\Techstdio\Arnob-MediPos\MediPos\Application\bin\Debug\net10.0\Services.Contracts.dll' because it is being used by another process. The file is locked by: "Application (36744)" [D:\Techstdio\Arnob-MediPos\MediPos\Application\Application.csproj]
C:\Program Files\dotnet\sdk\10.0.102\Microsoft.Common.CurrentVersion.targets(5080,5): warning MSB3026: Could not copy "D:\Techstdio\Arnob-MediPos\MediPos\Repositories.Concretes\bin\Debug\net10.0\Repositories.Concretes.dll" to "bin\Debug\net10.0\Repositories.Concretes.dll". Beginning retry 1 in 1000ms. The process cannot access the file 'D:\Techstdio\Arnob-MediPos\MediPos\Application\bin\Debug\net10.0\Repositories.Concretes.dll' because it is being used by another process. The file is locked by: "Microsoft Visual Studio (14424), Application (36744)" [D:\Techstdio\Arnob-MediPos\MediPos\Application\Application.csproj]
C:\Program Files\dotnet\sdk\10.0.102\Microsoft.Common.CurrentVersion.targets(5080,5): warning MSB3026: Could not copy "D:\Techstdio\Arnob-MediPos\MediPos\Services.Concretes\bin\Debug\net10.0\Services.Concretes.dll" to "bin\Debug\net10.0\Services.Concretes.dll". Beginning retry 1 in 1000ms. The process cannot access the file 'D:\Techstdio\Arnob-MediPos\MediPos\Application\bin\Debug\net10.0\Services.Concretes.dll' because it is being used by another process. The file is locked by: "Microsoft Visual Studio (14424), Application (36744)" [D:\Techstdio\Arnob-MediPos\MediPos\Application\Application.csproj]
C:\Program Files\dotnet\sdk\10.0.102\Microsoft.Common.CurrentVersion.targets(5080,5): warning MSB3026: Could not copy "D:\Techstdio\Arnob-MediPos\MediPos\Presentation.API\bin\Debug\net10.0\Presentation.API.dll" to "bin\Debug\net10.0\Presentation.API.dll". Beginning retry 1 in 1000ms. The process cannot access the file 'D:\Techstdio\Arnob-MediPos\MediPos\Application\bin\Debug\net10.0\Presentation.API.dll' because it is being used by another process. The file is locked by: "Microsoft Visual Studio (14424), Application (36744)" [D:\Techstdio\Arnob-MediPos\MediPos\Application\Application.csproj]
C:\Program Files\dotnet\sdk\10.0.102\Microsoft.Common.CurrentVersion.targets(5080,5): warning MSB3026: Could not copy "D:\Techstdio\Arnob-MediPos\MediPos\Domain\bin\Debug\net10.0\Domain.dll" to "bin\Debug\net10.0\Domain.dll". Beginning retry 1 in 1000ms. The process cannot access the file 'D:\Techstdio\Arnob-MediPos\MediPos\Application\bin\Debug\net10.0\Domain.dll' because it is being used by another process. The file is locked by: "Microsoft Visual Studio (14424), Application (36744)" [D:\Techstdio\Arnob-MediPos\MediPos\Application\Application.csproj]
C:\Program Files\dotnet\sdk\10.0.102\Microsoft.Common.CurrentVersion.targets(5080,5): warning MSB3026: Could not copy "D:\Techstdio\Arnob-MediPos\MediPos\Services.Contracts\bin\Debug\net10.0\Services.Contracts.dll" to "bin\Debug\net10.0\Services.Contracts.dll". Beginning retry 2 in 1000ms. The process cannot access the file 'D:\Techstdio\Arnob-MediPos\MediPos\Application\bin\Debug\net10.0\Services.Contracts.dll' because it is being used by another process. The file is locked by: "Application (36744)" [D:\Techstdio\Arnob-MediPos\MediPos\Application\Application.csproj]
C:\Program Files\dotnet\sdk\10.0.102\Microsoft.Common.CurrentVersion.targets(5080,5): warning MSB3026: Could not copy "D:\Techstdio\Arnob-MediPos\MediPos\Repositories.Contracts\bin\Debug\net10.0\Repositories.Contracts.dll" to "bin\Debug\net10.0\Repositories.Contracts.dll". Beginning retry 2 in 1000ms. The process cannot access the file 'D:\Techstdio\Arnob-MediPos\MediPos\Application\bin\Debug\net10.0\Repositories.Contracts.dll' because it is being used by another process. The file is locked by: "Application (36744)" [D:\Techstdio\Arnob-MediPos\MediPos\Application\Application.csproj]
C:\Program Files\dotnet\sdk\10.0.102\Microsoft.Common.CurrentVersion.targets(5080,5): warning MSB3026: Could not copy "D:\Techstdio\Arnob-MediPos\MediPos\Presentation.API\bin\Debug\net10.0\Presentation.API.dll" to "bin\Debug\net10.0\Presentation.API.dll". Beginning retry 2 in 1000ms. The process cannot access the file 'D:\Techstdio\Arnob-MediPos\MediPos\Application\bin\Debug\net10.0\Presentation.API.dll' because it is being used by another process. The file is locked by: "Microsoft Visual Studio (14424), Application (36744)" [D:\Techstdio\Arnob-MediPos\MediPos\Application\Application.csproj]
C:\Program Files\dotnet\sdk\10.0.102\Microsoft.Common.CurrentVersion.targets(5080,5): warning MSB3026: Could not copy "D:\Techstdio\Arnob-MediPos\MediPos\Domain\bin\Debug\net10.0\Domain.dll" to "bin\Debug\net10.0\Domain.dll". Beginning retry 2 in 1000ms. The process cannot access the file 'D:\Techstdio\Arnob-MediPos\MediPos\Application\bin\Debug\net10.0\Domain.dll' because it is being used by another process. The file is locked by: "Microsoft Visual Studio (14424), Application (36744)" [D:\Techstdio\Arnob-MediPos\MediPos\Application\Application.csproj]
C:\Program Files\dotnet\sdk\10.0.102\Microsoft.Common.CurrentVersion.targets(5080,5): warning MSB3026: Could not copy "D:\Techstdio\Arnob-MediPos\MediPos\Services.Concretes\bin\Debug\net10.0\Services.Concretes.dll" to "bin\Debug\net10.0\Services.Concretes.dll". Beginning retry 2 in 1000ms. The process cannot access the file 'D:\Techstdio\Arnob-MediPos\MediPos\Application\bin\Debug\net10.0\Services.Concretes.dll' because it is being used by another process. The file is locked by: "Microsoft Visual Studio (14424), Application (36744)" [D:\Techstdio\Arnob-MediPos\MediPos\Application\Application.csproj]
C:\Program Files\dotnet\sdk\10.0.102\Microsoft.Common.CurrentVersion.targets(5080,5): warning MSB3026: Could not copy "D:\Techstdio\Arnob-MediPos\MediPos\Repositories.Concretes\bin\Debug\net10.0\Repositories.Concretes.dll" to "bin\Debug\net10.0\Repositories.Concretes.dll". Beginning retry 2 in 1000ms. The process cannot access the file 'D:\Techstdio\Arnob-MediPos\MediPos\Application\bin\Debug\net10.0\Repositories.Concretes.dll' because it is being used by another process. The file is locked by: "Microsoft Visual Studio (14424), Application (36744)" [D:\Techstdio\Arnob-MediPos\MediPos\Application\Application.csproj]
C:\Program Files\dotnet\sdk\10.0.102\Microsoft.Common.CurrentVersion.targets(5080,5): warning MSB3026: Could not copy "D:\Techstdio\Arnob-MediPos\MediPos\Repositories.Contracts\bin\Debug\net10.0\Repositories.Contracts.dll" to "bin\Debug\net10.0\Repositories.Contracts.dll". Beginning retry 3 in 1000ms. The process cannot access the file 'D:\Techstdio\Arnob-MediPos\MediPos\Application\bin\Debug\net10.0\Repositories.Contracts.dll' because it is being used by another process. The file is locked by: "Application (36744)" [D:\Techstdio\Arnob-MediPos\MediPos\Application\Application.csproj]
C:\Program Files\dotnet\sdk\10.0.102\Microsoft.Common.CurrentVersion.targets(5080,5): warning MSB3026: Could not copy "D:\Techstdio\Arnob-MediPos\MediPos\Services.Contracts\bin\Debug\net10.0\Services.Contracts.dll" to "bin\Debug\net10.0\Services.Contracts.dll". Beginning retry 3 in 1000ms. The process cannot access the file 'D:\Techstdio\Arnob-MediPos\MediPos\Application\bin\Debug\net10.0\Services.Contracts.dll' because it is being used by another process. The file is locked by: "Application (36744)" [D:\Techstdio\Arnob-MediPos\MediPos\Application\Application.csproj]
C:\Program Files\dotnet\sdk\10.0.102\Microsoft.Common.CurrentVersion.targets(5080,5): warning MSB3026: Could not copy "D:\Techstdio\Arnob-MediPos\MediPos\Services.Concretes\bin\Debug\net10.0\Services.Concretes.dll" to "bin\Debug\net10.0\Services.Concretes.dll". Beginning retry 3 in 1000ms. The process cannot access the file 'D:\Techstdio\Arnob-MediPos\MediPos\Application\bin\Debug\net10.0\Services.Concretes.dll' because it is being used by another process. The file is locked by: "Microsoft Visual Studio (14424), Application (36744)" [D:\Techstdio\Arnob-MediPos\MediPos\Application\Application.csproj]
C:\Program Files\dotnet\sdk\10.0.102\Microsoft.Common.CurrentVersion.targets(5080,5): warning MSB3026: Could not copy "D:\Techstdio\Arnob-MediPos\MediPos\Domain\bin\Debug\net10.0\Domain.dll" to "bin\Debug\net10.0\Domain.dll". Beginning retry 3 in 1000ms. The process cannot access the file 'D:\Techstdio\Arnob-MediPos\MediPos\Application\bin\Debug\net10.0\Domain.dll' because it is being used by another process. The file is locked by: "Microsoft Visual Studio (14424), Application (36744)" [D:\Techstdio\Arnob-MediPos\MediPos\Application\Application.csproj]
C:\Program Files\dotnet\sdk\10.0.102\Microsoft.Common.CurrentVersion.targets(5080,5): warning MSB3026: Could not copy "D:\Techstdio\Arnob-MediPos\MediPos\Presentation.API\bin\Debug\net10.0\Presentation.API.dll" to "bin\Debug\net10.0\Presentation.API.dll". Beginning retry 3 in 1000ms. The process cannot access the file 'D:\Techstdio\Arnob-MediPos\MediPos\Application\bin\Debug\net10.0\Presentation.API.dll' because it is being used by another process. The file is locked by: "Microsoft Visual Studio (14424), Application (36744)" [D:\Techstdio\Arnob-MediPos\MediPos\Application\Application.csproj]
C:\Program Files\dotnet\sdk\10.0.102\Microsoft.Common.CurrentVersion.targets(5080,5): warning MSB3026: Could not copy "D:\Techstdio\Arnob-MediPos\MediPos\Repositories.Concretes\bin\Debug\net10.0\Repositories.Concretes.dll" to "bin\Debug\net10.0\Repositories.Concretes.dll". Beginning retry 3 in 1000ms. The process cannot access the file 'D:\Techstdio\Arnob-MediPos\MediPos\Application\bin\Debug\net10.0\Repositories.Concretes.dll' because it is being used by another process. The file is locked by: "Microsoft Visual Studio (14424), Application (36744)" [D:\Techstdio\Arnob-MediPos\MediPos\Application\Application.csproj]
C:\Program Files\dotnet\sdk\10.0.102\Microsoft.Common.CurrentVersion.targets(5080,5): warning MSB3026: Could not copy "D:\Techstdio\Arnob-MediPos\MediPos\Repositories.Contracts\bin\Debug\net10.0\Repositories.Contracts.dll" to "bin\Debug\net10.0\Repositories.Contracts.dll". Beginning retry 4 in 1000ms. The process cannot access the file 'D:\Techstdio\Arnob-MediPos\MediPos\Application\bin\Debug\net10.0\Repositories.Contracts.dll' because it is being used by another process. The file is locked by: "Application (36744)" [D:\Techstdio\Arnob-MediPos\MediPos\Application\Application.csproj]
C:\Program Files\dotnet\sdk\10.0.102\Microsoft.Common.CurrentVersion.targets(5080,5): warning MSB3026: Could not copy "D:\Techstdio\Arnob-MediPos\MediPos\Services.Contracts\bin\Debug\net10.0\Services.Contracts.dll" to "bin\Debug\net10.0\Services.Contracts.dll". Beginning retry 4 in 1000ms. The process cannot access the file 'D:\Techstdio\Arnob-MediPos\MediPos\Application\bin\Debug\net10.0\Services.Contracts.dll' because it is being used by another process. The file is locked by: "Application (36744)" [D:\Techstdio\Arnob-MediPos\MediPos\Application\Application.csproj]
C:\Program Files\dotnet\sdk\10.0.102\Microsoft.Common.CurrentVersion.targets(5080,5): warning MSB3026: Could not copy "D:\Techstdio\Arnob-MediPos\MediPos\Services.Concretes\bin\Debug\net10.0\Services.Concretes.dll" to "bin\Debug\net10.0\Services.Concretes.dll". Beginning retry 4 in 1000ms. The process cannot access the file 'D:\Techstdio\Arnob-MediPos\MediPos\Application\bin\Debug\net10.0\Services.Concretes.dll' because it is being used by another process. The file is locked by: "Microsoft Visual Studio (14424), Application (36744)" [D:\Techstdio\Arnob-MediPos\MediPos\Application\Application.csproj]
C:\Program Files\dotnet\sdk\10.0.102\Microsoft.Common.CurrentVersion.targets(5080,5): warning MSB3026: Could not copy "D:\Techstdio\Arnob-MediPos\MediPos\Domain\bin\Debug\net10.0\Domain.dll" to "bin\Debug\net10.0\Domain.dll". Beginning retry 4 in 1000ms. The process cannot access the file 'D:\Techstdio\Arnob-MediPos\MediPos\Application\bin\Debug\net10.0\Domain.dll' because it is being used by another process. The file is locked by: "Microsoft Visual Studio (14424), Application (36744)" [D:\Techstdio\Arnob-MediPos\MediPos\Application\Application.csproj]
C:\Program Files\dotnet\sdk\10.0.102\Microsoft.Common.CurrentVersion.targets(5080,5): warning MSB3026: Could not copy "D:\Techstdio\Arnob-MediPos\MediPos\Repositories.Concretes\bin\Debug\net10.0\Repositories.Concretes.dll" to "bin\Debug\net10.0\Repositories.Concretes.dll". Beginning retry 4 in 1000ms. The process cannot access the file 'D:\Techstdio\Arnob-MediPos\MediPos\Application\bin\Debug\net10.0\Repositories.Concretes.dll' because it is being used by another process. The file is locked by: "Microsoft Visual Studio (14424), Application (36744)" [D:\Techstdio\Arnob-MediPos\MediPos\Application\Application.csproj]
C:\Program Files\dotnet\sdk\10.0.102\Microsoft.Common.CurrentVersion.targets(5080,5): warning MSB3026: Could not copy "D:\Techstdio\Arnob-MediPos\MediPos\Presentation.API\bin\Debug\net10.0\Presentation.API.dll" to "bin\Debug\net10.0\Presentation.API.dll". Beginning retry 4 in 1000ms. The process cannot access the file 'D:\Techstdio\Arnob-MediPos\MediPos\Application\bin\Debug\net10.0\Presentation.API.dll' because it is being used by another process. The file is locked by: "Microsoft Visual Studio (14424), Application (36744)" [D:\Techstdio\Arnob-MediPos\MediPos\Application\Application.csproj]
C:\Program Files\dotnet\sdk\10.0.102\Microsoft.Common.CurrentVersion.targets(5080,5): warning MSB3026: Could not copy "D:\Techstdio\Arnob-MediPos\MediPos\Services.Contracts\bin\Debug\net10.0\Services.Contracts.dll" to "bin\Debug\net10.0\Services.Contracts.dll". Beginning retry 5 in 1000ms. The process cannot access the file 'D:\Techstdio\Arnob-MediPos\MediPos\Application\bin\Debug\net10.0\Services.Contracts.dll' because it is being used by another process. The file is locked by: "Application (36744)" [D:\Techstdio\Arnob-MediPos\MediPos\Application\Application.csproj]
C:\Program Files\dotnet\sdk\10.0.102\Microsoft.Common.CurrentVersion.targets(5080,5): warning MSB3026: Could not copy "D:\Techstdio\Arnob-MediPos\MediPos\Repositories.Contracts\bin\Debug\net10.0\Repositories.Contracts.dll" to "bin\Debug\net10.0\Repositories.Contracts.dll". Beginning retry 5 in 1000ms. The process cannot access the file 'D:\Techstdio\Arnob-MediPos\MediPos\Application\bin\Debug\net10.0\Repositories.Contracts.dll' because it is being used by another process. The file is locked by: "Application (36744)" [D:\Techstdio\Arnob-MediPos\MediPos\Application\Application.csproj]
C:\Program Files\dotnet\sdk\10.0.102\Microsoft.Common.CurrentVersion.targets(5080,5): warning MSB3026: Could not copy "D:\Techstdio\Arnob-MediPos\MediPos\Domain\bin\Debug\net10.0\Domain.dll" to "bin\Debug\net10.0\Domain.dll". Beginning retry 5 in 1000ms. The process cannot access the file 'D:\Techstdio\Arnob-MediPos\MediPos\Application\bin\Debug\net10.0\Domain.dll' because it is being used by another process. The file is locked by: "Microsoft Visual Studio (14424), Application (36744)" [D:\Techstdio\Arnob-MediPos\MediPos\Application\Application.csproj]
C:\Program Files\dotnet\sdk\10.0.102\Microsoft.Common.CurrentVersion.targets(5080,5): warning MSB3026: Could not copy "D:\Techstdio\Arnob-MediPos\MediPos\Services.Concretes\bin\Debug\net10.0\Services.Concretes.dll" to "bin\Debug\net10.0\Services.Concretes.dll". Beginning retry 5 in 1000ms. The process cannot access the file 'D:\Techstdio\Arnob-MediPos\MediPos\Application\bin\Debug\net10.0\Services.Concretes.dll' because it is being used by another process. The file is locked by: "Microsoft Visual Studio (14424), Application (36744)" [D:\Techstdio\Arnob-MediPos\MediPos\Application\Application.csproj]
C:\Program Files\dotnet\sdk\10.0.102\Microsoft.Common.CurrentVersion.targets(5080,5): warning MSB3026: Could not copy "D:\Techstdio\Arnob-MediPos\MediPos\Presentation.API\bin\Debug\net10.0\Presentation.API.dll" to "bin\Debug\net10.0\Presentation.API.dll". Beginning retry 5 in 1000ms. The process cannot access the file 'D:\Techstdio\Arnob-MediPos\MediPos\Application\bin\Debug\net10.0\Presentation.API.dll' because it is being used by another process. The file is locked by: "Microsoft Visual Studio (14424), Application (36744)" [D:\Techstdio\Arnob-MediPos\MediPos\Application\Application.csproj]
C:\Program Files\dotnet\sdk\10.0.102\Microsoft.Common.CurrentVersion.targets(5080,5): warning MSB3026: Could not copy "D:\Techstdio\Arnob-MediPos\MediPos\Repositories.Concretes\bin\Debug\net10.0\Repositories.Concretes.dll" to "bin\Debug\net10.0\Repositories.Concretes.dll". Beginning retry 5 in 1000ms. The process cannot access the file 'D:\Techstdio\Arnob-MediPos\MediPos\Application\bin\Debug\net10.0\Repositories.Concretes.dll' because it is being used by another process. The file is locked by: "Microsoft Visual Studio (14424), Application (36744)" [D:\Techstdio\Arnob-MediPos\MediPos\Application\Application.csproj]
C:\Program Files\dotnet\sdk\10.0.102\Microsoft.Common.CurrentVersion.targets(5080,5): warning MSB3026: Could not copy "D:\Techstdio\Arnob-MediPos\MediPos\Repositories.Contracts\bin\Debug\net10.0\Repositories.Contracts.dll" to "bin\Debug\net10.0\Repositories.Contracts.dll". Beginning retry 6 in 1000ms. The process cannot access the file 'D:\Techstdio\Arnob-MediPos\MediPos\Application\bin\Debug\net10.0\Repositories.Contracts.dll' because it is being used by another process. The file is locked by: "Application (36744)" [D:\Techstdio\Arnob-MediPos\MediPos\Application\Application.csproj]
C:\Program Files\dotnet\sdk\10.0.102\Microsoft.Common.CurrentVersion.targets(5080,5): warning MSB3026: Could not copy "D:\Techstdio\Arnob-MediPos\MediPos\Services.Contracts\bin\Debug\net10.0\Services.Contracts.dll" to "bin\Debug\net10.0\Services.Contracts.dll". Beginning retry 6 in 1000ms. The process cannot access the file 'D:\Techstdio\Arnob-MediPos\MediPos\Application\bin\Debug\net10.0\Services.Contracts.dll' because it is being used by another process. The file is locked by: "Application (36744)" [D:\Techstdio\Arnob-MediPos\MediPos\Application\Application.csproj]
C:\Program Files\dotnet\sdk\10.0.102\Microsoft.Common.CurrentVersion.targets(5080,5): warning MSB3026: Could not copy "D:\Techstdio\Arnob-MediPos\MediPos\Repositories.Concretes\bin\Debug\net10.0\Repositories.Concretes.dll" to "bin\Debug\net10.0\Repositories.Concretes.dll". Beginning retry 6 in 1000ms. The process cannot access the file 'D:\Techstdio\Arnob-MediPos\MediPos\Application\bin\Debug\net10.0\Repositories.Concretes.dll' because it is being used by another process. The file is locked by: "Microsoft Visual Studio (14424), Application (36744)" [D:\Techstdio\Arnob-MediPos\MediPos\Application\Application.csproj]
C:\Program Files\dotnet\sdk\10.0.102\Microsoft.Common.CurrentVersion.targets(5080,5): warning MSB3026: Could not copy "D:\Techstdio\Arnob-MediPos\MediPos\Domain\bin\Debug\net10.0\Domain.dll" to "bin\Debug\net10.0\Domain.dll". Beginning retry 6 in 1000ms. The process cannot access the file 'D:\Techstdio\Arnob-MediPos\MediPos\Application\bin\Debug\net10.0\Domain.dll' because it is being used by another process. The file is locked by: "Microsoft Visual Studio (14424), Application (36744)" [D:\Techstdio\Arnob-MediPos\MediPos\Application\Application.csproj]
C:\Program Files\dotnet\sdk\10.0.102\Microsoft.Common.CurrentVersion.targets(5080,5): warning MSB3026: Could not copy "D:\Techstdio\Arnob-MediPos\MediPos\Presentation.API\bin\Debug\net10.0\Presentation.API.dll" to "bin\Debug\net10.0\Presentation.API.dll". Beginning retry 6 in 1000ms. The process cannot access the file 'D:\Techstdio\Arnob-MediPos\MediPos\Application\bin\Debug\net10.0\Presentation.API.dll' because it is being used by another process. The file is locked by: "Microsoft Visual Studio (14424), Application (36744)" [D:\Techstdio\Arnob-MediPos\MediPos\Application\Application.csproj]
C:\Program Files\dotnet\sdk\10.0.102\Microsoft.Common.CurrentVersion.targets(5080,5): warning MSB3026: Could not copy "D:\Techstdio\Arnob-MediPos\MediPos\Services.Concretes\bin\Debug\net10.0\Services.Concretes.dll" to "bin\Debug\net10.0\Services.Concretes.dll". Beginning retry 6 in 1000ms. The process cannot access the file 'D:\Techstdio\Arnob-MediPos\MediPos\Application\bin\Debug\net10.0\Services.Concretes.dll' because it is being used by another process. The file is locked by: "Microsoft Visual Studio (14424), Application (36744)" [D:\Techstdio\Arnob-MediPos\MediPos\Application\Application.csproj]
C:\Program Files\dotnet\sdk\10.0.102\Microsoft.Common.CurrentVersion.targets(5080,5): warning MSB3026: Could not copy "D:\Techstdio\Arnob-MediPos\MediPos\Repositories.Contracts\bin\Debug\net10.0\Repositories.Contracts.dll" to "bin\Debug\net10.0\Repositories.Contracts.dll". Beginning retry 7 in 1000ms. The process cannot access the file 'D:\Techstdio\Arnob-MediPos\MediPos\Application\bin\Debug\net10.0\Repositories.Contracts.dll' because it is being used by another process. The file is locked by: "Application (36744)" [D:\Techstdio\Arnob-MediPos\MediPos\Application\Application.csproj]
C:\Program Files\dotnet\sdk\10.0.102\Microsoft.Common.CurrentVersion.targets(5080,5): warning MSB3026: Could not copy "D:\Techstdio\Arnob-MediPos\MediPos\Services.Contracts\bin\Debug\net10.0\Services.Contracts.dll" to "bin\Debug\net10.0\Services.Contracts.dll". Beginning retry 7 in 1000ms. The process cannot access the file 'D:\Techstdio\Arnob-MediPos\MediPos\Application\bin\Debug\net10.0\Services.Contracts.dll' because it is being used by another process. The file is locked by: "Application (36744)" [D:\Techstdio\Arnob-MediPos\MediPos\Application\Application.csproj]
C:\Program Files\dotnet\sdk\10.0.102\Microsoft.Common.CurrentVersion.targets(5080,5): warning MSB3026: Could not copy "D:\Techstdio\Arnob-MediPos\MediPos\Presentation.API\bin\Debug\net10.0\Presentation.API.dll" to "bin\Debug\net10.0\Presentation.API.dll". Beginning retry 7 in 1000ms. The process cannot access the file 'D:\Techstdio\Arnob-MediPos\MediPos\Application\bin\Debug\net10.0\Presentation.API.dll' because it is being used by another process. The file is locked by: "Microsoft Visual Studio (14424), Application (36744)" [D:\Techstdio\Arnob-MediPos\MediPos\Application\Application.csproj]
C:\Program Files\dotnet\sdk\10.0.102\Microsoft.Common.CurrentVersion.targets(5080,5): warning MSB3026: Could not copy "D:\Techstdio\Arnob-MediPos\MediPos\Domain\bin\Debug\net10.0\Domain.dll" to "bin\Debug\net10.0\Domain.dll". Beginning retry 7 in 1000ms. The process cannot access the file 'D:\Techstdio\Arnob-MediPos\MediPos\Application\bin\Debug\net10.0\Domain.dll' because it is being used by another process. The file is locked by: "Microsoft Visual Studio (14424), Application (36744)" [D:\Techstdio\Arnob-MediPos\MediPos\Application\Application.csproj]
C:\Program Files\dotnet\sdk\10.0.102\Microsoft.Common.CurrentVersion.targets(5080,5): warning MSB3026: Could not copy "D:\Techstdio\Arnob-MediPos\MediPos\Repositories.Concretes\bin\Debug\net10.0\Repositories.Concretes.dll" to "bin\Debug\net10.0\Repositories.Concretes.dll". Beginning retry 7 in 1000ms. The process cannot access the file 'D:\Techstdio\Arnob-MediPos\MediPos\Application\bin\Debug\net10.0\Repositories.Concretes.dll' because it is being used by another process. The file is locked by: "Microsoft Visual Studio (14424), Application (36744)" [D:\Techstdio\Arnob-MediPos\MediPos\Application\Application.csproj]
C:\Program Files\dotnet\sdk\10.0.102\Microsoft.Common.CurrentVersion.targets(5080,5): warning MSB3026: Could not copy "D:\Techstdio\Arnob-MediPos\MediPos\Services.Concretes\bin\Debug\net10.0\Services.Concretes.dll" to "bin\Debug\net10.0\Services.Concretes.dll". Beginning retry 7 in 1000ms. The process cannot access the file 'D:\Techstdio\Arnob-MediPos\MediPos\Application\bin\Debug\net10.0\Services.Concretes.dll' because it is being used by another process. The file is locked by: "Microsoft Visual Studio (14424), Application (36744)" [D:\Techstdio\Arnob-MediPos\MediPos\Application\Application.csproj]
C:\Program Files\dotnet\sdk\10.0.102\Microsoft.Common.CurrentVersion.targets(5080,5): warning MSB3026: Could not copy "D:\Techstdio\Arnob-MediPos\MediPos\Services.Contracts\bin\Debug\net10.0\Services.Contracts.dll" to "bin\Debug\net10.0\Services.Contracts.dll". Beginning retry 8 in 1000ms. The process cannot access the file 'D:\Techstdio\Arnob-MediPos\MediPos\Application\bin\Debug\net10.0\Services.Contracts.dll' because it is being used by another process. The file is locked by: "Application (36744)" [D:\Techstdio\Arnob-MediPos\MediPos\Application\Application.csproj]
C:\Program Files\dotnet\sdk\10.0.102\Microsoft.Common.CurrentVersion.targets(5080,5): warning MSB3026: Could not copy "D:\Techstdio\Arnob-MediPos\MediPos\Repositories.Contracts\bin\Debug\net10.0\Repositories.Contracts.dll" to "bin\Debug\net10.0\Repositories.Contracts.dll". Beginning retry 8 in 1000ms. The process cannot access the file 'D:\Techstdio\Arnob-MediPos\MediPos\Application\bin\Debug\net10.0\Repositories.Contracts.dll' because it is being used by another process. The file is locked by: "Application (36744)" [D:\Techstdio\Arnob-MediPos\MediPos\Application\Application.csproj]
C:\Program Files\dotnet\sdk\10.0.102\Microsoft.Common.CurrentVersion.targets(5080,5): warning MSB3026: Could not copy "D:\Techstdio\Arnob-MediPos\MediPos\Repositories.Concretes\bin\Debug\net10.0\Repositories.Concretes.dll" to "bin\Debug\net10.0\Repositories.Concretes.dll". Beginning retry 8 in 1000ms. The process cannot access the file 'D:\Techstdio\Arnob-MediPos\MediPos\Application\bin\Debug\net10.0\Repositories.Concretes.dll' because it is being used by another process. The file is locked by: "Microsoft Visual Studio (14424), Application (36744)" [D:\Techstdio\Arnob-MediPos\MediPos\Application\Application.csproj]
C:\Program Files\dotnet\sdk\10.0.102\Microsoft.Common.CurrentVersion.targets(5080,5): warning MSB3026: Could not copy "D:\Techstdio\Arnob-MediPos\MediPos\Domain\bin\Debug\net10.0\Domain.dll" to "bin\Debug\net10.0\Domain.dll". Beginning retry 8 in 1000ms. The process cannot access the file 'D:\Techstdio\Arnob-MediPos\MediPos\Application\bin\Debug\net10.0\Domain.dll' because it is being used by another process. The file is locked by: "Microsoft Visual Studio (14424), Application (36744)" [D:\Techstdio\Arnob-MediPos\MediPos\Application\Application.csproj]
C:\Program Files\dotnet\sdk\10.0.102\Microsoft.Common.CurrentVersion.targets(5080,5): warning MSB3026: Could not copy "D:\Techstdio\Arnob-MediPos\MediPos\Presentation.API\bin\Debug\net10.0\Presentation.API.dll" to "bin\Debug\net10.0\Presentation.API.dll". Beginning retry 8 in 1000ms. The process cannot access the file 'D:\Techstdio\Arnob-MediPos\MediPos\Application\bin\Debug\net10.0\Presentation.API.dll' because it is being used by another process. The file is locked by: "Microsoft Visual Studio (14424), Application (36744)" [D:\Techstdio\Arnob-MediPos\MediPos\Application\Application.csproj]
C:\Program Files\dotnet\sdk\10.0.102\Microsoft.Common.CurrentVersion.targets(5080,5): warning MSB3026: Could not copy "D:\Techstdio\Arnob-MediPos\MediPos\Services.Concretes\bin\Debug\net10.0\Services.Concretes.dll" to "bin\Debug\net10.0\Services.Concretes.dll". Beginning retry 8 in 1000ms. The process cannot access the file 'D:\Techstdio\Arnob-MediPos\MediPos\Application\bin\Debug\net10.0\Services.Concretes.dll' because it is being used by another process. The file is locked by: "Microsoft Visual Studio (14424), Application (36744)" [D:\Techstdio\Arnob-MediPos\MediPos\Application\Application.csproj]
C:\Program Files\dotnet\sdk\10.0.102\Microsoft.Common.CurrentVersion.targets(5080,5): warning MSB3026: Could not copy "D:\Techstdio\Arnob-MediPos\MediPos\Repositories.Contracts\bin\Debug\net10.0\Repositories.Contracts.dll" to "bin\Debug\net10.0\Repositories.Contracts.dll". Beginning retry 9 in 1000ms. The process cannot access the file 'D:\Techstdio\Arnob-MediPos\MediPos\Application\bin\Debug\net10.0\Repositories.Contracts.dll' because it is being used by another process. The file is locked by: "Application (36744)" [D:\Techstdio\Arnob-MediPos\MediPos\Application\Application.csproj]
C:\Program Files\dotnet\sdk\10.0.102\Microsoft.Common.CurrentVersion.targets(5080,5): warning MSB3026: Could not copy "D:\Techstdio\Arnob-MediPos\MediPos\Services.Contracts\bin\Debug\net10.0\Services.Contracts.dll" to "bin\Debug\net10.0\Services.Contracts.dll". Beginning retry 9 in 1000ms. The process cannot access the file 'D:\Techstdio\Arnob-MediPos\MediPos\Application\bin\Debug\net10.0\Services.Contracts.dll' because it is being used by another process. The file is locked by: "Application (36744)" [D:\Techstdio\Arnob-MediPos\MediPos\Application\Application.csproj]
C:\Program Files\dotnet\sdk\10.0.102\Microsoft.Common.CurrentVersion.targets(5080,5): warning MSB3026: Could not copy "D:\Techstdio\Arnob-MediPos\MediPos\Repositories.Concretes\bin\Debug\net10.0\Repositories.Concretes.dll" to "bin\Debug\net10.0\Repositories.Concretes.dll". Beginning retry 9 in 1000ms. The process cannot access the file 'D:\Techstdio\Arnob-MediPos\MediPos\Application\bin\Debug\net10.0\Repositories.Concretes.dll' because it is being used by another process. The file is locked by: "Microsoft Visual Studio (14424), Application (36744)" [D:\Techstdio\Arnob-MediPos\MediPos\Application\Application.csproj]
C:\Program Files\dotnet\sdk\10.0.102\Microsoft.Common.CurrentVersion.targets(5080,5): warning MSB3026: Could not copy "D:\Techstdio\Arnob-MediPos\MediPos\Domain\bin\Debug\net10.0\Domain.dll" to "bin\Debug\net10.0\Domain.dll". Beginning retry 9 in 1000ms. The process cannot access the file 'D:\Techstdio\Arnob-MediPos\MediPos\Application\bin\Debug\net10.0\Domain.dll' because it is being used by another process. The file is locked by: "Microsoft Visual Studio (14424), Application (36744)" [D:\Techstdio\Arnob-MediPos\MediPos\Application\Application.csproj]
C:\Program Files\dotnet\sdk\10.0.102\Microsoft.Common.CurrentVersion.targets(5080,5): warning MSB3026: Could not copy "D:\Techstdio\Arnob-MediPos\MediPos\Presentation.API\bin\Debug\net10.0\Presentation.API.dll" to "bin\Debug\net10.0\Presentation.API.dll". Beginning retry 9 in 1000ms. The process cannot access the file 'D:\Techstdio\Arnob-MediPos\MediPos\Application\bin\Debug\net10.0\Presentation.API.dll' because it is being used by another process. The file is locked by: "Microsoft Visual Studio (14424), Application (36744)" [D:\Techstdio\Arnob-MediPos\MediPos\Application\Application.csproj]
C:\Program Files\dotnet\sdk\10.0.102\Microsoft.Common.CurrentVersion.targets(5080,5): warning MSB3026: Could not copy "D:\Techstdio\Arnob-MediPos\MediPos\Services.Concretes\bin\Debug\net10.0\Services.Concretes.dll" to "bin\Debug\net10.0\Services.Concretes.dll". Beginning retry 9 in 1000ms. The process cannot access the file 'D:\Techstdio\Arnob-MediPos\MediPos\Application\bin\Debug\net10.0\Services.Concretes.dll' because it is being used by another process. The file is locked by: "Microsoft Visual Studio (14424), Application (36744)" [D:\Techstdio\Arnob-MediPos\MediPos\Application\Application.csproj]
C:\Program Files\dotnet\sdk\10.0.102\Microsoft.Common.CurrentVersion.targets(5080,5): warning MSB3026: Could not copy "D:\Techstdio\Arnob-MediPos\MediPos\Repositories.Contracts\bin\Debug\net10.0\Repositories.Contracts.dll" to "bin\Debug\net10.0\Repositories.Contracts.dll". Beginning retry 10 in 1000ms. The process cannot access the file 'D:\Techstdio\Arnob-MediPos\MediPos\Application\bin\Debug\net10.0\Repositories.Contracts.dll' because it is being used by another process. The file is locked by: "Application (36744)" [D:\Techstdio\Arnob-MediPos\MediPos\Application\Application.csproj]
C:\Program Files\dotnet\sdk\10.0.102\Microsoft.Common.CurrentVersion.targets(5080,5): warning MSB3026: Could not copy "D:\Techstdio\Arnob-MediPos\MediPos\Services.Contracts\bin\Debug\net10.0\Services.Contracts.dll" to "bin\Debug\net10.0\Services.Contracts.dll". Beginning retry 10 in 1000ms. The process cannot access the file 'D:\Techstdio\Arnob-MediPos\MediPos\Application\bin\Debug\net10.0\Services.Contracts.dll' because it is being used by another process. The file is locked by: "Application (36744)" [D:\Techstdio\Arnob-MediPos\MediPos\Application\Application.csproj]
C:\Program Files\dotnet\sdk\10.0.102\Microsoft.Common.CurrentVersion.targets(5080,5): warning MSB3026: Could not copy "D:\Techstdio\Arnob-MediPos\MediPos\Services.Concretes\bin\Debug\net10.0\Services.Concretes.dll" to "bin\Debug\net10.0\Services.Concretes.dll". Beginning retry 10 in 1000ms. The process cannot access the file 'D:\Techstdio\Arnob-MediPos\MediPos\Application\bin\Debug\net10.0\Services.Concretes.dll' because it is being used by another process. The file is locked by: "Microsoft Visual Studio (14424), Application (36744)" [D:\Techstdio\Arnob-MediPos\MediPos\Application\Application.csproj]
C:\Program Files\dotnet\sdk\10.0.102\Microsoft.Common.CurrentVersion.targets(5080,5): warning MSB3026: Could not copy "D:\Techstdio\Arnob-MediPos\MediPos\Presentation.API\bin\Debug\net10.0\Presentation.API.dll" to "bin\Debug\net10.0\Presentation.API.dll". Beginning retry 10 in 1000ms. The process cannot access the file 'D:\Techstdio\Arnob-MediPos\MediPos\Application\bin\Debug\net10.0\Presentation.API.dll' because it is being used by another process. The file is locked by: "Microsoft Visual Studio (14424), Application (36744)" [D:\Techstdio\Arnob-MediPos\MediPos\Application\Application.csproj]
C:\Program Files\dotnet\sdk\10.0.102\Microsoft.Common.CurrentVersion.targets(5080,5): warning MSB3026: Could not copy "D:\Techstdio\Arnob-MediPos\MediPos\Domain\bin\Debug\net10.0\Domain.dll" to "bin\Debug\net10.0\Domain.dll". Beginning retry 10 in 1000ms. The process cannot access the file 'D:\Techstdio\Arnob-MediPos\MediPos\Application\bin\Debug\net10.0\Domain.dll' because it is being used by another process. The file is locked by: "Microsoft Visual Studio (14424), Application (36744)" [D:\Techstdio\Arnob-MediPos\MediPos\Application\Application.csproj]
C:\Program Files\dotnet\sdk\10.0.102\Microsoft.Common.CurrentVersion.targets(5080,5): warning MSB3026: Could not copy "D:\Techstdio\Arnob-MediPos\MediPos\Repositories.Concretes\bin\Debug\net10.0\Repositories.Concretes.dll" to "bin\Debug\net10.0\Repositories.Concretes.dll". Beginning retry 10 in 1000ms. The process cannot access the file 'D:\Techstdio\Arnob-MediPos\MediPos\Application\bin\Debug\net10.0\Repositories.Concretes.dll' because it is being used by another process. The file is locked by: "Microsoft Visual Studio (14424), Application (36744)" [D:\Techstdio\Arnob-MediPos\MediPos\Application\Application.csproj]
C:\Program Files\dotnet\sdk\10.0.102\Microsoft.Common.CurrentVersion.targets(5080,5): warning MSB3026: Could not copy "D:\Techstdio\Arnob-MediPos\MediPos\Domain\bin\Debug\net10.0\Domain.pdb" to "bin\Debug\net10.0\Domain.pdb". Beginning retry 1 in 1000ms. The process cannot access the file 'D:\Techstdio\Arnob-MediPos\MediPos\Application\bin\Debug\net10.0\Domain.pdb' because it is being used by another process. The file is locked by: "Microsoft Visual Studio (14424)" [D:\Techstdio\Arnob-MediPos\MediPos\Application\Application.csproj]
C:\Program Files\dotnet\sdk\10.0.102\Microsoft.Common.CurrentVersion.targets(5080,5): warning MSB3026: Could not copy "D:\Techstdio\Arnob-MediPos\MediPos\Shared\bin\Debug\net10.0\Shared.dll" to "bin\Debug\net10.0\Shared.dll". Beginning retry 1 in 1000ms. The process cannot access the file 'D:\Techstdio\Arnob-MediPos\MediPos\Application\bin\Debug\net10.0\Shared.dll' because it is being used by another process. The file is locked by: "Microsoft Visual Studio (14424), Application (36744)" [D:\Techstdio\Arnob-MediPos\MediPos\Application\Application.csproj]
C:\Program Files\dotnet\sdk\10.0.102\Microsoft.Common.CurrentVersion.targets(5080,5): warning MSB3026: Could not copy "D:\Techstdio\Arnob-MediPos\MediPos\Repositories.Concretes\bin\Debug\net10.0\Repositories.Concretes.pdb" to "bin\Debug\net10.0\Repositories.Concretes.pdb". Beginning retry 1 in 1000ms. The process cannot access the file 'D:\Techstdio\Arnob-MediPos\MediPos\Application\bin\Debug\net10.0\Repositories.Concretes.pdb' because it is being used by another process. The file is locked by: "Microsoft Visual Studio (14424)" [D:\Techstdio\Arnob-MediPos\MediPos\Application\Application.csproj]
C:\Program Files\dotnet\sdk\10.0.102\Microsoft.Common.CurrentVersion.targets(5080,5): warning MSB3026: Could not copy "D:\Techstdio\Arnob-MediPos\MediPos\Repositories.Contracts\bin\Debug\net10.0\Repositories.Contracts.pdb" to "bin\Debug\net10.0\Repositories.Contracts.pdb". Beginning retry 1 in 1000ms. The process cannot access the file 'D:\Techstdio\Arnob-MediPos\MediPos\Application\bin\Debug\net10.0\Repositories.Contracts.pdb' because it is being used by another process. The file is locked by: "Microsoft Visual Studio (14424)" [D:\Techstdio\Arnob-MediPos\MediPos\Application\Application.csproj]
C:\Program Files\dotnet\sdk\10.0.102\Microsoft.Common.CurrentVersion.targets(5080,5): warning MSB3026: Could not copy "D:\Techstdio\Arnob-MediPos\MediPos\Services.Concretes\bin\Debug\net10.0\Services.Concretes.pdb" to "bin\Debug\net10.0\Services.Concretes.pdb". Beginning retry 1 in 1000ms. The process cannot access the file 'D:\Techstdio\Arnob-MediPos\MediPos\Application\bin\Debug\net10.0\Services.Concretes.pdb' because it is being used by another process. The file is locked by: "Microsoft Visual Studio (14424)" [D:\Techstdio\Arnob-MediPos\MediPos\Application\Application.csproj]
C:\Program Files\dotnet\sdk\10.0.102\Microsoft.Common.CurrentVersion.targets(5080,5): warning MSB3026: Could not copy "D:\Techstdio\Arnob-MediPos\MediPos\Presentation.API\bin\Debug\net10.0\Presentation.API.pdb" to "bin\Debug\net10.0\Presentation.API.pdb". Beginning retry 1 in 1000ms. The process cannot access the file 'D:\Techstdio\Arnob-MediPos\MediPos\Application\bin\Debug\net10.0\Presentation.API.pdb' because it is being used by another process. The file is locked by: "Microsoft Visual Studio (14424)" [D:\Techstdio\Arnob-MediPos\MediPos\Application\Application.csproj]
C:\Program Files\dotnet\sdk\10.0.102\Microsoft.Common.CurrentVersion.targets(5080,5): warning MSB3026: Could not copy "D:\Techstdio\Arnob-MediPos\MediPos\Domain\bin\Debug\net10.0\Domain.pdb" to "bin\Debug\net10.0\Domain.pdb". Beginning retry 2 in 1000ms. The process cannot access the file 'D:\Techstdio\Arnob-MediPos\MediPos\Application\bin\Debug\net10.0\Domain.pdb' because it is being used by another process. The file is locked by: "Microsoft Visual Studio (14424)" [D:\Techstdio\Arnob-MediPos\MediPos\Application\Application.csproj]
C:\Program Files\dotnet\sdk\10.0.102\Microsoft.Common.CurrentVersion.targets(5080,5): warning MSB3026: Could not copy "D:\Techstdio\Arnob-MediPos\MediPos\Shared\bin\Debug\net10.0\Shared.dll" to "bin\Debug\net10.0\Shared.dll". Beginning retry 2 in 1000ms. The process cannot access the file 'D:\Techstdio\Arnob-MediPos\MediPos\Application\bin\Debug\net10.0\Shared.dll' because it is being used by another process. The file is locked by: "Microsoft Visual Studio (14424), Application (36744)" [D:\Techstdio\Arnob-MediPos\MediPos\Application\Application.csproj]
C:\Program Files\dotnet\sdk\10.0.102\Microsoft.Common.CurrentVersion.targets(5080,5): warning MSB3026: Could not copy "D:\Techstdio\Arnob-MediPos\MediPos\Repositories.Concretes\bin\Debug\net10.0\Repositories.Concretes.pdb" to "bin\Debug\net10.0\Repositories.Concretes.pdb". Beginning retry 2 in 1000ms. The process cannot access the file 'D:\Techstdio\Arnob-MediPos\MediPos\Application\bin\Debug\net10.0\Repositories.Concretes.pdb' because it is being used by another process. The file is locked by: "Microsoft Visual Studio (14424)" [D:\Techstdio\Arnob-MediPos\MediPos\Application\Application.csproj]
C:\Program Files\dotnet\sdk\10.0.102\Microsoft.Common.CurrentVersion.targets(5080,5): warning MSB3026: Could not copy "D:\Techstdio\Arnob-MediPos\MediPos\Services.Concretes\bin\Debug\net10.0\Services.Concretes.pdb" to "bin\Debug\net10.0\Services.Concretes.pdb". Beginning retry 2 in 1000ms. The process cannot access the file 'D:\Techstdio\Arnob-MediPos\MediPos\Application\bin\Debug\net10.0\Services.Concretes.pdb' because it is being used by another process. The file is locked by: "Microsoft Visual Studio (14424)" [D:\Techstdio\Arnob-MediPos\MediPos\Application\Application.csproj]
C:\Program Files\dotnet\sdk\10.0.102\Microsoft.Common.CurrentVersion.targets(5080,5): warning MSB3026: Could not copy "D:\Techstdio\Arnob-MediPos\MediPos\Repositories.Contracts\bin\Debug\net10.0\Repositories.Contracts.pdb" to "bin\Debug\net10.0\Repositories.Contracts.pdb". Beginning retry 2 in 1000ms. The process cannot access the file 'D:\Techstdio\Arnob-MediPos\MediPos\Application\bin\Debug\net10.0\Repositories.Contracts.pdb' because it is being used by another process. The file is locked by: "Microsoft Visual Studio (14424)" [D:\Techstdio\Arnob-MediPos\MediPos\Application\Application.csproj]
C:\Program Files\dotnet\sdk\10.0.102\Microsoft.Common.CurrentVersion.targets(5080,5): warning MSB3026: Could not copy "D:\Techstdio\Arnob-MediPos\MediPos\Presentation.API\bin\Debug\net10.0\Presentation.API.pdb" to "bin\Debug\net10.0\Presentation.API.pdb". Beginning retry 2 in 1000ms. The process cannot access the file 'D:\Techstdio\Arnob-MediPos\MediPos\Application\bin\Debug\net10.0\Presentation.API.pdb' because it is being used by another process. The file is locked by: "Microsoft Visual Studio (14424)" [D:\Techstdio\Arnob-MediPos\MediPos\Application\Application.csproj]
C:\Program Files\dotnet\sdk\10.0.102\Microsoft.Common.CurrentVersion.targets(5080,5): warning MSB3026: Could not copy "D:\Techstdio\Arnob-MediPos\MediPos\Domain\bin\Debug\net10.0\Domain.pdb" to "bin\Debug\net10.0\Domain.pdb". Beginning retry 3 in 1000ms. The process cannot access the file 'D:\Techstdio\Arnob-MediPos\MediPos\Application\bin\Debug\net10.0\Domain.pdb' because it is being used by another process. The file is locked by: "Microsoft Visual Studio (14424)" [D:\Techstdio\Arnob-MediPos\MediPos\Application\Application.csproj]
C:\Program Files\dotnet\sdk\10.0.102\Microsoft.Common.CurrentVersion.targets(5080,5): warning MSB3026: Could not copy "D:\Techstdio\Arnob-MediPos\MediPos\Shared\bin\Debug\net10.0\Shared.dll" to "bin\Debug\net10.0\Shared.dll". Beginning retry 3 in 1000ms. The process cannot access the file 'D:\Techstdio\Arnob-MediPos\MediPos\Application\bin\Debug\net10.0\Shared.dll' because it is being used by another process. The file is locked by: "Microsoft Visual Studio (14424), Application (36744)" [D:\Techstdio\Arnob-MediPos\MediPos\Application\Application.csproj]
C:\Program Files\dotnet\sdk\10.0.102\Microsoft.Common.CurrentVersion.targets(5080,5): warning MSB3026: Could not copy "D:\Techstdio\Arnob-MediPos\MediPos\Repositories.Contracts\bin\Debug\net10.0\Repositories.Contracts.pdb" to "bin\Debug\net10.0\Repositories.Contracts.pdb". Beginning retry 3 in 1000ms. The process cannot access the file 'D:\Techstdio\Arnob-MediPos\MediPos\Application\bin\Debug\net10.0\Repositories.Contracts.pdb' because it is being used by another process. The file is locked by: "Microsoft Visual Studio (14424)" [D:\Techstdio\Arnob-MediPos\MediPos\Application\Application.csproj]
C:\Program Files\dotnet\sdk\10.0.102\Microsoft.Common.CurrentVersion.targets(5080,5): warning MSB3026: Could not copy "D:\Techstdio\Arnob-MediPos\MediPos\Presentation.API\bin\Debug\net10.0\Presentation.API.pdb" to "bin\Debug\net10.0\Presentation.API.pdb". Beginning retry 3 in 1000ms. The process cannot access the file 'D:\Techstdio\Arnob-MediPos\MediPos\Application\bin\Debug\net10.0\Presentation.API.pdb' because it is being used by another process. The file is locked by: "Microsoft Visual Studio (14424)" [D:\Techstdio\Arnob-MediPos\MediPos\Application\Application.csproj]
C:\Program Files\dotnet\sdk\10.0.102\Microsoft.Common.CurrentVersion.targets(5080,5): warning MSB3026: Could not copy "D:\Techstdio\Arnob-MediPos\MediPos\Services.Concretes\bin\Debug\net10.0\Services.Concretes.pdb" to "bin\Debug\net10.0\Services.Concretes.pdb". Beginning retry 3 in 1000ms. The process cannot access the file 'D:\Techstdio\Arnob-MediPos\MediPos\Application\bin\Debug\net10.0\Services.Concretes.pdb' because it is being used by another process. The file is locked by: "Microsoft Visual Studio (14424)" [D:\Techstdio\Arnob-MediPos\MediPos\Application\Application.csproj]
C:\Program Files\dotnet\sdk\10.0.102\Microsoft.Common.CurrentVersion.targets(5080,5): warning MSB3026: Could not copy "D:\Techstdio\Arnob-MediPos\MediPos\Repositories.Concretes\bin\Debug\net10.0\Repositories.Concretes.pdb" to "bin\Debug\net10.0\Repositories.Concretes.pdb". Beginning retry 3 in 1000ms. The process cannot access the file 'D:\Techstdio\Arnob-MediPos\MediPos\Application\bin\Debug\net10.0\Repositories.Concretes.pdb' because it is being used by another process. The file is locked by: "Microsoft Visual Studio (14424)" [D:\Techstdio\Arnob-MediPos\MediPos\Application\Application.csproj]
C:\Program Files\dotnet\sdk\10.0.102\Microsoft.Common.CurrentVersion.targets(5080,5): warning MSB3026: Could not copy "D:\Techstdio\Arnob-MediPos\MediPos\Domain\bin\Debug\net10.0\Domain.pdb" to "bin\Debug\net10.0\Domain.pdb". Beginning retry 4 in 1000ms. The process cannot access the file 'D:\Techstdio\Arnob-MediPos\MediPos\Application\bin\Debug\net10.0\Domain.pdb' because it is being used by another process. The file is locked by: "Microsoft Visual Studio (14424)" [D:\Techstdio\Arnob-MediPos\MediPos\Application\Application.csproj]
C:\Program Files\dotnet\sdk\10.0.102\Microsoft.Common.CurrentVersion.targets(5080,5): warning MSB3026: Could not copy "D:\Techstdio\Arnob-MediPos\MediPos\Shared\bin\Debug\net10.0\Shared.dll" to "bin\Debug\net10.0\Shared.dll". Beginning retry 4 in 1000ms. The process cannot access the file 'D:\Techstdio\Arnob-MediPos\MediPos\Application\bin\Debug\net10.0\Shared.dll' because it is being used by another process. The file is locked by: "Microsoft Visual Studio (14424), Application (36744)" [D:\Techstdio\Arnob-MediPos\MediPos\Application\Application.csproj]
C:\Program Files\dotnet\sdk\10.0.102\Microsoft.Common.CurrentVersion.targets(5080,5): warning MSB3026: Could not copy "D:\Techstdio\Arnob-MediPos\MediPos\Services.Concretes\bin\Debug\net10.0\Services.Concretes.pdb" to "bin\Debug\net10.0\Services.Concretes.pdb". Beginning retry 4 in 1000ms. The process cannot access the file 'D:\Techstdio\Arnob-MediPos\MediPos\Application\bin\Debug\net10.0\Services.Concretes.pdb' because it is being used by another process. The file is locked by: "Microsoft Visual Studio (14424)" [D:\Techstdio\Arnob-MediPos\MediPos\Application\Application.csproj]
C:\Program Files\dotnet\sdk\10.0.102\Microsoft.Common.CurrentVersion.targets(5080,5): warning MSB3026: Could not copy "D:\Techstdio\Arnob-MediPos\MediPos\Repositories.Contracts\bin\Debug\net10.0\Repositories.Contracts.pdb" to "bin\Debug\net10.0\Repositories.Contracts.pdb". Beginning retry 4 in 1000ms. The process cannot access the file 'D:\Techstdio\Arnob-MediPos\MediPos\Application\bin\Debug\net10.0\Repositories.Contracts.pdb' because it is being used by another process. The file is locked by: "Microsoft Visual Studio (14424)" [D:\Techstdio\Arnob-MediPos\MediPos\Application\Application.csproj]
C:\Program Files\dotnet\sdk\10.0.102\Microsoft.Common.CurrentVersion.targets(5080,5): warning MSB3026: Could not copy "D:\Techstdio\Arnob-MediPos\MediPos\Repositories.Concretes\bin\Debug\net10.0\Repositories.Concretes.pdb" to "bin\Debug\net10.0\Repositories.Concretes.pdb". Beginning retry 4 in 1000ms. The process cannot access the file 'D:\Techstdio\Arnob-MediPos\MediPos\Application\bin\Debug\net10.0\Repositories.Concretes.pdb' because it is being used by another process. The file is locked by: "Microsoft Visual Studio (14424)" [D:\Techstdio\Arnob-MediPos\MediPos\Application\Application.csproj]
C:\Program Files\dotnet\sdk\10.0.102\Microsoft.Common.CurrentVersion.targets(5080,5): warning MSB3026: Could not copy "D:\Techstdio\Arnob-MediPos\MediPos\Presentation.API\bin\Debug\net10.0\Presentation.API.pdb" to "bin\Debug\net10.0\Presentation.API.pdb". Beginning retry 4 in 1000ms. The process cannot access the file 'D:\Techstdio\Arnob-MediPos\MediPos\Application\bin\Debug\net10.0\Presentation.API.pdb' because it is being used by another process. The file is locked by: "Microsoft Visual Studio (14424)" [D:\Techstdio\Arnob-MediPos\MediPos\Application\Application.csproj]
C:\Program Files\dotnet\sdk\10.0.102\Microsoft.Common.CurrentVersion.targets(5080,5): warning MSB3026: Could not copy "D:\Techstdio\Arnob-MediPos\MediPos\Domain\bin\Debug\net10.0\Domain.pdb" to "bin\Debug\net10.0\Domain.pdb". Beginning retry 5 in 1000ms. The process cannot access the file 'D:\Techstdio\Arnob-MediPos\MediPos\Application\bin\Debug\net10.0\Domain.pdb' because it is being used by another process. The file is locked by: "Microsoft Visual Studio (14424)" [D:\Techstdio\Arnob-MediPos\MediPos\Application\Application.csproj]
C:\Program Files\dotnet\sdk\10.0.102\Microsoft.Common.CurrentVersion.targets(5080,5): warning MSB3026: Could not copy "D:\Techstdio\Arnob-MediPos\MediPos\Shared\bin\Debug\net10.0\Shared.dll" to "bin\Debug\net10.0\Shared.dll". Beginning retry 5 in 1000ms. The process cannot access the file 'D:\Techstdio\Arnob-MediPos\MediPos\Application\bin\Debug\net10.0\Shared.dll' because it is being used by another process. The file is locked by: "Microsoft Visual Studio (14424), Application (36744)" [D:\Techstdio\Arnob-MediPos\MediPos\Application\Application.csproj]
C:\Program Files\dotnet\sdk\10.0.102\Microsoft.Common.CurrentVersion.targets(5080,5): warning MSB3026: Could not copy "D:\Techstdio\Arnob-MediPos\MediPos\Presentation.API\bin\Debug\net10.0\Presentation.API.pdb" to "bin\Debug\net10.0\Presentation.API.pdb". Beginning retry 5 in 1000ms. The process cannot access the file 'D:\Techstdio\Arnob-MediPos\MediPos\Application\bin\Debug\net10.0\Presentation.API.pdb' because it is being used by another process. The file is locked by: "Microsoft Visual Studio (14424)" [D:\Techstdio\Arnob-MediPos\MediPos\Application\Application.csproj]
C:\Program Files\dotnet\sdk\10.0.102\Microsoft.Common.CurrentVersion.targets(5080,5): warning MSB3026: Could not copy "D:\Techstdio\Arnob-MediPos\MediPos\Repositories.Concretes\bin\Debug\net10.0\Repositories.Concretes.pdb" to "bin\Debug\net10.0\Repositories.Concretes.pdb". Beginning retry 5 in 1000ms. The process cannot access the file 'D:\Techstdio\Arnob-MediPos\MediPos\Application\bin\Debug\net10.0\Repositories.Concretes.pdb' because it is being used by another process. The file is locked by: "Microsoft Visual Studio (14424)" [D:\Techstdio\Arnob-MediPos\MediPos\Application\Application.csproj]
C:\Program Files\dotnet\sdk\10.0.102\Microsoft.Common.CurrentVersion.targets(5080,5): warning MSB3026: Could not copy "D:\Techstdio\Arnob-MediPos\MediPos\Services.Concretes\bin\Debug\net10.0\Services.Concretes.pdb" to "bin\Debug\net10.0\Services.Concretes.pdb". Beginning retry 5 in 1000ms. The process cannot access the file 'D:\Techstdio\Arnob-MediPos\MediPos\Application\bin\Debug\net10.0\Services.Concretes.pdb' because it is being used by another process. The file is locked by: "Microsoft Visual Studio (14424)" [D:\Techstdio\Arnob-MediPos\MediPos\Application\Application.csproj]
C:\Program Files\dotnet\sdk\10.0.102\Microsoft.Common.CurrentVersion.targets(5080,5): warning MSB3026: Could not copy "D:\Techstdio\Arnob-MediPos\MediPos\Repositories.Contracts\bin\Debug\net10.0\Repositories.Contracts.pdb" to "bin\Debug\net10.0\Repositories.Contracts.pdb". Beginning retry 5 in 1000ms. The process cannot access the file 'D:\Techstdio\Arnob-MediPos\MediPos\Application\bin\Debug\net10.0\Repositories.Contracts.pdb' because it is being used by another process. The file is locked by: "Microsoft Visual Studio (14424)" [D:\Techstdio\Arnob-MediPos\MediPos\Application\Application.csproj]
C:\Program Files\dotnet\sdk\10.0.102\Microsoft.Common.CurrentVersion.targets(5080,5): warning MSB3026: Could not copy "D:\Techstdio\Arnob-MediPos\MediPos\Domain\bin\Debug\net10.0\Domain.pdb" to "bin\Debug\net10.0\Domain.pdb". Beginning retry 6 in 1000ms. The process cannot access the file 'D:\Techstdio\Arnob-MediPos\MediPos\Application\bin\Debug\net10.0\Domain.pdb' because it is being used by another process. The file is locked by: "Microsoft Visual Studio (14424)" [D:\Techstdio\Arnob-MediPos\MediPos\Application\Application.csproj]
C:\Program Files\dotnet\sdk\10.0.102\Microsoft.Common.CurrentVersion.targets(5080,5): warning MSB3026: Could not copy "D:\Techstdio\Arnob-MediPos\MediPos\Shared\bin\Debug\net10.0\Shared.dll" to "bin\Debug\net10.0\Shared.dll". Beginning retry 6 in 1000ms. The process cannot access the file 'D:\Techstdio\Arnob-MediPos\MediPos\Application\bin\Debug\net10.0\Shared.dll' because it is being used by another process. The file is locked by: "Microsoft Visual Studio (14424), Application (36744)" [D:\Techstdio\Arnob-MediPos\MediPos\Application\Application.csproj]
C:\Program Files\dotnet\sdk\10.0.102\Microsoft.Common.CurrentVersion.targets(5080,5): warning MSB3026: Could not copy "D:\Techstdio\Arnob-MediPos\MediPos\Repositories.Concretes\bin\Debug\net10.0\Repositories.Concretes.pdb" to "bin\Debug\net10.0\Repositories.Concretes.pdb". Beginning retry 6 in 1000ms. The process cannot access the file 'D:\Techstdio\Arnob-MediPos\MediPos\Application\bin\Debug\net10.0\Repositories.Concretes.pdb' because it is being used by another process. The file is locked by: "Microsoft Visual Studio (14424)" [D:\Techstdio\Arnob-MediPos\MediPos\Application\Application.csproj]
C:\Program Files\dotnet\sdk\10.0.102\Microsoft.Common.CurrentVersion.targets(5080,5): warning MSB3026: Could not copy "D:\Techstdio\Arnob-MediPos\MediPos\Presentation.API\bin\Debug\net10.0\Presentation.API.pdb" to "bin\Debug\net10.0\Presentation.API.pdb". Beginning retry 6 in 1000ms. The process cannot access the file 'D:\Techstdio\Arnob-MediPos\MediPos\Application\bin\Debug\net10.0\Presentation.API.pdb' because it is being used by another process. The file is locked by: "Microsoft Visual Studio (14424)" [D:\Techstdio\Arnob-MediPos\MediPos\Application\Application.csproj]
C:\Program Files\dotnet\sdk\10.0.102\Microsoft.Common.CurrentVersion.targets(5080,5): warning MSB3026: Could not copy "D:\Techstdio\Arnob-MediPos\MediPos\Repositories.Contracts\bin\Debug\net10.0\Repositories.Contracts.pdb" to "bin\Debug\net10.0\Repositories.Contracts.pdb". Beginning retry 6 in 1000ms. The process cannot access the file 'D:\Techstdio\Arnob-MediPos\MediPos\Application\bin\Debug\net10.0\Repositories.Contracts.pdb' because it is being used by another process. The file is locked by: "Microsoft Visual Studio (14424)" [D:\Techstdio\Arnob-MediPos\MediPos\Application\Application.csproj]
C:\Program Files\dotnet\sdk\10.0.102\Microsoft.Common.CurrentVersion.targets(5080,5): warning MSB3026: Could not copy "D:\Techstdio\Arnob-MediPos\MediPos\Services.Concretes\bin\Debug\net10.0\Services.Concretes.pdb" to "bin\Debug\net10.0\Services.Concretes.pdb". Beginning retry 6 in 1000ms. The process cannot access the file 'D:\Techstdio\Arnob-MediPos\MediPos\Application\bin\Debug\net10.0\Services.Concretes.pdb' because it is being used by another process. The file is locked by: "Microsoft Visual Studio (14424)" [D:\Techstdio\Arnob-MediPos\MediPos\Application\Application.csproj]
C:\Program Files\dotnet\sdk\10.0.102\Microsoft.Common.CurrentVersion.targets(5080,5): warning MSB3026: Could not copy "D:\Techstdio\Arnob-MediPos\MediPos\Domain\bin\Debug\net10.0\Domain.pdb" to "bin\Debug\net10.0\Domain.pdb". Beginning retry 7 in 1000ms. The process cannot access the file 'D:\Techstdio\Arnob-MediPos\MediPos\Application\bin\Debug\net10.0\Domain.pdb' because it is being used by another process. The file is locked by: "Microsoft Visual Studio (14424)" [D:\Techstdio\Arnob-MediPos\MediPos\Application\Application.csproj]
C:\Program Files\dotnet\sdk\10.0.102\Microsoft.Common.CurrentVersion.targets(5080,5): warning MSB3026: Could not copy "D:\Techstdio\Arnob-MediPos\MediPos\Shared\bin\Debug\net10.0\Shared.dll" to "bin\Debug\net10.0\Shared.dll". Beginning retry 7 in 1000ms. The process cannot access the file 'D:\Techstdio\Arnob-MediPos\MediPos\Application\bin\Debug\net10.0\Shared.dll' because it is being used by another process. The file is locked by: "Microsoft Visual Studio (14424), Application (36744)" [D:\Techstdio\Arnob-MediPos\MediPos\Application\Application.csproj]
C:\Program Files\dotnet\sdk\10.0.102\Microsoft.Common.CurrentVersion.targets(5080,5): warning MSB3026: Could not copy "D:\Techstdio\Arnob-MediPos\MediPos\Repositories.Contracts\bin\Debug\net10.0\Repositories.Contracts.pdb" to "bin\Debug\net10.0\Repositories.Contracts.pdb". Beginning retry 7 in 1000ms. The process cannot access the file 'D:\Techstdio\Arnob-MediPos\MediPos\Application\bin\Debug\net10.0\Repositories.Contracts.pdb' because it is being used by another process. The file is locked by: "Microsoft Visual Studio (14424)" [D:\Techstdio\Arnob-MediPos\MediPos\Application\Application.csproj]
C:\Program Files\dotnet\sdk\10.0.102\Microsoft.Common.CurrentVersion.targets(5080,5): warning MSB3026: Could not copy "D:\Techstdio\Arnob-MediPos\MediPos\Services.Concretes\bin\Debug\net10.0\Services.Concretes.pdb" to "bin\Debug\net10.0\Services.Concretes.pdb". Beginning retry 7 in 1000ms. The process cannot access the file 'D:\Techstdio\Arnob-MediPos\MediPos\Application\bin\Debug\net10.0\Services.Concretes.pdb' because it is being used by another process. The file is locked by: "Microsoft Visual Studio (14424)" [D:\Techstdio\Arnob-MediPos\MediPos\Application\Application.csproj]
C:\Program Files\dotnet\sdk\10.0.102\Microsoft.Common.CurrentVersion.targets(5080,5): warning MSB3026: Could not copy "D:\Techstdio\Arnob-MediPos\MediPos\Domain\bin\Debug\net10.0\Domain.pdb" to "bin\Debug\net10.0\Domain.pdb". Beginning retry 8 in 1000ms. The process cannot access the file 'D:\Techstdio\Arnob-MediPos\MediPos\Application\bin\Debug\net10.0\Domain.pdb' because it is being used by another process. The file is locked by: "Microsoft Visual Studio (14424)" [D:\Techstdio\Arnob-MediPos\MediPos\Application\Application.csproj]
C:\Program Files\dotnet\sdk\10.0.102\Microsoft.Common.CurrentVersion.targets(5080,5): warning MSB3026: Could not copy "D:\Techstdio\Arnob-MediPos\MediPos\Repositories.Concretes\bin\Debug\net10.0\Repositories.Concretes.pdb" to "bin\Debug\net10.0\Repositories.Concretes.pdb". Beginning retry 7 in 1000ms. The process cannot access the file 'D:\Techstdio\Arnob-MediPos\MediPos\Application\bin\Debug\net10.0\Repositories.Concretes.pdb' because it is being used by another process. The file is locked by: "Microsoft Visual Studio (14424)" [D:\Techstdio\Arnob-MediPos\MediPos\Application\Application.csproj]
C:\Program Files\dotnet\sdk\10.0.102\Microsoft.Common.CurrentVersion.targets(5080,5): warning MSB3026: Could not copy "D:\Techstdio\Arnob-MediPos\MediPos\Presentation.API\bin\Debug\net10.0\Presentation.API.pdb" to "bin\Debug\net10.0\Presentation.API.pdb". Beginning retry 7 in 1000ms. The process cannot access the file 'D:\Techstdio\Arnob-MediPos\MediPos\Application\bin\Debug\net10.0\Presentation.API.pdb' because it is being used by another process. The file is locked by: "Microsoft Visual Studio (14424)" [D:\Techstdio\Arnob-MediPos\MediPos\Application\Application.csproj]
C:\Program Files\dotnet\sdk\10.0.102\Microsoft.Common.CurrentVersion.targets(5080,5): warning MSB3026: Could not copy "D:\Techstdio\Arnob-MediPos\MediPos\Shared\bin\Debug\net10.0\Shared.dll" to "bin\Debug\net10.0\Shared.dll". Beginning retry 8 in 1000ms. The process cannot access the file 'D:\Techstdio\Arnob-MediPos\MediPos\Application\bin\Debug\net10.0\Shared.dll' because it is being used by another process. The file is locked by: "Microsoft Visual Studio (14424), Application (36744)" [D:\Techstdio\Arnob-MediPos\MediPos\Application\Application.csproj]
C:\Program Files\dotnet\sdk\10.0.102\Microsoft.Common.CurrentVersion.targets(5080,5): warning MSB3026: Could not copy "D:\Techstdio\Arnob-MediPos\MediPos\Presentation.API\bin\Debug\net10.0\Presentation.API.pdb" to "bin\Debug\net10.0\Presentation.API.pdb". Beginning retry 8 in 1000ms. The process cannot access the file 'D:\Techstdio\Arnob-MediPos\MediPos\Application\bin\Debug\net10.0\Presentation.API.pdb' because it is being used by another process. The file is locked by: "Microsoft Visual Studio (14424)" [D:\Techstdio\Arnob-MediPos\MediPos\Application\Application.csproj]
C:\Program Files\dotnet\sdk\10.0.102\Microsoft.Common.CurrentVersion.targets(5080,5): warning MSB3026: Could not copy "D:\Techstdio\Arnob-MediPos\MediPos\Services.Concretes\bin\Debug\net10.0\Services.Concretes.pdb" to "bin\Debug\net10.0\Services.Concretes.pdb". Beginning retry 8 in 1000ms. The process cannot access the file 'D:\Techstdio\Arnob-MediPos\MediPos\Application\bin\Debug\net10.0\Services.Concretes.pdb' because it is being used by another process. The file is locked by: "Microsoft Visual Studio (14424)" [D:\Techstdio\Arnob-MediPos\MediPos\Application\Application.csproj]
C:\Program Files\dotnet\sdk\10.0.102\Microsoft.Common.CurrentVersion.targets(5080,5): warning MSB3026: Could not copy "D:\Techstdio\Arnob-MediPos\MediPos\Domain\bin\Debug\net10.0\Domain.pdb" to "bin\Debug\net10.0\Domain.pdb". Beginning retry 9 in 1000ms. The process cannot access the file 'D:\Techstdio\Arnob-MediPos\MediPos\Application\bin\Debug\net10.0\Domain.pdb' because it is being used by another process. The file is locked by: "Microsoft Visual Studio (14424)" [D:\Techstdio\Arnob-MediPos\MediPos\Application\Application.csproj]
C:\Program Files\dotnet\sdk\10.0.102\Microsoft.Common.CurrentVersion.targets(5080,5): warning MSB3026: Could not copy "D:\Techstdio\Arnob-MediPos\MediPos\Repositories.Concretes\bin\Debug\net10.0\Repositories.Concretes.pdb" to "bin\Debug\net10.0\Repositories.Concretes.pdb". Beginning retry 8 in 1000ms. The process cannot access the file 'D:\Techstdio\Arnob-MediPos\MediPos\Application\bin\Debug\net10.0\Repositories.Concretes.pdb' because it is being used by another process. The file is locked by: "Microsoft Visual Studio (14424)" [D:\Techstdio\Arnob-MediPos\MediPos\Application\Application.csproj]
C:\Program Files\dotnet\sdk\10.0.102\Microsoft.Common.CurrentVersion.targets(5080,5): warning MSB3026: Could not copy "D:\Techstdio\Arnob-MediPos\MediPos\Repositories.Contracts\bin\Debug\net10.0\Repositories.Contracts.pdb" to "bin\Debug\net10.0\Repositories.Contracts.pdb". Beginning retry 8 in 1000ms. The process cannot access the file 'D:\Techstdio\Arnob-MediPos\MediPos\Application\bin\Debug\net10.0\Repositories.Contracts.pdb' because it is being used by another process. The file is locked by: "Microsoft Visual Studio (14424)" [D:\Techstdio\Arnob-MediPos\MediPos\Application\Application.csproj]
C:\Program Files\dotnet\sdk\10.0.102\Microsoft.Common.CurrentVersion.targets(5080,5): warning MSB3026: Could not copy "D:\Techstdio\Arnob-MediPos\MediPos\Shared\bin\Debug\net10.0\Shared.dll" to "bin\Debug\net10.0\Shared.dll". Beginning retry 9 in 1000ms. The process cannot access the file 'D:\Techstdio\Arnob-MediPos\MediPos\Application\bin\Debug\net10.0\Shared.dll' because it is being used by another process. The file is locked by: "Microsoft Visual Studio (14424), Application (36744)" [D:\Techstdio\Arnob-MediPos\MediPos\Application\Application.csproj]
C:\Program Files\dotnet\sdk\10.0.102\Microsoft.Common.CurrentVersion.targets(5080,5): warning MSB3026: Could not copy "D:\Techstdio\Arnob-MediPos\MediPos\Repositories.Concretes\bin\Debug\net10.0\Repositories.Concretes.pdb" to "bin\Debug\net10.0\Repositories.Concretes.pdb". Beginning retry 9 in 1000ms. The process cannot access the file 'D:\Techstdio\Arnob-MediPos\MediPos\Application\bin\Debug\net10.0\Repositories.Concretes.pdb' because it is being used by another process. The file is locked by: "Microsoft Visual Studio (14424)" [D:\Techstdio\Arnob-MediPos\MediPos\Application\Application.csproj]
C:\Program Files\dotnet\sdk\10.0.102\Microsoft.Common.CurrentVersion.targets(5080,5): warning MSB3026: Could not copy "D:\Techstdio\Arnob-MediPos\MediPos\Repositories.Contracts\bin\Debug\net10.0\Repositories.Contracts.pdb" to "bin\Debug\net10.0\Repositories.Contracts.pdb". Beginning retry 9 in 1000ms. The process cannot access the file 'D:\Techstdio\Arnob-MediPos\MediPos\Application\bin\Debug\net10.0\Repositories.Contracts.pdb' because it is being used by another process. The file is locked by: "Microsoft Visual Studio (14424)" [D:\Techstdio\Arnob-MediPos\MediPos\Application\Application.csproj]
C:\Program Files\dotnet\sdk\10.0.102\Microsoft.Common.CurrentVersion.targets(5080,5): warning MSB3026: Could not copy "D:\Techstdio\Arnob-MediPos\MediPos\Domain\bin\Debug\net10.0\Domain.pdb" to "bin\Debug\net10.0\Domain.pdb". Beginning retry 10 in 1000ms. The process cannot access the file 'D:\Techstdio\Arnob-MediPos\MediPos\Application\bin\Debug\net10.0\Domain.pdb' because it is being used by another process. The file is locked by: "Microsoft Visual Studio (14424)" [D:\Techstdio\Arnob-MediPos\MediPos\Application\Application.csproj]
C:\Program Files\dotnet\sdk\10.0.102\Microsoft.Common.CurrentVersion.targets(5080,5): warning MSB3026: Could not copy "D:\Techstdio\Arnob-MediPos\MediPos\Services.Concretes\bin\Debug\net10.0\Services.Concretes.pdb" to "bin\Debug\net10.0\Services.Concretes.pdb". Beginning retry 9 in 1000ms. The process cannot access the file 'D:\Techstdio\Arnob-MediPos\MediPos\Application\bin\Debug\net10.0\Services.Concretes.pdb' because it is being used by another process. The file is locked by: "Microsoft Visual Studio (14424)" [D:\Techstdio\Arnob-MediPos\MediPos\Application\Application.csproj]
C:\Program Files\dotnet\sdk\10.0.102\Microsoft.Common.CurrentVersion.targets(5080,5): warning MSB3026: Could not copy "D:\Techstdio\Arnob-MediPos\MediPos\Presentation.API\bin\Debug\net10.0\Presentation.API.pdb" to "bin\Debug\net10.0\Presentation.API.pdb". Beginning retry 9 in 1000ms. The process cannot access the file 'D:\Techstdio\Arnob-MediPos\MediPos\Application\bin\Debug\net10.0\Presentation.API.pdb' because it is being used by another process. The file is locked by: "Microsoft Visual Studio (14424)" [D:\Techstdio\Arnob-MediPos\MediPos\Application\Application.csproj]
C:\Program Files\dotnet\sdk\10.0.102\Microsoft.Common.CurrentVersion.targets(5080,5): warning MSB3026: Could not copy "D:\Techstdio\Arnob-MediPos\MediPos\Shared\bin\Debug\net10.0\Shared.dll" to "bin\Debug\net10.0\Shared.dll". Beginning retry 10 in 1000ms. The process cannot access the file 'D:\Techstdio\Arnob-MediPos\MediPos\Application\bin\Debug\net10.0\Shared.dll' because it is being used by another process. The file is locked by: "Microsoft Visual Studio (14424), Application (36744)" [D:\Techstdio\Arnob-MediPos\MediPos\Application\Application.csproj]
C:\Program Files\dotnet\sdk\10.0.102\Microsoft.Common.CurrentVersion.targets(5080,5): warning MSB3026: Could not copy "D:\Techstdio\Arnob-MediPos\MediPos\Repositories.Contracts\bin\Debug\net10.0\Repositories.Contracts.pdb" to "bin\Debug\net10.0\Repositories.Contracts.pdb". Beginning retry 10 in 1000ms. The process cannot access the file 'D:\Techstdio\Arnob-MediPos\MediPos\Application\bin\Debug\net10.0\Repositories.Contracts.pdb' because it is being used by another process. The file is locked by: "Microsoft Visual Studio (14424)" [D:\Techstdio\Arnob-MediPos\MediPos\Application\Application.csproj]
C:\Program Files\dotnet\sdk\10.0.102\Microsoft.Common.CurrentVersion.targets(5080,5): warning MSB3026: Could not copy "D:\Techstdio\Arnob-MediPos\MediPos\Services.Concretes\bin\Debug\net10.0\Services.Concretes.pdb" to "bin\Debug\net10.0\Services.Concretes.pdb". Beginning retry 10 in 1000ms. The process cannot access the file 'D:\Techstdio\Arnob-MediPos\MediPos\Application\bin\Debug\net10.0\Services.Concretes.pdb' because it is being used by another process. The file is locked by: "Microsoft Visual Studio (14424)" [D:\Techstdio\Arnob-MediPos\MediPos\Application\Application.csproj]
C:\Program Files\dotnet\sdk\10.0.102\Microsoft.Common.CurrentVersion.targets(5080,5): warning MSB3026: Could not copy "D:\Techstdio\Arnob-MediPos\MediPos\Repositories.Concretes\bin\Debug\net10.0\Repositories.Concretes.pdb" to "bin\Debug\net10.0\Repositories.Concretes.pdb". Beginning retry 10 in 1000ms. The process cannot access the file 'D:\Techstdio\Arnob-MediPos\MediPos\Application\bin\Debug\net10.0\Repositories.Concretes.pdb' because it is being used by another process. The file is locked by: "Microsoft Visual Studio (14424)" [D:\Techstdio\Arnob-MediPos\MediPos\Application\Application.csproj]
C:\Program Files\dotnet\sdk\10.0.102\Microsoft.Common.CurrentVersion.targets(5080,5): warning MSB3026: Could not copy "D:\Techstdio\Arnob-MediPos\MediPos\Presentation.API\bin\Debug\net10.0\Presentation.API.pdb" to "bin\Debug\net10.0\Presentation.API.pdb". Beginning retry 10 in 1000ms. The process cannot access the file 'D:\Techstdio\Arnob-MediPos\MediPos\Application\bin\Debug\net10.0\Presentation.API.pdb' because it is being used by another process. The file is locked by: "Microsoft Visual Studio (14424)" [D:\Techstdio\Arnob-MediPos\MediPos\Application\Application.csproj]
C:\Program Files\dotnet\sdk\10.0.102\Microsoft.Common.CurrentVersion.targets(5080,5): warning MSB3026: Could not copy "D:\Techstdio\Arnob-MediPos\MediPos\Services.Contracts\bin\Debug\net10.0\Services.Contracts.pdb" to "bin\Debug\net10.0\Services.Contracts.pdb". Beginning retry 1 in 1000ms. The process cannot access the file 'D:\Techstdio\Arnob-MediPos\MediPos\Application\bin\Debug\net10.0\Services.Contracts.pdb' because it is being used by another process. The file is locked by: "Microsoft Visual Studio (14424)" [D:\Techstdio\Arnob-MediPos\MediPos\Application\Application.csproj]
C:\Program Files\dotnet\sdk\10.0.102\Microsoft.Common.CurrentVersion.targets(5080,5): warning MSB3026: Could not copy "D:\Techstdio\Arnob-MediPos\MediPos\Shared\bin\Debug\net10.0\Shared.pdb" to "bin\Debug\net10.0\Shared.pdb". Beginning retry 1 in 1000ms. The process cannot access the file 'D:\Techstdio\Arnob-MediPos\MediPos\Application\bin\Debug\net10.0\Shared.pdb' because it is being used by another process. The file is locked by: "Microsoft Visual Studio (14424)" [D:\Techstdio\Arnob-MediPos\MediPos\Application\Application.csproj]
C:\Program Files\dotnet\sdk\10.0.102\Microsoft.Common.CurrentVersion.targets(5080,5): warning MSB3026: Could not copy "D:\Techstdio\Arnob-MediPos\MediPos\Services.Contracts\bin\Debug\net10.0\Services.Contracts.pdb" to "bin\Debug\net10.0\Services.Contracts.pdb". Beginning retry 2 in 1000ms. The process cannot access the file 'D:\Techstdio\Arnob-MediPos\MediPos\Application\bin\Debug\net10.0\Services.Contracts.pdb' because it is being used by another process. The file is locked by: "Microsoft Visual Studio (14424)" [D:\Techstdio\Arnob-MediPos\MediPos\Application\Application.csproj]
C:\Program Files\dotnet\sdk\10.0.102\Microsoft.Common.CurrentVersion.targets(5080,5): warning MSB3026: Could not copy "D:\Techstdio\Arnob-MediPos\MediPos\Shared\bin\Debug\net10.0\Shared.pdb" to "bin\Debug\net10.0\Shared.pdb". Beginning retry 2 in 1000ms. The process cannot access the file 'D:\Techstdio\Arnob-MediPos\MediPos\Application\bin\Debug\net10.0\Shared.pdb' because it is being used by another process. The file is locked by: "Microsoft Visual Studio (14424)" [D:\Techstdio\Arnob-MediPos\MediPos\Application\Application.csproj]
C:\Program Files\dotnet\sdk\10.0.102\Microsoft.Common.CurrentVersion.targets(5080,5): warning MSB3026: Could not copy "D:\Techstdio\Arnob-MediPos\MediPos\Services.Contracts\bin\Debug\net10.0\Services.Contracts.pdb" to "bin\Debug\net10.0\Services.Contracts.pdb". Beginning retry 3 in 1000ms. The process cannot access the file 'D:\Techstdio\Arnob-MediPos\MediPos\Application\bin\Debug\net10.0\Services.Contracts.pdb' because it is being used by another process. The file is locked by: "Microsoft Visual Studio (14424)" [D:\Techstdio\Arnob-MediPos\MediPos\Application\Application.csproj]
C:\Program Files\dotnet\sdk\10.0.102\Microsoft.Common.CurrentVersion.targets(5080,5): warning MSB3026: Could not copy "D:\Techstdio\Arnob-MediPos\MediPos\Shared\bin\Debug\net10.0\Shared.pdb" to "bin\Debug\net10.0\Shared.pdb". Beginning retry 3 in 1000ms. The process cannot access the file 'D:\Techstdio\Arnob-MediPos\MediPos\Application\bin\Debug\net10.0\Shared.pdb' because it is being used by another process. The file is locked by: "Microsoft Visual Studio (14424)" [D:\Techstdio\Arnob-MediPos\MediPos\Application\Application.csproj]
C:\Program Files\dotnet\sdk\10.0.102\Microsoft.Common.CurrentVersion.targets(5080,5): warning MSB3026: Could not copy "D:\Techstdio\Arnob-MediPos\MediPos\Services.Contracts\bin\Debug\net10.0\Services.Contracts.pdb" to "bin\Debug\net10.0\Services.Contracts.pdb". Beginning retry 4 in 1000ms. The process cannot access the file 'D:\Techstdio\Arnob-MediPos\MediPos\Application\bin\Debug\net10.0\Services.Contracts.pdb' because it is being used by another process. The file is locked by: "Microsoft Visual Studio (14424)" [D:\Techstdio\Arnob-MediPos\MediPos\Application\Application.csproj]
C:\Program Files\dotnet\sdk\10.0.102\Microsoft.Common.CurrentVersion.targets(5080,5): warning MSB3026: Could not copy "D:\Techstdio\Arnob-MediPos\MediPos\Shared\bin\Debug\net10.0\Shared.pdb" to "bin\Debug\net10.0\Shared.pdb". Beginning retry 4 in 1000ms. The process cannot access the file 'D:\Techstdio\Arnob-MediPos\MediPos\Application\bin\Debug\net10.0\Shared.pdb' because it is being used by another process. The file is locked by: "Microsoft Visual Studio (14424)" [D:\Techstdio\Arnob-MediPos\MediPos\Application\Application.csproj]
C:\Program Files\dotnet\sdk\10.0.102\Microsoft.Common.CurrentVersion.targets(5080,5): warning MSB3026: Could not copy "D:\Techstdio\Arnob-MediPos\MediPos\Services.Contracts\bin\Debug\net10.0\Services.Contracts.pdb" to "bin\Debug\net10.0\Services.Contracts.pdb". Beginning retry 5 in 1000ms. The process cannot access the file 'D:\Techstdio\Arnob-MediPos\MediPos\Application\bin\Debug\net10.0\Services.Contracts.pdb' because it is being used by another process. The file is locked by: "Microsoft Visual Studio (14424)" [D:\Techstdio\Arnob-MediPos\MediPos\Application\Application.csproj]
C:\Program Files\dotnet\sdk\10.0.102\Microsoft.Common.CurrentVersion.targets(5080,5): warning MSB3026: Could not copy "D:\Techstdio\Arnob-MediPos\MediPos\Shared\bin\Debug\net10.0\Shared.pdb" to "bin\Debug\net10.0\Shared.pdb". Beginning retry 5 in 1000ms. The process cannot access the file 'D:\Techstdio\Arnob-MediPos\MediPos\Application\bin\Debug\net10.0\Shared.pdb' because it is being used by another process. The file is locked by: "Microsoft Visual Studio (14424)" [D:\Techstdio\Arnob-MediPos\MediPos\Application\Application.csproj]
C:\Program Files\dotnet\sdk\10.0.102\Microsoft.Common.CurrentVersion.targets(5080,5): warning MSB3026: Could not copy "D:\Techstdio\Arnob-MediPos\MediPos\Services.Contracts\bin\Debug\net10.0\Services.Contracts.pdb" to "bin\Debug\net10.0\Services.Contracts.pdb". Beginning retry 6 in 1000ms. The process cannot access the file 'D:\Techstdio\Arnob-MediPos\MediPos\Application\bin\Debug\net10.0\Services.Contracts.pdb' because it is being used by another process. The file is locked by: "Microsoft Visual Studio (14424)" [D:\Techstdio\Arnob-MediPos\MediPos\Application\Application.csproj]
C:\Program Files\dotnet\sdk\10.0.102\Microsoft.Common.CurrentVersion.targets(5080,5): warning MSB3026: Could not copy "D:\Techstdio\Arnob-MediPos\MediPos\Shared\bin\Debug\net10.0\Shared.pdb" to "bin\Debug\net10.0\Shared.pdb". Beginning retry 6 in 1000ms. The process cannot access the file 'D:\Techstdio\Arnob-MediPos\MediPos\Application\bin\Debug\net10.0\Shared.pdb' because it is being used by another process. The file is locked by: "Microsoft Visual Studio (14424)" [D:\Techstdio\Arnob-MediPos\MediPos\Application\Application.csproj]
C:\Program Files\dotnet\sdk\10.0.102\Microsoft.Common.CurrentVersion.targets(5080,5): warning MSB3026: Could not copy "D:\Techstdio\Arnob-MediPos\MediPos\Services.Contracts\bin\Debug\net10.0\Services.Contracts.pdb" to "bin\Debug\net10.0\Services.Contracts.pdb". Beginning retry 7 in 1000ms. The process cannot access the file 'D:\Techstdio\Arnob-MediPos\MediPos\Application\bin\Debug\net10.0\Services.Contracts.pdb' because it is being used by another process. The file is locked by: "Microsoft Visual Studio (14424)" [D:\Techstdio\Arnob-MediPos\MediPos\Application\Application.csproj]
C:\Program Files\dotnet\sdk\10.0.102\Microsoft.Common.CurrentVersion.targets(5080,5): warning MSB3026: Could not copy "D:\Techstdio\Arnob-MediPos\MediPos\Shared\bin\Debug\net10.0\Shared.pdb" to "bin\Debug\net10.0\Shared.pdb". Beginning retry 7 in 1000ms. The process cannot access the file 'D:\Techstdio\Arnob-MediPos\MediPos\Application\bin\Debug\net10.0\Shared.pdb' because it is being used by another process. The file is locked by: "Microsoft Visual Studio (14424)" [D:\Techstdio\Arnob-MediPos\MediPos\Application\Application.csproj]
C:\Program Files\dotnet\sdk\10.0.102\Microsoft.Common.CurrentVersion.targets(5080,5): warning MSB3026: Could not copy "D:\Techstdio\Arnob-MediPos\MediPos\Services.Contracts\bin\Debug\net10.0\Services.Contracts.pdb" to "bin\Debug\net10.0\Services.Contracts.pdb". Beginning retry 8 in 1000ms. The process cannot access the file 'D:\Techstdio\Arnob-MediPos\MediPos\Application\bin\Debug\net10.0\Services.Contracts.pdb' because it is being used by another process. The file is locked by: "Microsoft Visual Studio (14424)" [D:\Techstdio\Arnob-MediPos\MediPos\Application\Application.csproj]
C:\Program Files\dotnet\sdk\10.0.102\Microsoft.Common.CurrentVersion.targets(5080,5): warning MSB3026: Could not copy "D:\Techstdio\Arnob-MediPos\MediPos\Shared\bin\Debug\net10.0\Shared.pdb" to "bin\Debug\net10.0\Shared.pdb". Beginning retry 8 in 1000ms. The process cannot access the file 'D:\Techstdio\Arnob-MediPos\MediPos\Application\bin\Debug\net10.0\Shared.pdb' because it is being used by another process. The file is locked by: "Microsoft Visual Studio (14424)" [D:\Techstdio\Arnob-MediPos\MediPos\Application\Application.csproj]
C:\Program Files\dotnet\sdk\10.0.102\Microsoft.Common.CurrentVersion.targets(5080,5): warning MSB3026: Could not copy "D:\Techstdio\Arnob-MediPos\MediPos\Services.Contracts\bin\Debug\net10.0\Services.Contracts.pdb" to "bin\Debug\net10.0\Services.Contracts.pdb". Beginning retry 9 in 1000ms. The process cannot access the file 'D:\Techstdio\Arnob-MediPos\MediPos\Application\bin\Debug\net10.0\Services.Contracts.pdb' because it is being used by another process. The file is locked by: "Microsoft Visual Studio (14424)" [D:\Techstdio\Arnob-MediPos\MediPos\Application\Application.csproj]
C:\Program Files\dotnet\sdk\10.0.102\Microsoft.Common.CurrentVersion.targets(5080,5): warning MSB3026: Could not copy "D:\Techstdio\Arnob-MediPos\MediPos\Shared\bin\Debug\net10.0\Shared.pdb" to "bin\Debug\net10.0\Shared.pdb". Beginning retry 9 in 1000ms. The process cannot access the file 'D:\Techstdio\Arnob-MediPos\MediPos\Application\bin\Debug\net10.0\Shared.pdb' because it is being used by another process. The file is locked by: "Microsoft Visual Studio (14424)" [D:\Techstdio\Arnob-MediPos\MediPos\Application\Application.csproj]
C:\Program Files\dotnet\sdk\10.0.102\Microsoft.Common.CurrentVersion.targets(5080,5): warning MSB3026: Could not copy "D:\Techstdio\Arnob-MediPos\MediPos\Services.Contracts\bin\Debug\net10.0\Services.Contracts.pdb" to "bin\Debug\net10.0\Services.Contracts.pdb". Beginning retry 10 in 1000ms. The process cannot access the file 'D:\Techstdio\Arnob-MediPos\MediPos\Application\bin\Debug\net10.0\Services.Contracts.pdb' because it is being used by another process. The file is locked by: "Microsoft Visual Studio (14424)" [D:\Techstdio\Arnob-MediPos\MediPos\Application\Application.csproj]
C:\Program Files\dotnet\sdk\10.0.102\Microsoft.Common.CurrentVersion.targets(5080,5): warning MSB3026: Could not copy "D:\Techstdio\Arnob-MediPos\MediPos\Shared\bin\Debug\net10.0\Shared.pdb" to "bin\Debug\net10.0\Shared.pdb". Beginning retry 10 in 1000ms. The process cannot access the file 'D:\Techstdio\Arnob-MediPos\MediPos\Application\bin\Debug\net10.0\Shared.pdb' because it is being used by another process. The file is locked by: "Microsoft Visual Studio (14424)" [D:\Techstdio\Arnob-MediPos\MediPos\Application\Application.csproj]
C:\Program Files\dotnet\sdk\10.0.102\Microsoft.Common.CurrentVersion.targets(5080,5): error MSB3027: Could not copy "D:\Techstdio\Arnob-MediPos\MediPos\Repositories.Contracts\bin\Debug\net10.0\Repositories.Contracts.dll" to "bin\Debug\net10.0\Repositories.Contracts.dll". Exceeded retry count of 10. Failed. The file is locked by: "Application (36744)" [D:\Techstdio\Arnob-MediPos\MediPos\Application\Application.csproj]
C:\Program Files\dotnet\sdk\10.0.102\Microsoft.Common.CurrentVersion.targets(5080,5): error MSB3021: Unable to copy file "D:\Techstdio\Arnob-MediPos\MediPos\Repositories.Contracts\bin\Debug\net10.0\Repositories.Contracts.dll" to "bin\Debug\net10.0\Repositories.Contracts.dll". The process cannot access the file 'D:\Techstdio\Arnob-MediPos\MediPos\Application\bin\Debug\net10.0\Repositories.Contracts.dll' because it is being used by another process. [D:\Techstdio\Arnob-MediPos\MediPos\Application\Application.csproj]
C:\Program Files\dotnet\sdk\10.0.102\Microsoft.Common.CurrentVersion.targets(5080,5): error MSB3027: Could not copy "D:\Techstdio\Arnob-MediPos\MediPos\Services.Contracts\bin\Debug\net10.0\Services.Contracts.dll" to "bin\Debug\net10.0\Services.Contracts.dll". Exceeded retry count of 10. Failed. The file is locked by: "Application (36744)" [D:\Techstdio\Arnob-MediPos\MediPos\Application\Application.csproj]
C:\Program Files\dotnet\sdk\10.0.102\Microsoft.Common.CurrentVersion.targets(5080,5): error MSB3021: Unable to copy file "D:\Techstdio\Arnob-MediPos\MediPos\Services.Contracts\bin\Debug\net10.0\Services.Contracts.dll" to "bin\Debug\net10.0\Services.Contracts.dll". The process cannot access the file 'D:\Techstdio\Arnob-MediPos\MediPos\Application\bin\Debug\net10.0\Services.Contracts.dll' because it is being used by another process. [D:\Techstdio\Arnob-MediPos\MediPos\Application\Application.csproj]
C:\Program Files\dotnet\sdk\10.0.102\Microsoft.Common.CurrentVersion.targets(5080,5): error MSB3027: Could not copy "D:\Techstdio\Arnob-MediPos\MediPos\Domain\bin\Debug\net10.0\Domain.dll" to "bin\Debug\net10.0\Domain.dll". Exceeded retry count of 10. Failed. The file is locked by: "Microsoft Visual Studio (14424), Application (36744)" [D:\Techstdio\Arnob-MediPos\MediPos\Application\Application.csproj]
C:\Program Files\dotnet\sdk\10.0.102\Microsoft.Common.CurrentVersion.targets(5080,5): error MSB3021: Unable to copy file "D:\Techstdio\Arnob-MediPos\MediPos\Domain\bin\Debug\net10.0\Domain.dll" to "bin\Debug\net10.0\Domain.dll". The process cannot access the file 'D:\Techstdio\Arnob-MediPos\MediPos\Application\bin\Debug\net10.0\Domain.dll' because it is being used by another process. [D:\Techstdio\Arnob-MediPos\MediPos\Application\Application.csproj]
C:\Program Files\dotnet\sdk\10.0.102\Microsoft.Common.CurrentVersion.targets(5080,5): error MSB3027: Could not copy "D:\Techstdio\Arnob-MediPos\MediPos\Repositories.Concretes\bin\Debug\net10.0\Repositories.Concretes.dll" to "bin\Debug\net10.0\Repositories.Concretes.dll". Exceeded retry count of 10. Failed. The file is locked by: "Microsoft Visual Studio (14424), Application (36744)" [D:\Techstdio\Arnob-MediPos\MediPos\Application\Application.csproj]
C:\Program Files\dotnet\sdk\10.0.102\Microsoft.Common.CurrentVersion.targets(5080,5): error MSB3021: Unable to copy file "D:\Techstdio\Arnob-MediPos\MediPos\Repositories.Concretes\bin\Debug\net10.0\Repositories.Concretes.dll" to "bin\Debug\net10.0\Repositories.Concretes.dll". The process cannot access the file 'D:\Techstdio\Arnob-MediPos\MediPos\Application\bin\Debug\net10.0\Repositories.Concretes.dll' because it is being used by another process. [D:\Techstdio\Arnob-MediPos\MediPos\Application\Application.csproj]
C:\Program Files\dotnet\sdk\10.0.102\Microsoft.Common.CurrentVersion.targets(5080,5): error MSB3027: Could not copy "D:\Techstdio\Arnob-MediPos\MediPos\Services.Concretes\bin\Debug\net10.0\Services.Concretes.dll" to "bin\Debug\net10.0\Services.Concretes.dll". Exceeded retry count of 10. Failed. The file is locked by: "Microsoft Visual Studio (14424), Application (36744)" [D:\Techstdio\Arnob-MediPos\MediPos\Application\Application.csproj]
C:\Program Files\dotnet\sdk\10.0.102\Microsoft.Common.CurrentVersion.targets(5080,5): error MSB3021: Unable to copy file "D:\Techstdio\Arnob-MediPos\MediPos\Services.Concretes\bin\Debug\net10.0\Services.Concretes.dll" to "bin\Debug\net10.0\Services.Concretes.dll". The process cannot access the file 'D:\Techstdio\Arnob-MediPos\MediPos\Application\bin\Debug\net10.0\Services.Concretes.dll' because it is being used by another process. [D:\Techstdio\Arnob-MediPos\MediPos\Application\Application.csproj]
C:\Program Files\dotnet\sdk\10.0.102\Microsoft.Common.CurrentVersion.targets(5080,5): error MSB3027: Could not copy "D:\Techstdio\Arnob-MediPos\MediPos\Presentation.API\bin\Debug\net10.0\Presentation.API.dll" to "bin\Debug\net10.0\Presentation.API.dll". Exceeded retry count of 10. Failed. The file is locked by: "Microsoft Visual Studio (14424), Application (36744)" [D:\Techstdio\Arnob-MediPos\MediPos\Application\Application.csproj]
C:\Program Files\dotnet\sdk\10.0.102\Microsoft.Common.CurrentVersion.targets(5080,5): error MSB3021: Unable to copy file "D:\Techstdio\Arnob-MediPos\MediPos\Presentation.API\bin\Debug\net10.0\Presentation.API.dll" to "bin\Debug\net10.0\Presentation.API.dll". The process cannot access the file 'D:\Techstdio\Arnob-MediPos\MediPos\Application\bin\Debug\net10.0\Presentation.API.dll' because it is being used by another process. [D:\Techstdio\Arnob-MediPos\MediPos\Application\Application.csproj]
C:\Program Files\dotnet\sdk\10.0.102\Microsoft.Common.CurrentVersion.targets(5080,5): error MSB3027: Could not copy "D:\Techstdio\Arnob-MediPos\MediPos\Domain\bin\Debug\net10.0\Domain.pdb" to "bin\Debug\net10.0\Domain.pdb". Exceeded retry count of 10. Failed. The file is locked by: "Microsoft Visual Studio (14424)" [D:\Techstdio\Arnob-MediPos\MediPos\Application\Application.csproj]
C:\Program Files\dotnet\sdk\10.0.102\Microsoft.Common.CurrentVersion.targets(5080,5): error MSB3021: Unable to copy file "D:\Techstdio\Arnob-MediPos\MediPos\Domain\bin\Debug\net10.0\Domain.pdb" to "bin\Debug\net10.0\Domain.pdb". The process cannot access the file 'D:\Techstdio\Arnob-MediPos\MediPos\Application\bin\Debug\net10.0\Domain.pdb' because it is being used by another process. [D:\Techstdio\Arnob-MediPos\MediPos\Application\Application.csproj]
C:\Program Files\dotnet\sdk\10.0.102\Microsoft.Common.CurrentVersion.targets(5080,5): error MSB3027: Could not copy "D:\Techstdio\Arnob-MediPos\MediPos\Shared\bin\Debug\net10.0\Shared.dll" to "bin\Debug\net10.0\Shared.dll". Exceeded retry count of 10. Failed. The file is locked by: "Microsoft Visual Studio (14424), Application (36744)" [D:\Techstdio\Arnob-MediPos\MediPos\Application\Application.csproj]
C:\Program Files\dotnet\sdk\10.0.102\Microsoft.Common.CurrentVersion.targets(5080,5): error MSB3021: Unable to copy file "D:\Techstdio\Arnob-MediPos\MediPos\Shared\bin\Debug\net10.0\Shared.dll" to "bin\Debug\net10.0\Shared.dll". The process cannot access the file 'D:\Techstdio\Arnob-MediPos\MediPos\Application\bin\Debug\net10.0\Shared.dll' because it is being used by another process. [D:\Techstdio\Arnob-MediPos\MediPos\Application\Application.csproj]
C:\Program Files\dotnet\sdk\10.0.102\Microsoft.Common.CurrentVersion.targets(5080,5): error MSB3027: Could not copy "D:\Techstdio\Arnob-MediPos\MediPos\Presentation.API\bin\Debug\net10.0\Presentation.API.pdb" to "bin\Debug\net10.0\Presentation.API.pdb". Exceeded retry count of 10. Failed. The file is locked by: "Microsoft Visual Studio (14424)" [D:\Techstdio\Arnob-MediPos\MediPos\Application\Application.csproj]
C:\Program Files\dotnet\sdk\10.0.102\Microsoft.Common.CurrentVersion.targets(5080,5): error MSB3021: Unable to copy file "D:\Techstdio\Arnob-MediPos\MediPos\Presentation.API\bin\Debug\net10.0\Presentation.API.pdb" to "bin\Debug\net10.0\Presentation.API.pdb". The process cannot access the file 'D:\Techstdio\Arnob-MediPos\MediPos\Application\bin\Debug\net10.0\Presentation.API.pdb' because it is being used by another process. [D:\Techstdio\Arnob-MediPos\MediPos\Application\Application.csproj]
C:\Program Files\dotnet\sdk\10.0.102\Microsoft.Common.CurrentVersion.targets(5080,5): error MSB3027: Could not copy "D:\Techstdio\Arnob-MediPos\MediPos\Services.Concretes\bin\Debug\net10.0\Services.Concretes.pdb" to "bin\Debug\net10.0\Services.Concretes.pdb". Exceeded retry count of 10. Failed. The file is locked by: "Microsoft Visual Studio (14424)" [D:\Techstdio\Arnob-MediPos\MediPos\Application\Application.csproj]
C:\Program Files\dotnet\sdk\10.0.102\Microsoft.Common.CurrentVersion.targets(5080,5): error MSB3021: Unable to copy file "D:\Techstdio\Arnob-MediPos\MediPos\Services.Concretes\bin\Debug\net10.0\Services.Concretes.pdb" to "bin\Debug\net10.0\Services.Concretes.pdb". The process cannot access the file 'D:\Techstdio\Arnob-MediPos\MediPos\Application\bin\Debug\net10.0\Services.Concretes.pdb' because it is being used by another process. [D:\Techstdio\Arnob-MediPos\MediPos\Application\Application.csproj]
C:\Program Files\dotnet\sdk\10.0.102\Microsoft.Common.CurrentVersion.targets(5080,5): error MSB3027: Could not copy "D:\Techstdio\Arnob-MediPos\MediPos\Repositories.Contracts\bin\Debug\net10.0\Repositories.Contracts.pdb" to "bin\Debug\net10.0\Repositories.Contracts.pdb". Exceeded retry count of 10. Failed. The file is locked by: "Microsoft Visual Studio (14424)" [D:\Techstdio\Arnob-MediPos\MediPos\Application\Application.csproj]
C:\Program Files\dotnet\sdk\10.0.102\Microsoft.Common.CurrentVersion.targets(5080,5): error MSB3021: Unable to copy file "D:\Techstdio\Arnob-MediPos\MediPos\Repositories.Contracts\bin\Debug\net10.0\Repositories.Contracts.pdb" to "bin\Debug\net10.0\Repositories.Contracts.pdb". The process cannot access the file 'D:\Techstdio\Arnob-MediPos\MediPos\Application\bin\Debug\net10.0\Repositories.Contracts.pdb' because it is being used by another process. [D:\Techstdio\Arnob-MediPos\MediPos\Application\Application.csproj]
C:\Program Files\dotnet\sdk\10.0.102\Microsoft.Common.CurrentVersion.targets(5080,5): error MSB3027: Could not copy "D:\Techstdio\Arnob-MediPos\MediPos\Repositories.Concretes\bin\Debug\net10.0\Repositories.Concretes.pdb" to "bin\Debug\net10.0\Repositories.Concretes.pdb". Exceeded retry count of 10. Failed. The file is locked by: "Microsoft Visual Studio (14424)" [D:\Techstdio\Arnob-MediPos\MediPos\Application\Application.csproj]
C:\Program Files\dotnet\sdk\10.0.102\Microsoft.Common.CurrentVersion.targets(5080,5): error MSB3021: Unable to copy file "D:\Techstdio\Arnob-MediPos\MediPos\Repositories.Concretes\bin\Debug\net10.0\Repositories.Concretes.pdb" to "bin\Debug\net10.0\Repositories.Concretes.pdb". The process cannot access the file 'D:\Techstdio\Arnob-MediPos\MediPos\Application\bin\Debug\net10.0\Repositories.Concretes.pdb' because it is being used by another process. [D:\Techstdio\Arnob-MediPos\MediPos\Application\Application.csproj]
C:\Program Files\dotnet\sdk\10.0.102\Microsoft.Common.CurrentVersion.targets(5080,5): error MSB3027: Could not copy "D:\Techstdio\Arnob-MediPos\MediPos\Services.Contracts\bin\Debug\net10.0\Services.Contracts.pdb" to "bin\Debug\net10.0\Services.Contracts.pdb". Exceeded retry count of 10. Failed. The file is locked by: "Microsoft Visual Studio (14424)" [D:\Techstdio\Arnob-MediPos\MediPos\Application\Application.csproj]
C:\Program Files\dotnet\sdk\10.0.102\Microsoft.Common.CurrentVersion.targets(5080,5): error MSB3021: Unable to copy file "D:\Techstdio\Arnob-MediPos\MediPos\Services.Contracts\bin\Debug\net10.0\Services.Contracts.pdb" to "bin\Debug\net10.0\Services.Contracts.pdb". The process cannot access the file 'D:\Techstdio\Arnob-MediPos\MediPos\Application\bin\Debug\net10.0\Services.Contracts.pdb' because it is being used by another process. [D:\Techstdio\Arnob-MediPos\MediPos\Application\Application.csproj]
C:\Program Files\dotnet\sdk\10.0.102\Microsoft.Common.CurrentVersion.targets(5080,5): error MSB3027: Could not copy "D:\Techstdio\Arnob-MediPos\MediPos\Shared\bin\Debug\net10.0\Shared.pdb" to "bin\Debug\net10.0\Shared.pdb". Exceeded retry count of 10. Failed. The file is locked by: "Microsoft Visual Studio (14424)" [D:\Techstdio\Arnob-MediPos\MediPos\Application\Application.csproj]
C:\Program Files\dotnet\sdk\10.0.102\Microsoft.Common.CurrentVersion.targets(5080,5): error MSB3021: Unable to copy file "D:\Techstdio\Arnob-MediPos\MediPos\Shared\bin\Debug\net10.0\Shared.pdb" to "bin\Debug\net10.0\Shared.pdb". The process cannot access the file 'D:\Techstdio\Arnob-MediPos\MediPos\Application\bin\Debug\net10.0\Shared.pdb' because it is being used by another process. [D:\Techstdio\Arnob-MediPos\MediPos\Application\Application.csproj]
    140 Warning(s)
    28 Error(s)

Time Elapsed 00:00:36.54
